nohup: 忽略输入
Which python?
/home/oyys/anaconda3/envs/mamba/bin/python
Current Directory: 
/home/oyys/code/U-Mamba/AutoPhaseNN
Dataset path /data_ssd/oyys/autophasenn
supervised_on_defect_free_data
Saving path /data_ssd/oyys/autophasenn/Unsupfalse_Dfalse_Ufalse_T0.1_comb2_batch8_plateau_Init1e-3_adam_scale1
Starting script 
 pytorch version: 2.2.2
device: cuda
OutputFolder: /data_ssd/oyys/autophasenn/Unsupfalse_Dfalse_Ufalse_T0.1_comb2_batch8_plateau_Init1e-3_adam_scale1
model_name: umamba
checkpoint: /data_ssd/oyys/autophasenn/Unsupfalse_D_U_T0.1_comb2_batch8_plateau_Init1e-3_adam_scale1/best_model.pt
DataFolder: /data_ssd/oyys/autophasenn
data_train_diff: train_diff.npy
data_train_real: train_real.npy
data_val_diff: val_diff.npy
num_samples_train: 25000
num_samples_val: 5000
data_val_real: val_real.npy
batch_size: 8
epoch: 100
train_size: 25000
train_perc: 0.9
loss_type: comb2
Initlr: 0.001
lr_type: plateau
clr_step_epochs: 6.0
optim_type: adam
num_workers: 8
save_model: 10
num_threads: 0
fp16: False
seed: 42
notes: supervised_on_defect_free_data
shape: 64
T: 0.1
nconv: 32
use_down_stride: True
use_up_stride: True
n_blocks: 4
unsupervise: True
scale_I: 1
use device: cuda
Torch Thread setup: 
 Number of threads:  1
{'num_workers': 8, 'pin_memory': True, 'prefetch_factor': 2, 'persistent_workers': True}
feature_map_sizes: [[64, 64, 64], [32, 32, 32], [16, 16, 16], [8, 8, 8]]
do_channel_token: [False, False, False, False]
MambaLayer: dim: 32
MambaLayer: dim: 64
MambaLayer: dim: 128
MambaLayer: dim: 256
deep_supervision: False
✅ 成功加载检查点文件：/data_ssd/oyys/autophasenn/Unsupfalse_D_U_T0.1_comb2_batch8_plateau_Init1e-3_adam_scale1/best_model.pt
✅ 模型权重加载完成！缺失层: 0, 多余层: 0
🔍 训练模式：断点续训
model parameters: 10419270
✅ 优化器状态已恢复
✅ 学习率调度器状态已恢复
✅ 将从 epoch 26 继续训练 | global_step=78125
Epoch[26] Batch[1/3125] | Loss: 3.6848e+00 | Grad: True  | Update: True  | Elapsed: 0:00:02 | ETA: 2:11:31
Epoch[26] Batch[101/3125] | Loss: 3.7570e+00 | Grad: True  | Update: True  | Elapsed: 0:01:02 | ETA: 0:31:09
Epoch[26] Batch[201/3125] | Loss: 3.6153e+00 | Grad: True  | Update: True  | Elapsed: 0:02:02 | ETA: 0:29:40
Epoch[26] Batch[301/3125] | Loss: 3.6443e+00 | Grad: True  | Update: True  | Elapsed: 0:03:02 | ETA: 0:28:31
Epoch[26] Batch[401/3125] | Loss: 3.6152e+00 | Grad: True  | Update: True  | Elapsed: 0:04:02 | ETA: 0:27:26
Epoch[26] Batch[501/3125] | Loss: 4.0139e+00 | Grad: True  | Update: True  | Elapsed: 0:05:02 | ETA: 0:26:22
Epoch[26] Batch[601/3125] | Loss: 3.6478e+00 | Grad: True  | Update: True  | Elapsed: 0:06:02 | ETA: 0:25:20
Epoch[26] Batch[701/3125] | Loss: 3.8097e+00 | Grad: True  | Update: True  | Elapsed: 0:07:02 | ETA: 0:24:19
Epoch[26] Batch[801/3125] | Loss: 3.8107e+00 | Grad: True  | Update: True  | Elapsed: 0:08:01 | ETA: 0:23:18
Epoch[26] Batch[901/3125] | Loss: 3.7573e+00 | Grad: True  | Update: True  | Elapsed: 0:09:01 | ETA: 0:22:17
Epoch[26] Batch[1001/3125] | Loss: 3.9595e+00 | Grad: True  | Update: True  | Elapsed: 0:10:01 | ETA: 0:21:16
Epoch[26] Batch[1101/3125] | Loss: 3.8828e+00 | Grad: True  | Update: True  | Elapsed: 0:11:01 | ETA: 0:20:16
Epoch[26] Batch[1201/3125] | Loss: 3.6838e+00 | Grad: True  | Update: True  | Elapsed: 0:12:01 | ETA: 0:19:15
Epoch[26] Batch[1301/3125] | Loss: 3.7600e+00 | Grad: True  | Update: True  | Elapsed: 0:13:01 | ETA: 0:18:15
Epoch[26] Batch[1401/3125] | Loss: 3.7934e+00 | Grad: True  | Update: True  | Elapsed: 0:14:01 | ETA: 0:17:14
Epoch[26] Batch[1501/3125] | Loss: 4.1713e+00 | Grad: True  | Update: True  | Elapsed: 0:15:00 | ETA: 0:16:14
Epoch[26] Batch[1601/3125] | Loss: 3.6353e+00 | Grad: True  | Update: True  | Elapsed: 0:16:00 | ETA: 0:15:14
Epoch[26] Batch[1701/3125] | Loss: 3.8598e+00 | Grad: True  | Update: True  | Elapsed: 0:17:00 | ETA: 0:14:14
Epoch[26] Batch[1801/3125] | Loss: 3.8495e+00 | Grad: True  | Update: True  | Elapsed: 0:18:00 | ETA: 0:13:14
Epoch[26] Batch[1901/3125] | Loss: 3.8432e+00 | Grad: True  | Update: True  | Elapsed: 0:19:00 | ETA: 0:12:14
Epoch[26] Batch[2001/3125] | Loss: 3.8346e+00 | Grad: True  | Update: True  | Elapsed: 0:20:00 | ETA: 0:11:14
Epoch[26] Batch[2101/3125] | Loss: 3.6678e+00 | Grad: True  | Update: True  | Elapsed: 0:21:00 | ETA: 0:10:14
Epoch[26] Batch[2201/3125] | Loss: 3.8237e+00 | Grad: True  | Update: True  | Elapsed: 0:22:00 | ETA: 0:09:14
Epoch[26] Batch[2301/3125] | Loss: 3.9311e+00 | Grad: True  | Update: True  | Elapsed: 0:23:00 | ETA: 0:08:14
Epoch[26] Batch[2401/3125] | Loss: 3.9364e+00 | Grad: True  | Update: True  | Elapsed: 0:24:00 | ETA: 0:07:14
Epoch[26] Batch[2501/3125] | Loss: 3.7419e+00 | Grad: True  | Update: True  | Elapsed: 0:25:00 | ETA: 0:06:14
Epoch[26] Batch[2601/3125] | Loss: 3.6418e+00 | Grad: True  | Update: True  | Elapsed: 0:26:00 | ETA: 0:05:14
Epoch[26] Batch[2701/3125] | Loss: 3.9984e+00 | Grad: True  | Update: True  | Elapsed: 0:27:00 | ETA: 0:04:14
Epoch[26] Batch[2801/3125] | Loss: 3.7685e+00 | Grad: True  | Update: True  | Elapsed: 0:28:00 | ETA: 0:03:14
Epoch[26] Batch[2901/3125] | Loss: 3.8327e+00 | Grad: True  | Update: True  | Elapsed: 0:29:00 | ETA: 0:02:14
Epoch[26] Batch[3001/3125] | Loss: 4.0626e+00 | Grad: True  | Update: True  | Elapsed: 0:30:00 | ETA: 0:01:14
Epoch[26] Batch[3101/3125] | Loss: 3.9600e+00 | Grad: True  | Update: True  | Elapsed: 0:30:59 | ETA: 0:00:14

================================================================================
✅ Epoch 26 完成 | 总耗时: 1874.32s | 平均 Loss: 3.8263e+00
================================================================================

Validation Epoch [26] | Batch [100/625] | L1: 4.0264e+00 | MAE: 2.6367e+00 | MSE: 3.5430e-02 | PCC: 1.6037e-02
Validation Epoch [26] | Batch [200/625] | L1: 3.9235e+00 | MAE: 2.6538e+00 | MSE: 4.3650e-02 | PCC: 1.9968e-02
Validation Epoch [26] | Batch [300/625] | L1: 4.0269e+00 | MAE: 2.6613e+00 | MSE: 3.7577e-02 | PCC: 1.6936e-02
Validation Epoch [26] | Batch [400/625] | L1: 3.9382e+00 | MAE: 2.7059e+00 | MSE: 4.3006e-02 | PCC: 1.9211e-02
Validation Epoch [26] | Batch [500/625] | L1: 4.0611e+00 | MAE: 2.9575e+00 | MSE: 6.1059e-02 | PCC: 2.8244e-02
Validation Epoch [26] | Batch [600/625] | L1: 4.1208e+00 | MAE: 2.8044e+00 | MSE: 4.5711e-02 | PCC: 2.0160e-02
Validation Epoch [26] | Batch [625/625] | L1: 3.6852e+00 | MAE: 2.7843e+00 | MSE: 4.5035e-02 | PCC: 2.0844e-02

================================================================================
✅ Epoch 26 验证完成
📉 平均损失:
   MAE:   2.7255e+00 | MSE:   4.3745e-02
   Huber: 3.5487e+00 | PCC:   1.9750e-02
   Comb:  3.1748e-02 | Comb2: 1.1399e-01
================================================================================

Epoch[27] Batch[1/3125] | Loss: 3.7129e+00 | Grad: True  | Update: True  | Elapsed: 0:00:01 | ETA: 0:52:40
Epoch[27] Batch[101/3125] | Loss: 3.7619e+00 | Grad: True  | Update: True  | Elapsed: 0:01:00 | ETA: 0:30:25
Epoch[27] Batch[201/3125] | Loss: 3.5735e+00 | Grad: True  | Update: True  | Elapsed: 0:02:00 | ETA: 0:29:19
Epoch[27] Batch[301/3125] | Loss: 3.6580e+00 | Grad: True  | Update: True  | Elapsed: 0:03:00 | ETA: 0:28:17
Epoch[27] Batch[401/3125] | Loss: 3.6388e+00 | Grad: True  | Update: True  | Elapsed: 0:04:00 | ETA: 0:27:16
Epoch[27] Batch[501/3125] | Loss: 4.0167e+00 | Grad: True  | Update: True  | Elapsed: 0:05:00 | ETA: 0:26:16
Epoch[27] Batch[601/3125] | Loss: 3.6264e+00 | Grad: True  | Update: True  | Elapsed: 0:06:00 | ETA: 0:25:15
Epoch[27] Batch[701/3125] | Loss: 3.7900e+00 | Grad: True  | Update: True  | Elapsed: 0:07:00 | ETA: 0:24:15
Epoch[27] Batch[801/3125] | Loss: 3.8153e+00 | Grad: True  | Update: True  | Elapsed: 0:08:01 | ETA: 0:23:15
Epoch[27] Batch[901/3125] | Loss: 3.7314e+00 | Grad: True  | Update: True  | Elapsed: 0:09:01 | ETA: 0:22:15
Epoch[27] Batch[1001/3125] | Loss: 3.9535e+00 | Grad: True  | Update: True  | Elapsed: 0:10:01 | ETA: 0:21:15
Epoch[27] Batch[1101/3125] | Loss: 3.8862e+00 | Grad: True  | Update: True  | Elapsed: 0:11:01 | ETA: 0:20:15
Epoch[27] Batch[1201/3125] | Loss: 3.6590e+00 | Grad: True  | Update: True  | Elapsed: 0:12:00 | ETA: 0:19:14
Epoch[27] Batch[1301/3125] | Loss: 3.7808e+00 | Grad: True  | Update: True  | Elapsed: 0:13:01 | ETA: 0:18:15
Epoch[27] Batch[1401/3125] | Loss: 3.7472e+00 | Grad: True  | Update: True  | Elapsed: 0:14:01 | ETA: 0:17:15
Epoch[27] Batch[1501/3125] | Loss: 4.1856e+00 | Grad: True  | Update: True  | Elapsed: 0:15:01 | ETA: 0:16:14
Epoch[27] Batch[1601/3125] | Loss: 3.6278e+00 | Grad: True  | Update: True  | Elapsed: 0:16:01 | ETA: 0:15:14
Epoch[27] Batch[1701/3125] | Loss: 3.8538e+00 | Grad: True  | Update: True  | Elapsed: 0:17:01 | ETA: 0:14:14
Epoch[27] Batch[1801/3125] | Loss: 3.9021e+00 | Grad: True  | Update: True  | Elapsed: 0:18:01 | ETA: 0:13:14
Epoch[27] Batch[1901/3125] | Loss: 3.8345e+00 | Grad: True  | Update: True  | Elapsed: 0:19:01 | ETA: 0:12:14
Epoch[27] Batch[2001/3125] | Loss: 3.8001e+00 | Grad: True  | Update: True  | Elapsed: 0:20:00 | ETA: 0:11:14
Epoch[27] Batch[2101/3125] | Loss: 3.6270e+00 | Grad: True  | Update: True  | Elapsed: 0:21:00 | ETA: 0:10:14
Epoch[27] Batch[2201/3125] | Loss: 3.8039e+00 | Grad: True  | Update: True  | Elapsed: 0:22:00 | ETA: 0:09:14
Epoch[27] Batch[2301/3125] | Loss: 3.8636e+00 | Grad: True  | Update: True  | Elapsed: 0:23:00 | ETA: 0:08:14
Epoch[27] Batch[2401/3125] | Loss: 3.9498e+00 | Grad: True  | Update: True  | Elapsed: 0:24:00 | ETA: 0:07:14
Epoch[27] Batch[2501/3125] | Loss: 3.7161e+00 | Grad: True  | Update: True  | Elapsed: 0:25:00 | ETA: 0:06:14
Epoch[27] Batch[2601/3125] | Loss: 3.6600e+00 | Grad: True  | Update: True  | Elapsed: 0:26:00 | ETA: 0:05:14
Epoch[27] Batch[2701/3125] | Loss: 3.9606e+00 | Grad: True  | Update: True  | Elapsed: 0:27:00 | ETA: 0:04:14
Epoch[27] Batch[2801/3125] | Loss: 3.7826e+00 | Grad: True  | Update: True  | Elapsed: 0:28:00 | ETA: 0:03:14
Epoch[27] Batch[2901/3125] | Loss: 3.8315e+00 | Grad: True  | Update: True  | Elapsed: 0:29:00 | ETA: 0:02:14
Epoch[27] Batch[3001/3125] | Loss: 4.0480e+00 | Grad: True  | Update: True  | Elapsed: 0:30:00 | ETA: 0:01:14
Epoch[27] Batch[3101/3125] | Loss: 3.9307e+00 | Grad: True  | Update: True  | Elapsed: 0:31:00 | ETA: 0:00:14

================================================================================
✅ Epoch 27 完成 | 总耗时: 1874.62s | 平均 Loss: 3.8200e+00
================================================================================

Validation Epoch [27] | Batch [100/625] | L1: 4.0093e+00 | MAE: 2.6254e+00 | MSE: 3.4813e-02 | PCC: 1.6133e-02
Validation Epoch [27] | Batch [200/625] | L1: 3.9410e+00 | MAE: 2.6651e+00 | MSE: 4.3584e-02 | PCC: 2.0236e-02
Validation Epoch [27] | Batch [300/625] | L1: 4.0075e+00 | MAE: 2.6487e+00 | MSE: 3.7696e-02 | PCC: 1.7174e-02
Validation Epoch [27] | Batch [400/625] | L1: 3.9287e+00 | MAE: 2.7006e+00 | MSE: 4.1595e-02 | PCC: 1.9027e-02
Validation Epoch [27] | Batch [500/625] | L1: 4.0391e+00 | MAE: 2.9391e+00 | MSE: 6.0865e-02 | PCC: 2.8271e-02
Validation Epoch [27] | Batch [600/625] | L1: 4.0704e+00 | MAE: 2.7681e+00 | MSE: 4.3424e-02 | PCC: 1.9734e-02
Validation Epoch [27] | Batch [625/625] | L1: 3.6517e+00 | MAE: 2.7572e+00 | MSE: 4.3922e-02 | PCC: 2.0859e-02

================================================================================
✅ Epoch 27 验证完成
📉 平均损失:
   MAE:   2.7110e+00 | MSE:   4.2655e-02
   Huber: 3.5291e+00 | PCC:   1.9653e-02
   Comb:  3.1154e-02 | Comb2: 1.1261e-01
================================================================================

Epoch[28] Batch[1/3125] | Loss: 3.6909e+00 | Grad: True  | Update: True  | Elapsed: 0:00:00 | ETA: 0:36:48
Epoch[28] Batch[101/3125] | Loss: 3.7618e+00 | Grad: True  | Update: True  | Elapsed: 0:01:00 | ETA: 0:30:17
Epoch[28] Batch[201/3125] | Loss: 3.5719e+00 | Grad: True  | Update: True  | Elapsed: 0:02:00 | ETA: 0:29:15
Epoch[28] Batch[301/3125] | Loss: 3.6344e+00 | Grad: True  | Update: True  | Elapsed: 0:03:00 | ETA: 0:28:15
Epoch[28] Batch[401/3125] | Loss: 3.5906e+00 | Grad: True  | Update: True  | Elapsed: 0:04:00 | ETA: 0:27:13
Epoch[28] Batch[501/3125] | Loss: 3.9558e+00 | Grad: True  | Update: True  | Elapsed: 0:05:00 | ETA: 0:26:13
Epoch[28] Batch[601/3125] | Loss: 3.6255e+00 | Grad: True  | Update: True  | Elapsed: 0:06:00 | ETA: 0:25:12
Epoch[28] Batch[701/3125] | Loss: 3.8417e+00 | Grad: True  | Update: True  | Elapsed: 0:07:00 | ETA: 0:24:12
Epoch[28] Batch[801/3125] | Loss: 3.8067e+00 | Grad: True  | Update: True  | Elapsed: 0:08:00 | ETA: 0:23:13
Epoch[28] Batch[901/3125] | Loss: 3.7501e+00 | Grad: True  | Update: True  | Elapsed: 0:08:59 | ETA: 0:22:12
Epoch[28] Batch[1001/3125] | Loss: 3.9405e+00 | Grad: True  | Update: True  | Elapsed: 0:09:59 | ETA: 0:21:12
Epoch[28] Batch[1101/3125] | Loss: 3.8847e+00 | Grad: True  | Update: True  | Elapsed: 0:10:59 | ETA: 0:20:12
Epoch[28] Batch[1201/3125] | Loss: 3.6941e+00 | Grad: True  | Update: True  | Elapsed: 0:11:59 | ETA: 0:19:13
Epoch[28] Batch[1301/3125] | Loss: 3.7564e+00 | Grad: True  | Update: True  | Elapsed: 0:12:59 | ETA: 0:18:13
Epoch[28] Batch[1401/3125] | Loss: 3.7324e+00 | Grad: True  | Update: True  | Elapsed: 0:13:59 | ETA: 0:17:13
Epoch[28] Batch[1501/3125] | Loss: 4.1502e+00 | Grad: True  | Update: True  | Elapsed: 0:14:59 | ETA: 0:16:13
Epoch[28] Batch[1601/3125] | Loss: 3.6230e+00 | Grad: True  | Update: True  | Elapsed: 0:15:59 | ETA: 0:15:13
Epoch[28] Batch[1701/3125] | Loss: 3.8551e+00 | Grad: True  | Update: True  | Elapsed: 0:16:59 | ETA: 0:14:13
Epoch[28] Batch[1801/3125] | Loss: 3.8749e+00 | Grad: True  | Update: True  | Elapsed: 0:17:59 | ETA: 0:13:13
Epoch[28] Batch[1901/3125] | Loss: 3.8418e+00 | Grad: True  | Update: True  | Elapsed: 0:18:59 | ETA: 0:12:13
Epoch[28] Batch[2001/3125] | Loss: 3.8285e+00 | Grad: True  | Update: True  | Elapsed: 0:19:59 | ETA: 0:11:13
Epoch[28] Batch[2101/3125] | Loss: 3.6451e+00 | Grad: True  | Update: True  | Elapsed: 0:20:59 | ETA: 0:10:13
Epoch[28] Batch[2201/3125] | Loss: 3.7892e+00 | Grad: True  | Update: True  | Elapsed: 0:21:58 | ETA: 0:09:13
Epoch[28] Batch[2301/3125] | Loss: 3.8781e+00 | Grad: True  | Update: True  | Elapsed: 0:22:58 | ETA: 0:08:13
Epoch[28] Batch[2401/3125] | Loss: 3.9153e+00 | Grad: True  | Update: True  | Elapsed: 0:23:58 | ETA: 0:07:13
Epoch[28] Batch[2501/3125] | Loss: 3.6990e+00 | Grad: True  | Update: True  | Elapsed: 0:24:58 | ETA: 0:06:13
Epoch[28] Batch[2601/3125] | Loss: 3.6378e+00 | Grad: True  | Update: True  | Elapsed: 0:25:58 | ETA: 0:05:14
Epoch[28] Batch[2701/3125] | Loss: 3.9673e+00 | Grad: True  | Update: True  | Elapsed: 0:26:58 | ETA: 0:04:14
Epoch[28] Batch[2801/3125] | Loss: 3.7560e+00 | Grad: True  | Update: True  | Elapsed: 0:27:58 | ETA: 0:03:14
Epoch[28] Batch[2901/3125] | Loss: 3.8388e+00 | Grad: True  | Update: True  | Elapsed: 0:28:58 | ETA: 0:02:14
Epoch[28] Batch[3001/3125] | Loss: 4.1307e+00 | Grad: True  | Update: True  | Elapsed: 0:29:58 | ETA: 0:01:14
Epoch[28] Batch[3101/3125] | Loss: 3.9158e+00 | Grad: True  | Update: True  | Elapsed: 0:30:58 | ETA: 0:00:14

================================================================================
✅ Epoch 28 完成 | 总耗时: 1872.93s | 平均 Loss: 3.8106e+00
================================================================================

Validation Epoch [28] | Batch [100/625] | L1: 3.9454e+00 | MAE: 2.5846e+00 | MSE: 3.4405e-02 | PCC: 1.6080e-02
Validation Epoch [28] | Batch [200/625] | L1: 3.8657e+00 | MAE: 2.6147e+00 | MSE: 4.2478e-02 | PCC: 2.0042e-02
Validation Epoch [28] | Batch [300/625] | L1: 3.9578e+00 | MAE: 2.6156e+00 | MSE: 3.6792e-02 | PCC: 1.7127e-02
Validation Epoch [28] | Batch [400/625] | L1: 3.8664e+00 | MAE: 2.6568e+00 | MSE: 4.1669e-02 | PCC: 1.9346e-02
Validation Epoch [28] | Batch [500/625] | L1: 3.9844e+00 | MAE: 2.8994e+00 | MSE: 6.1643e-02 | PCC: 2.8985e-02
Validation Epoch [28] | Batch [600/625] | L1: 4.0519e+00 | MAE: 2.7586e+00 | MSE: 4.5868e-02 | PCC: 2.1133e-02
Validation Epoch [28] | Batch [625/625] | L1: 3.6108e+00 | MAE: 2.7269e+00 | MSE: 4.4263e-02 | PCC: 2.1072e-02

================================================================================
✅ Epoch 28 验证完成
📉 平均损失:
   MAE:   2.6754e+00 | MSE:   4.2715e-02
   Huber: 3.4751e+00 | PCC:   1.9957e-02
   Comb:  3.1336e-02 | Comb2: 1.1276e-01
================================================================================

✅ 已保存新最优模型 | 当前最优损失: 3.932878 | Epoch: 28
Epoch[29] Batch[1/3125] | Loss: 3.6437e+00 | Grad: True  | Update: True  | Elapsed: 0:00:00 | ETA: 0:41:08
Epoch[29] Batch[101/3125] | Loss: 3.7717e+00 | Grad: True  | Update: True  | Elapsed: 0:01:00 | ETA: 0:30:23
Epoch[29] Batch[201/3125] | Loss: 3.5943e+00 | Grad: True  | Update: True  | Elapsed: 0:02:00 | ETA: 0:29:17
Epoch[29] Batch[301/3125] | Loss: 3.6250e+00 | Grad: True  | Update: True  | Elapsed: 0:03:00 | ETA: 0:28:16
Epoch[29] Batch[401/3125] | Loss: 3.5847e+00 | Grad: True  | Update: True  | Elapsed: 0:04:00 | ETA: 0:27:15
Epoch[29] Batch[501/3125] | Loss: 3.9740e+00 | Grad: True  | Update: True  | Elapsed: 0:05:00 | ETA: 0:26:14
Epoch[29] Batch[601/3125] | Loss: 3.6179e+00 | Grad: True  | Update: True  | Elapsed: 0:06:00 | ETA: 0:25:13
Epoch[29] Batch[701/3125] | Loss: 3.8147e+00 | Grad: True  | Update: True  | Elapsed: 0:07:00 | ETA: 0:24:12
Epoch[29] Batch[801/3125] | Loss: 3.7822e+00 | Grad: True  | Update: True  | Elapsed: 0:07:59 | ETA: 0:23:12
Epoch[29] Batch[901/3125] | Loss: 3.7299e+00 | Grad: True  | Update: True  | Elapsed: 0:08:59 | ETA: 0:22:12
Epoch[29] Batch[1001/3125] | Loss: 3.9350e+00 | Grad: True  | Update: True  | Elapsed: 0:09:59 | ETA: 0:21:12
Epoch[29] Batch[1101/3125] | Loss: 3.8797e+00 | Grad: True  | Update: True  | Elapsed: 0:10:59 | ETA: 0:20:12
Epoch[29] Batch[1201/3125] | Loss: 3.6867e+00 | Grad: True  | Update: True  | Elapsed: 0:11:59 | ETA: 0:19:12
Epoch[29] Batch[1301/3125] | Loss: 3.7565e+00 | Grad: True  | Update: True  | Elapsed: 0:12:59 | ETA: 0:18:12
Epoch[29] Batch[1401/3125] | Loss: 3.7338e+00 | Grad: True  | Update: True  | Elapsed: 0:13:59 | ETA: 0:17:12
Epoch[29] Batch[1501/3125] | Loss: 4.1657e+00 | Grad: True  | Update: True  | Elapsed: 0:14:58 | ETA: 0:16:12
Epoch[29] Batch[1601/3125] | Loss: 3.6169e+00 | Grad: True  | Update: True  | Elapsed: 0:15:59 | ETA: 0:15:12
Epoch[29] Batch[1701/3125] | Loss: 3.8896e+00 | Grad: True  | Update: True  | Elapsed: 0:16:59 | ETA: 0:14:13
Epoch[29] Batch[1801/3125] | Loss: 3.9246e+00 | Grad: True  | Update: True  | Elapsed: 0:17:59 | ETA: 0:13:13
Epoch[29] Batch[1901/3125] | Loss: 3.8190e+00 | Grad: True  | Update: True  | Elapsed: 0:18:59 | ETA: 0:12:13
Epoch[29] Batch[2001/3125] | Loss: 3.8038e+00 | Grad: True  | Update: True  | Elapsed: 0:19:58 | ETA: 0:11:13
Epoch[29] Batch[2101/3125] | Loss: 3.6527e+00 | Grad: True  | Update: True  | Elapsed: 0:20:58 | ETA: 0:10:13
Epoch[29] Batch[2201/3125] | Loss: 3.7756e+00 | Grad: True  | Update: True  | Elapsed: 0:21:58 | ETA: 0:09:13
Epoch[29] Batch[2301/3125] | Loss: 3.8729e+00 | Grad: True  | Update: True  | Elapsed: 0:22:58 | ETA: 0:08:13
Epoch[29] Batch[2401/3125] | Loss: 3.9177e+00 | Grad: True  | Update: True  | Elapsed: 0:23:58 | ETA: 0:07:13
Epoch[29] Batch[2501/3125] | Loss: 3.7572e+00 | Grad: True  | Update: True  | Elapsed: 0:24:57 | ETA: 0:06:13
Epoch[29] Batch[2601/3125] | Loss: 3.6178e+00 | Grad: True  | Update: True  | Elapsed: 0:25:58 | ETA: 0:05:13
Epoch[29] Batch[2701/3125] | Loss: 3.9680e+00 | Grad: True  | Update: True  | Elapsed: 0:26:58 | ETA: 0:04:14
Epoch[29] Batch[2801/3125] | Loss: 3.7212e+00 | Grad: True  | Update: True  | Elapsed: 0:27:58 | ETA: 0:03:14
Epoch[29] Batch[2901/3125] | Loss: 3.8119e+00 | Grad: True  | Update: True  | Elapsed: 0:28:58 | ETA: 0:02:14
Epoch[29] Batch[3001/3125] | Loss: 4.0782e+00 | Grad: True  | Update: True  | Elapsed: 0:29:58 | ETA: 0:01:14
Epoch[29] Batch[3101/3125] | Loss: 3.9087e+00 | Grad: True  | Update: True  | Elapsed: 0:30:58 | ETA: 0:00:14

================================================================================
✅ Epoch 29 完成 | 总耗时: 1873.40s | 平均 Loss: 3.8038e+00
================================================================================

Validation Epoch [29] | Batch [100/625] | L1: 3.9550e+00 | MAE: 2.5903e+00 | MSE: 3.4317e-02 | PCC: 1.5864e-02
Validation Epoch [29] | Batch [200/625] | L1: 3.8801e+00 | MAE: 2.6233e+00 | MSE: 4.1961e-02 | PCC: 1.9579e-02
Validation Epoch [29] | Batch [300/625] | L1: 3.9513e+00 | MAE: 2.6113e+00 | MSE: 3.5829e-02 | PCC: 1.6477e-02
Validation Epoch [29] | Batch [400/625] | L1: 3.8677e+00 | MAE: 2.6581e+00 | MSE: 4.1991e-02 | PCC: 1.9081e-02
Validation Epoch [29] | Batch [500/625] | L1: 3.9926e+00 | MAE: 2.9063e+00 | MSE: 6.1246e-02 | PCC: 2.8238e-02
Validation Epoch [29] | Batch [600/625] | L1: 4.0469e+00 | MAE: 2.7526e+00 | MSE: 4.4295e-02 | PCC: 2.0053e-02
Validation Epoch [29] | Batch [625/625] | L1: 3.6171e+00 | MAE: 2.7318e+00 | MSE: 4.4302e-02 | PCC: 2.0637e-02

================================================================================
✅ Epoch 29 验证完成
📉 平均损失:
   MAE:   2.6796e+00 | MSE:   4.2772e-02
   Huber: 3.4823e+00 | PCC:   1.9680e-02
   Comb:  3.1226e-02 | Comb2: 1.1272e-01
================================================================================

Epoch[30] Batch[1/3125] | Loss: 3.6345e+00 | Grad: True  | Update: True  | Elapsed: 0:00:01 | ETA: 0:53:40
Epoch[30] Batch[101/3125] | Loss: 3.7331e+00 | Grad: True  | Update: True  | Elapsed: 0:01:01 | ETA: 0:30:39
Epoch[30] Batch[201/3125] | Loss: 3.6038e+00 | Grad: True  | Update: True  | Elapsed: 0:02:01 | ETA: 0:29:30
Epoch[30] Batch[301/3125] | Loss: 3.5955e+00 | Grad: True  | Update: True  | Elapsed: 0:03:01 | ETA: 0:28:27
Epoch[30] Batch[401/3125] | Loss: 3.6168e+00 | Grad: True  | Update: True  | Elapsed: 0:04:02 | ETA: 0:27:24
Epoch[30] Batch[501/3125] | Loss: 3.9565e+00 | Grad: True  | Update: True  | Elapsed: 0:05:02 | ETA: 0:26:23
Epoch[30] Batch[601/3125] | Loss: 3.6242e+00 | Grad: True  | Update: True  | Elapsed: 0:06:02 | ETA: 0:25:21
Epoch[30] Batch[701/3125] | Loss: 3.8251e+00 | Grad: True  | Update: True  | Elapsed: 0:07:02 | ETA: 0:24:21
Epoch[30] Batch[801/3125] | Loss: 3.7563e+00 | Grad: True  | Update: True  | Elapsed: 0:08:02 | ETA: 0:23:20
Epoch[30] Batch[901/3125] | Loss: 3.7098e+00 | Grad: True  | Update: True  | Elapsed: 0:09:02 | ETA: 0:22:20
Epoch[30] Batch[1001/3125] | Loss: 3.9354e+00 | Grad: True  | Update: True  | Elapsed: 0:10:02 | ETA: 0:21:19
Epoch[30] Batch[1101/3125] | Loss: 3.8745e+00 | Grad: True  | Update: True  | Elapsed: 0:11:03 | ETA: 0:20:19
Epoch[30] Batch[1201/3125] | Loss: 3.6331e+00 | Grad: True  | Update: True  | Elapsed: 0:12:03 | ETA: 0:19:18
Epoch[30] Batch[1301/3125] | Loss: 3.7373e+00 | Grad: True  | Update: True  | Elapsed: 0:13:03 | ETA: 0:18:18
Epoch[30] Batch[1401/3125] | Loss: 3.7397e+00 | Grad: True  | Update: True  | Elapsed: 0:14:03 | ETA: 0:17:17
Epoch[30] Batch[1501/3125] | Loss: 4.1551e+00 | Grad: True  | Update: True  | Elapsed: 0:15:03 | ETA: 0:16:17
Epoch[30] Batch[1601/3125] | Loss: 3.5947e+00 | Grad: True  | Update: True  | Elapsed: 0:16:03 | ETA: 0:15:17
Epoch[30] Batch[1701/3125] | Loss: 3.8409e+00 | Grad: True  | Update: True  | Elapsed: 0:17:03 | ETA: 0:14:17
Epoch[30] Batch[1801/3125] | Loss: 3.8942e+00 | Grad: True  | Update: True  | Elapsed: 0:18:03 | ETA: 0:13:16
Epoch[30] Batch[1901/3125] | Loss: 3.8009e+00 | Grad: True  | Update: True  | Elapsed: 0:19:04 | ETA: 0:12:16
Epoch[30] Batch[2001/3125] | Loss: 3.8073e+00 | Grad: True  | Update: True  | Elapsed: 0:20:03 | ETA: 0:11:16
Epoch[30] Batch[2101/3125] | Loss: 3.6437e+00 | Grad: True  | Update: True  | Elapsed: 0:21:04 | ETA: 0:10:16
Epoch[30] Batch[2201/3125] | Loss: 3.7618e+00 | Grad: True  | Update: True  | Elapsed: 0:22:04 | ETA: 0:09:15
Epoch[30] Batch[2301/3125] | Loss: 3.8802e+00 | Grad: True  | Update: True  | Elapsed: 0:23:04 | ETA: 0:08:15
Epoch[30] Batch[2401/3125] | Loss: 3.9119e+00 | Grad: True  | Update: True  | Elapsed: 0:24:04 | ETA: 0:07:15
Epoch[30] Batch[2501/3125] | Loss: 3.7144e+00 | Grad: True  | Update: True  | Elapsed: 0:25:04 | ETA: 0:06:15
Epoch[30] Batch[2601/3125] | Loss: 3.6462e+00 | Grad: True  | Update: True  | Elapsed: 0:26:04 | ETA: 0:05:15
Epoch[30] Batch[2701/3125] | Loss: 3.9437e+00 | Grad: True  | Update: True  | Elapsed: 0:27:04 | ETA: 0:04:15
Epoch[30] Batch[2801/3125] | Loss: 3.7221e+00 | Grad: True  | Update: True  | Elapsed: 0:28:04 | ETA: 0:03:14
Epoch[30] Batch[2901/3125] | Loss: 3.8125e+00 | Grad: True  | Update: True  | Elapsed: 0:29:04 | ETA: 0:02:14
Epoch[30] Batch[3001/3125] | Loss: 4.1089e+00 | Grad: True  | Update: True  | Elapsed: 0:30:04 | ETA: 0:01:14
Epoch[30] Batch[3101/3125] | Loss: 3.8761e+00 | Grad: True  | Update: True  | Elapsed: 0:31:04 | ETA: 0:00:14

================================================================================
✅ Epoch 30 完成 | 总耗时: 1879.32s | 平均 Loss: 3.7952e+00
================================================================================

Validation Epoch [30] | Batch [100/625] | L1: 3.9259e+00 | MAE: 2.5713e+00 | MSE: 3.3172e-02 | PCC: 1.5098e-02
Validation Epoch [30] | Batch [200/625] | L1: 3.8607e+00 | MAE: 2.6113e+00 | MSE: 4.1545e-02 | PCC: 1.9082e-02
Validation Epoch [30] | Batch [300/625] | L1: 3.9455e+00 | MAE: 2.6074e+00 | MSE: 3.5390e-02 | PCC: 1.6243e-02
Validation Epoch [30] | Batch [400/625] | L1: 3.8482e+00 | MAE: 2.6450e+00 | MSE: 4.0956e-02 | PCC: 1.8452e-02
Validation Epoch [30] | Batch [500/625] | L1: 3.9557e+00 | MAE: 2.8794e+00 | MSE: 5.8542e-02 | PCC: 2.6550e-02
Validation Epoch [30] | Batch [600/625] | L1: 4.0395e+00 | MAE: 2.7491e+00 | MSE: 4.4170e-02 | PCC: 1.9601e-02
Validation Epoch [30] | Batch [625/625] | L1: 3.6136e+00 | MAE: 2.7305e+00 | MSE: 4.2664e-02 | PCC: 1.9625e-02

================================================================================
✅ Epoch 30 验证完成
📉 平均损失:
   MAE:   2.6656e+00 | MSE:   4.1332e-02
   Huber: 3.4605e+00 | PCC:   1.8805e-02
   Comb:  3.0068e-02 | Comb2: 1.1051e-01
================================================================================

🗑️  已删除旧最优模型 | 历史最优损失: 3.932878
✅ 已保存新最优模型 | 当前最优损失: 3.918193 | Epoch: 30
checkpoint saved!
Epoch[31] Batch[1/3125] | Loss: 3.6093e+00 | Grad: True  | Update: True  | Elapsed: 0:00:00 | ETA: 0:45:03
Epoch[31] Batch[101/3125] | Loss: 3.7227e+00 | Grad: True  | Update: True  | Elapsed: 0:01:01 | ETA: 0:30:32
Epoch[31] Batch[201/3125] | Loss: 3.5494e+00 | Grad: True  | Update: True  | Elapsed: 0:02:01 | ETA: 0:29:27
Epoch[31] Batch[301/3125] | Loss: 3.6232e+00 | Grad: True  | Update: True  | Elapsed: 0:03:01 | ETA: 0:28:26
Epoch[31] Batch[401/3125] | Loss: 3.5774e+00 | Grad: True  | Update: True  | Elapsed: 0:04:02 | ETA: 0:27:25
Epoch[31] Batch[501/3125] | Loss: 4.0073e+00 | Grad: True  | Update: True  | Elapsed: 0:05:02 | ETA: 0:26:24
Epoch[31] Batch[601/3125] | Loss: 3.6004e+00 | Grad: True  | Update: True  | Elapsed: 0:06:02 | ETA: 0:25:23
Epoch[31] Batch[701/3125] | Loss: 3.7871e+00 | Grad: True  | Update: True  | Elapsed: 0:07:03 | ETA: 0:24:23
Epoch[31] Batch[801/3125] | Loss: 3.7603e+00 | Grad: True  | Update: True  | Elapsed: 0:08:03 | ETA: 0:23:22
Epoch[31] Batch[901/3125] | Loss: 3.7002e+00 | Grad: True  | Update: True  | Elapsed: 0:09:03 | ETA: 0:22:22
Epoch[31] Batch[1001/3125] | Loss: 3.9010e+00 | Grad: True  | Update: True  | Elapsed: 0:10:04 | ETA: 0:21:22
Epoch[31] Batch[1101/3125] | Loss: 3.8839e+00 | Grad: True  | Update: True  | Elapsed: 0:11:04 | ETA: 0:20:21
Epoch[31] Batch[1201/3125] | Loss: 3.6627e+00 | Grad: True  | Update: True  | Elapsed: 0:12:04 | ETA: 0:19:21
Epoch[31] Batch[1301/3125] | Loss: 3.7314e+00 | Grad: True  | Update: True  | Elapsed: 0:13:05 | ETA: 0:18:21
Epoch[31] Batch[1401/3125] | Loss: 3.7234e+00 | Grad: True  | Update: True  | Elapsed: 0:14:05 | ETA: 0:17:20
Epoch[31] Batch[1501/3125] | Loss: 4.1313e+00 | Grad: True  | Update: True  | Elapsed: 0:15:05 | ETA: 0:16:20
Epoch[31] Batch[1601/3125] | Loss: 3.6377e+00 | Grad: True  | Update: True  | Elapsed: 0:16:06 | ETA: 0:15:19
Epoch[31] Batch[1701/3125] | Loss: 3.8623e+00 | Grad: True  | Update: True  | Elapsed: 0:17:06 | ETA: 0:14:19
Epoch[31] Batch[1801/3125] | Loss: 3.8794e+00 | Grad: True  | Update: True  | Elapsed: 0:18:06 | ETA: 0:13:19
Epoch[31] Batch[1901/3125] | Loss: 3.7725e+00 | Grad: True  | Update: True  | Elapsed: 0:19:07 | ETA: 0:12:18
Epoch[31] Batch[2001/3125] | Loss: 3.7982e+00 | Grad: True  | Update: True  | Elapsed: 0:20:07 | ETA: 0:11:18
Epoch[31] Batch[2101/3125] | Loss: 3.6129e+00 | Grad: True  | Update: True  | Elapsed: 0:21:08 | ETA: 0:10:18
Epoch[31] Batch[2201/3125] | Loss: 3.7591e+00 | Grad: True  | Update: True  | Elapsed: 0:22:08 | ETA: 0:09:17
Epoch[31] Batch[2301/3125] | Loss: 3.8568e+00 | Grad: True  | Update: True  | Elapsed: 0:23:08 | ETA: 0:08:17
Epoch[31] Batch[2401/3125] | Loss: 3.9046e+00 | Grad: True  | Update: True  | Elapsed: 0:24:09 | ETA: 0:07:16
Epoch[31] Batch[2501/3125] | Loss: 3.7438e+00 | Grad: True  | Update: True  | Elapsed: 0:25:09 | ETA: 0:06:16
Epoch[31] Batch[2601/3125] | Loss: 3.6022e+00 | Grad: True  | Update: True  | Elapsed: 0:26:09 | ETA: 0:05:16
Epoch[31] Batch[2701/3125] | Loss: 3.9620e+00 | Grad: True  | Update: True  | Elapsed: 0:27:10 | ETA: 0:04:15
Epoch[31] Batch[2801/3125] | Loss: 3.7376e+00 | Grad: True  | Update: True  | Elapsed: 0:28:10 | ETA: 0:03:15
Epoch[31] Batch[2901/3125] | Loss: 3.8191e+00 | Grad: True  | Update: True  | Elapsed: 0:29:10 | ETA: 0:02:15
Epoch[31] Batch[3001/3125] | Loss: 4.0585e+00 | Grad: True  | Update: True  | Elapsed: 0:30:11 | ETA: 0:01:14
Epoch[31] Batch[3101/3125] | Loss: 3.8984e+00 | Grad: True  | Update: True  | Elapsed: 0:31:11 | ETA: 0:00:14

================================================================================
✅ Epoch 31 完成 | 总耗时: 1886.04s | 平均 Loss: 3.7883e+00
================================================================================

Validation Epoch [31] | Batch [100/625] | L1: 3.9816e+00 | MAE: 2.6075e+00 | MSE: 3.4027e-02 | PCC: 1.6222e-02
Validation Epoch [31] | Batch [200/625] | L1: 3.9178e+00 | MAE: 2.6484e+00 | MSE: 4.1316e-02 | PCC: 1.9893e-02
Validation Epoch [31] | Batch [300/625] | L1: 4.0225e+00 | MAE: 2.6585e+00 | MSE: 3.7096e-02 | PCC: 1.7624e-02
Validation Epoch [31] | Batch [400/625] | L1: 3.9128e+00 | MAE: 2.6905e+00 | MSE: 4.1704e-02 | PCC: 1.9759e-02
Validation Epoch [31] | Batch [500/625] | L1: 4.0332e+00 | MAE: 2.9355e+00 | MSE: 5.8629e-02 | PCC: 2.8066e-02
Validation Epoch [31] | Batch [600/625] | L1: 4.1143e+00 | MAE: 2.7983e+00 | MSE: 4.5460e-02 | PCC: 2.1327e-02
Validation Epoch [31] | Batch [625/625] | L1: 3.6609e+00 | MAE: 2.7673e+00 | MSE: 4.2903e-02 | PCC: 2.0992e-02

================================================================================
✅ Epoch 31 验证完成
📉 平均损失:
   MAE:   2.7081e+00 | MSE:   4.1788e-02
   Huber: 3.5242e+00 | PCC:   1.9955e-02
   Comb:  3.0872e-02 | Comb2: 1.1171e-01
================================================================================

Epoch[32] Batch[1/3125] | Loss: 3.7264e+00 | Grad: True  | Update: True  | Elapsed: 0:00:00 | ETA: 0:43:01
Epoch[32] Batch[101/3125] | Loss: 3.6965e+00 | Grad: True  | Update: True  | Elapsed: 0:01:01 | ETA: 0:30:31
Epoch[32] Batch[201/3125] | Loss: 3.5362e+00 | Grad: True  | Update: True  | Elapsed: 0:02:01 | ETA: 0:29:28
Epoch[32] Batch[301/3125] | Loss: 3.5729e+00 | Grad: True  | Update: True  | Elapsed: 0:03:01 | ETA: 0:28:27
Epoch[32] Batch[401/3125] | Loss: 3.6307e+00 | Grad: True  | Update: True  | Elapsed: 0:04:02 | ETA: 0:27:26
Epoch[32] Batch[501/3125] | Loss: 3.9791e+00 | Grad: True  | Update: True  | Elapsed: 0:05:02 | ETA: 0:26:25
Epoch[32] Batch[601/3125] | Loss: 3.6208e+00 | Grad: True  | Update: True  | Elapsed: 0:06:03 | ETA: 0:25:25
Epoch[32] Batch[701/3125] | Loss: 3.7851e+00 | Grad: True  | Update: True  | Elapsed: 0:07:03 | ETA: 0:24:24
Epoch[32] Batch[801/3125] | Loss: 3.7543e+00 | Grad: True  | Update: True  | Elapsed: 0:08:03 | ETA: 0:23:23
Epoch[32] Batch[901/3125] | Loss: 3.7026e+00 | Grad: True  | Update: True  | Elapsed: 0:09:04 | ETA: 0:22:23
Epoch[32] Batch[1001/3125] | Loss: 3.9292e+00 | Grad: True  | Update: True  | Elapsed: 0:10:04 | ETA: 0:21:22
Epoch[32] Batch[1101/3125] | Loss: 3.8595e+00 | Grad: True  | Update: True  | Elapsed: 0:11:04 | ETA: 0:20:22
Epoch[32] Batch[1201/3125] | Loss: 3.6550e+00 | Grad: True  | Update: True  | Elapsed: 0:12:05 | ETA: 0:19:21
Epoch[32] Batch[1301/3125] | Loss: 3.7241e+00 | Grad: True  | Update: True  | Elapsed: 0:13:05 | ETA: 0:18:21
Epoch[32] Batch[1401/3125] | Loss: 3.7019e+00 | Grad: True  | Update: True  | Elapsed: 0:14:05 | ETA: 0:17:20
Epoch[32] Batch[1501/3125] | Loss: 4.1077e+00 | Grad: True  | Update: True  | Elapsed: 0:15:06 | ETA: 0:16:20
Epoch[32] Batch[1601/3125] | Loss: 3.6067e+00 | Grad: True  | Update: True  | Elapsed: 0:16:06 | ETA: 0:15:20
Epoch[32] Batch[1701/3125] | Loss: 3.8748e+00 | Grad: True  | Update: True  | Elapsed: 0:17:07 | ETA: 0:14:19
Epoch[32] Batch[1801/3125] | Loss: 3.8395e+00 | Grad: True  | Update: True  | Elapsed: 0:18:07 | ETA: 0:13:19
Epoch[32] Batch[1901/3125] | Loss: 3.7825e+00 | Grad: True  | Update: True  | Elapsed: 0:19:08 | ETA: 0:12:19
Epoch[32] Batch[2001/3125] | Loss: 3.7857e+00 | Grad: True  | Update: True  | Elapsed: 0:20:08 | ETA: 0:11:19
Epoch[32] Batch[2101/3125] | Loss: 3.6173e+00 | Grad: True  | Update: True  | Elapsed: 0:21:09 | ETA: 0:10:18
Epoch[32] Batch[2201/3125] | Loss: 3.7538e+00 | Grad: True  | Update: True  | Elapsed: 0:22:09 | ETA: 0:09:18
Epoch[32] Batch[2301/3125] | Loss: 3.8375e+00 | Grad: True  | Update: True  | Elapsed: 0:23:10 | ETA: 0:08:18
Epoch[32] Batch[2401/3125] | Loss: 3.8723e+00 | Grad: True  | Update: True  | Elapsed: 0:24:11 | ETA: 0:07:17
Epoch[32] Batch[2501/3125] | Loss: 3.7201e+00 | Grad: True  | Update: True  | Elapsed: 0:25:11 | ETA: 0:06:17
Epoch[32] Batch[2601/3125] | Loss: 3.5843e+00 | Grad: True  | Update: True  | Elapsed: 0:26:12 | ETA: 0:05:16
Epoch[32] Batch[2701/3125] | Loss: 3.9476e+00 | Grad: True  | Update: True  | Elapsed: 0:27:12 | ETA: 0:04:16
Epoch[32] Batch[2801/3125] | Loss: 3.7023e+00 | Grad: True  | Update: True  | Elapsed: 0:28:13 | ETA: 0:03:15
Epoch[32] Batch[2901/3125] | Loss: 3.8241e+00 | Grad: True  | Update: True  | Elapsed: 0:29:13 | ETA: 0:02:15
Epoch[32] Batch[3001/3125] | Loss: 4.0407e+00 | Grad: True  | Update: True  | Elapsed: 0:30:14 | ETA: 0:01:14
Epoch[32] Batch[3101/3125] | Loss: 3.8685e+00 | Grad: True  | Update: True  | Elapsed: 0:31:14 | ETA: 0:00:14

================================================================================
✅ Epoch 32 完成 | 总耗时: 1889.06s | 平均 Loss: 3.7786e+00
================================================================================

Validation Epoch [32] | Batch [100/625] | L1: 3.9409e+00 | MAE: 2.5813e+00 | MSE: 3.2168e-02 | PCC: 1.5407e-02
Validation Epoch [32] | Batch [200/625] | L1: 3.8742e+00 | MAE: 2.6205e+00 | MSE: 4.0343e-02 | PCC: 1.9315e-02
Validation Epoch [32] | Batch [300/625] | L1: 3.9482e+00 | MAE: 2.6096e+00 | MSE: 3.4141e-02 | PCC: 1.6311e-02
Validation Epoch [32] | Batch [400/625] | L1: 3.8766e+00 | MAE: 2.6638e+00 | MSE: 4.0327e-02 | PCC: 1.8896e-02
Validation Epoch [32] | Batch [500/625] | L1: 4.0039e+00 | MAE: 2.9144e+00 | MSE: 5.7678e-02 | PCC: 2.8005e-02
Validation Epoch [32] | Batch [600/625] | L1: 4.0627e+00 | MAE: 2.7639e+00 | MSE: 4.4302e-02 | PCC: 2.0808e-02
Validation Epoch [32] | Batch [625/625] | L1: 3.6318e+00 | MAE: 2.7456e+00 | MSE: 4.0505e-02 | PCC: 2.0036e-02

================================================================================
✅ Epoch 32 验证完成
📉 平均损失:
   MAE:   2.6764e+00 | MSE:   4.0247e-02
   Huber: 3.4764e+00 | PCC:   1.9250e-02
   Comb:  2.9749e-02 | Comb2: 1.0936e-01
================================================================================

Epoch[33] Batch[1/3125] | Loss: 3.6320e+00 | Grad: True  | Update: True  | Elapsed: 0:00:01 | ETA: 0:55:36
Epoch[33] Batch[101/3125] | Loss: 3.7030e+00 | Grad: True  | Update: True  | Elapsed: 0:01:01 | ETA: 0:30:41
Epoch[33] Batch[201/3125] | Loss: 3.5168e+00 | Grad: True  | Update: True  | Elapsed: 0:02:01 | ETA: 0:29:33
Epoch[33] Batch[301/3125] | Loss: 3.5944e+00 | Grad: True  | Update: True  | Elapsed: 0:03:02 | ETA: 0:28:29
Epoch[33] Batch[401/3125] | Loss: 3.5561e+00 | Grad: True  | Update: True  | Elapsed: 0:04:02 | ETA: 0:27:28
Epoch[33] Batch[501/3125] | Loss: 3.9474e+00 | Grad: True  | Update: True  | Elapsed: 0:05:03 | ETA: 0:26:27
Epoch[33] Batch[601/3125] | Loss: 3.5856e+00 | Grad: True  | Update: True  | Elapsed: 0:06:03 | ETA: 0:25:27
Epoch[33] Batch[701/3125] | Loss: 3.7814e+00 | Grad: True  | Update: True  | Elapsed: 0:07:04 | ETA: 0:24:26
Epoch[33] Batch[801/3125] | Loss: 3.7542e+00 | Grad: True  | Update: True  | Elapsed: 0:08:04 | ETA: 0:23:25
Epoch[33] Batch[901/3125] | Loss: 3.6760e+00 | Grad: True  | Update: True  | Elapsed: 0:09:04 | ETA: 0:22:24
Epoch[33] Batch[1001/3125] | Loss: 3.9155e+00 | Grad: True  | Update: True  | Elapsed: 0:10:05 | ETA: 0:21:24
Epoch[33] Batch[1101/3125] | Loss: 3.9130e+00 | Grad: True  | Update: True  | Elapsed: 0:11:05 | ETA: 0:20:23
Epoch[33] Batch[1201/3125] | Loss: 3.6169e+00 | Grad: True  | Update: True  | Elapsed: 0:12:05 | ETA: 0:19:23
Epoch[33] Batch[1301/3125] | Loss: 3.7283e+00 | Grad: True  | Update: True  | Elapsed: 0:13:06 | ETA: 0:18:22
Epoch[33] Batch[1401/3125] | Loss: 3.6938e+00 | Grad: True  | Update: True  | Elapsed: 0:14:06 | ETA: 0:17:21
Epoch[33] Batch[1501/3125] | Loss: 4.1014e+00 | Grad: True  | Update: True  | Elapsed: 0:15:06 | ETA: 0:16:21
Epoch[33] Batch[1601/3125] | Loss: 3.5638e+00 | Grad: True  | Update: True  | Elapsed: 0:16:07 | ETA: 0:15:20
Epoch[33] Batch[1701/3125] | Loss: 3.8275e+00 | Grad: True  | Update: True  | Elapsed: 0:17:07 | ETA: 0:14:20
Epoch[33] Batch[1801/3125] | Loss: 3.8333e+00 | Grad: True  | Update: True  | Elapsed: 0:18:07 | ETA: 0:13:19
Epoch[33] Batch[1901/3125] | Loss: 3.7956e+00 | Grad: True  | Update: True  | Elapsed: 0:19:08 | ETA: 0:12:19
Epoch[33] Batch[2001/3125] | Loss: 3.8041e+00 | Grad: True  | Update: True  | Elapsed: 0:20:08 | ETA: 0:11:18
Epoch[33] Batch[2101/3125] | Loss: 3.6175e+00 | Grad: True  | Update: True  | Elapsed: 0:21:08 | ETA: 0:10:18
Epoch[33] Batch[2201/3125] | Loss: 3.7566e+00 | Grad: True  | Update: True  | Elapsed: 0:22:09 | ETA: 0:09:17
Epoch[33] Batch[2301/3125] | Loss: 3.8308e+00 | Grad: True  | Update: True  | Elapsed: 0:23:09 | ETA: 0:08:17
Epoch[33] Batch[2401/3125] | Loss: 3.9142e+00 | Grad: True  | Update: True  | Elapsed: 0:24:09 | ETA: 0:07:17
Epoch[33] Batch[2501/3125] | Loss: 3.6936e+00 | Grad: True  | Update: True  | Elapsed: 0:25:09 | ETA: 0:06:16
Epoch[33] Batch[2601/3125] | Loss: 3.5831e+00 | Grad: True  | Update: True  | Elapsed: 0:26:10 | ETA: 0:05:16
Epoch[33] Batch[2701/3125] | Loss: 3.9453e+00 | Grad: True  | Update: True  | Elapsed: 0:27:10 | ETA: 0:04:15
Epoch[33] Batch[2801/3125] | Loss: 3.7318e+00 | Grad: True  | Update: True  | Elapsed: 0:28:10 | ETA: 0:03:15
Epoch[33] Batch[2901/3125] | Loss: 3.8154e+00 | Grad: True  | Update: True  | Elapsed: 0:29:11 | ETA: 0:02:15
Epoch[33] Batch[3001/3125] | Loss: 4.0686e+00 | Grad: True  | Update: True  | Elapsed: 0:30:11 | ETA: 0:01:14
Epoch[33] Batch[3101/3125] | Loss: 3.8786e+00 | Grad: True  | Update: True  | Elapsed: 0:31:11 | ETA: 0:00:14

================================================================================
✅ Epoch 33 完成 | 总耗时: 1886.23s | 平均 Loss: 3.7720e+00
================================================================================

Validation Epoch [33] | Batch [100/625] | L1: 3.9257e+00 | MAE: 2.5718e+00 | MSE: 3.0343e-02 | PCC: 1.5043e-02
Validation Epoch [33] | Batch [200/625] | L1: 3.8694e+00 | MAE: 2.6179e+00 | MSE: 3.8510e-02 | PCC: 1.9089e-02
Validation Epoch [33] | Batch [300/625] | L1: 3.9472e+00 | MAE: 2.6090e+00 | MSE: 3.2226e-02 | PCC: 1.5889e-02
Validation Epoch [33] | Batch [400/625] | L1: 3.8552e+00 | MAE: 2.6500e+00 | MSE: 3.7086e-02 | PCC: 1.8192e-02
Validation Epoch [33] | Batch [500/625] | L1: 3.9776e+00 | MAE: 2.8945e+00 | MSE: 5.3966e-02 | PCC: 2.6503e-02
Validation Epoch [33] | Batch [600/625] | L1: 4.0287e+00 | MAE: 2.7410e+00 | MSE: 3.9423e-02 | PCC: 1.8961e-02
Validation Epoch [33] | Batch [625/625] | L1: 3.5976e+00 | MAE: 2.7198e+00 | MSE: 3.8656e-02 | PCC: 1.9261e-02

================================================================================
✅ Epoch 33 验证完成
📉 平均损失:
   MAE:   2.6631e+00 | MSE:   3.7462e-02
   Huber: 3.4573e+00 | PCC:   1.8477e-02
   Comb:  2.7969e-02 | Comb2: 1.0552e-01
================================================================================

🗑️  已删除旧最优模型 | 历史最优损失: 3.918193
✅ 已保存新最优模型 | 当前最优损失: 3.915043 | Epoch: 33
Epoch[34] Batch[1/3125] | Loss: 3.6281e+00 | Grad: True  | Update: True  | Elapsed: 0:00:00 | ETA: 0:47:58
Epoch[34] Batch[101/3125] | Loss: 3.7495e+00 | Grad: True  | Update: True  | Elapsed: 0:01:01 | ETA: 0:30:34
Epoch[34] Batch[201/3125] | Loss: 3.5305e+00 | Grad: True  | Update: True  | Elapsed: 0:02:01 | ETA: 0:29:28
Epoch[34] Batch[301/3125] | Loss: 3.5919e+00 | Grad: True  | Update: True  | Elapsed: 0:03:01 | ETA: 0:28:25
Epoch[34] Batch[401/3125] | Loss: 3.5813e+00 | Grad: True  | Update: True  | Elapsed: 0:04:02 | ETA: 0:27:25
Epoch[34] Batch[501/3125] | Loss: 3.9043e+00 | Grad: True  | Update: True  | Elapsed: 0:05:02 | ETA: 0:26:24
Epoch[34] Batch[601/3125] | Loss: 3.5963e+00 | Grad: True  | Update: True  | Elapsed: 0:06:02 | ETA: 0:25:24
Epoch[34] Batch[701/3125] | Loss: 3.7831e+00 | Grad: True  | Update: True  | Elapsed: 0:07:03 | ETA: 0:24:24
Epoch[34] Batch[801/3125] | Loss: 3.8049e+00 | Grad: True  | Update: True  | Elapsed: 0:08:03 | ETA: 0:23:23
Epoch[34] Batch[901/3125] | Loss: 3.6712e+00 | Grad: True  | Update: True  | Elapsed: 0:09:04 | ETA: 0:22:23
Epoch[34] Batch[1001/3125] | Loss: 3.9234e+00 | Grad: True  | Update: True  | Elapsed: 0:10:04 | ETA: 0:21:22
Epoch[34] Batch[1101/3125] | Loss: 3.9051e+00 | Grad: True  | Update: True  | Elapsed: 0:11:04 | ETA: 0:20:22
Epoch[34] Batch[1201/3125] | Loss: 3.6248e+00 | Grad: True  | Update: True  | Elapsed: 0:12:05 | ETA: 0:19:21
Epoch[34] Batch[1301/3125] | Loss: 3.7115e+00 | Grad: True  | Update: True  | Elapsed: 0:13:05 | ETA: 0:18:21
Epoch[34] Batch[1401/3125] | Loss: 3.6944e+00 | Grad: True  | Update: True  | Elapsed: 0:14:05 | ETA: 0:17:20
Epoch[34] Batch[1501/3125] | Loss: 4.1070e+00 | Grad: True  | Update: True  | Elapsed: 0:15:06 | ETA: 0:16:20
Epoch[34] Batch[1601/3125] | Loss: 3.5882e+00 | Grad: True  | Update: True  | Elapsed: 0:16:06 | ETA: 0:15:20
Epoch[34] Batch[1701/3125] | Loss: 3.8505e+00 | Grad: True  | Update: True  | Elapsed: 0:17:06 | ETA: 0:14:19
Epoch[34] Batch[1801/3125] | Loss: 3.8202e+00 | Grad: True  | Update: True  | Elapsed: 0:18:07 | ETA: 0:13:19
Epoch[34] Batch[1901/3125] | Loss: 3.7895e+00 | Grad: True  | Update: True  | Elapsed: 0:19:07 | ETA: 0:12:18
Epoch[34] Batch[2001/3125] | Loss: 3.7878e+00 | Grad: True  | Update: True  | Elapsed: 0:20:07 | ETA: 0:11:18
Epoch[34] Batch[2101/3125] | Loss: 3.6189e+00 | Grad: True  | Update: True  | Elapsed: 0:21:05 | ETA: 0:10:16
Epoch[34] Batch[2201/3125] | Loss: 3.7514e+00 | Grad: True  | Update: True  | Elapsed: 0:22:03 | ETA: 0:09:15
Epoch[34] Batch[2301/3125] | Loss: 3.8318e+00 | Grad: True  | Update: True  | Elapsed: 0:23:03 | ETA: 0:08:15
Epoch[34] Batch[2401/3125] | Loss: 3.8858e+00 | Grad: True  | Update: True  | Elapsed: 0:24:04 | ETA: 0:07:15
Epoch[34] Batch[2501/3125] | Loss: 3.6735e+00 | Grad: True  | Update: True  | Elapsed: 0:25:04 | ETA: 0:06:15
Epoch[34] Batch[2601/3125] | Loss: 3.5404e+00 | Grad: True  | Update: True  | Elapsed: 0:26:05 | ETA: 0:05:15
Epoch[34] Batch[2701/3125] | Loss: 3.9238e+00 | Grad: True  | Update: True  | Elapsed: 0:27:05 | ETA: 0:04:15
Epoch[34] Batch[2801/3125] | Loss: 3.6998e+00 | Grad: True  | Update: True  | Elapsed: 0:28:06 | ETA: 0:03:15
Epoch[34] Batch[2901/3125] | Loss: 3.7950e+00 | Grad: True  | Update: True  | Elapsed: 0:29:06 | ETA: 0:02:14
Epoch[34] Batch[3001/3125] | Loss: 4.0023e+00 | Grad: True  | Update: True  | Elapsed: 0:30:07 | ETA: 0:01:14
Epoch[34] Batch[3101/3125] | Loss: 3.8326e+00 | Grad: True  | Update: True  | Elapsed: 0:31:07 | ETA: 0:00:14

================================================================================
✅ Epoch 34 完成 | 总耗时: 1882.05s | 平均 Loss: 3.7630e+00
================================================================================

Validation Epoch [34] | Batch [100/625] | L1: 3.9239e+00 | MAE: 2.5707e+00 | MSE: 3.3083e-02 | PCC: 1.5076e-02
Validation Epoch [34] | Batch [200/625] | L1: 3.8368e+00 | MAE: 2.5960e+00 | MSE: 4.1022e-02 | PCC: 1.8997e-02
Validation Epoch [34] | Batch [300/625] | L1: 3.9200e+00 | MAE: 2.5907e+00 | MSE: 3.3800e-02 | PCC: 1.5252e-02
Validation Epoch [34] | Batch [400/625] | L1: 3.8435e+00 | MAE: 2.6427e+00 | MSE: 4.1350e-02 | PCC: 1.8669e-02
Validation Epoch [34] | Batch [500/625] | L1: 3.9722e+00 | MAE: 2.8920e+00 | MSE: 5.9190e-02 | PCC: 2.7011e-02
Validation Epoch [34] | Batch [600/625] | L1: 4.0076e+00 | MAE: 2.7258e+00 | MSE: 4.2130e-02 | PCC: 1.8745e-02
Validation Epoch [34] | Batch [625/625] | L1: 3.5913e+00 | MAE: 2.7159e+00 | MSE: 4.0458e-02 | PCC: 1.8845e-02

================================================================================
✅ Epoch 34 验证完成
📉 平均损失:
   MAE:   2.6529e+00 | MSE:   4.0480e-02
   Huber: 3.4415e+00 | PCC:   1.8384e-02
   Comb:  2.9432e-02 | Comb2: 1.0925e-01
================================================================================

🗑️  已删除旧最优模型 | 历史最优损失: 3.915043
✅ 已保存新最优模型 | 当前最优损失: 3.899162 | Epoch: 34
Epoch[35] Batch[1/3125] | Loss: 3.5974e+00 | Grad: True  | Update: True  | Elapsed: 0:00:00 | ETA: 0:49:10
Epoch[35] Batch[101/3125] | Loss: 3.6920e+00 | Grad: True  | Update: True  | Elapsed: 0:01:01 | ETA: 0:30:33
Epoch[35] Batch[201/3125] | Loss: 3.5086e+00 | Grad: True  | Update: True  | Elapsed: 0:02:01 | ETA: 0:29:30
Epoch[35] Batch[301/3125] | Loss: 3.5713e+00 | Grad: True  | Update: True  | Elapsed: 0:03:02 | ETA: 0:28:29
Epoch[35] Batch[401/3125] | Loss: 3.5651e+00 | Grad: True  | Update: True  | Elapsed: 0:04:02 | ETA: 0:27:27
Epoch[35] Batch[501/3125] | Loss: 3.9135e+00 | Grad: True  | Update: True  | Elapsed: 0:05:02 | ETA: 0:26:26
Epoch[35] Batch[601/3125] | Loss: 3.5696e+00 | Grad: True  | Update: True  | Elapsed: 0:06:03 | ETA: 0:25:25
Epoch[35] Batch[701/3125] | Loss: 3.7664e+00 | Grad: True  | Update: True  | Elapsed: 0:07:03 | ETA: 0:24:24
Epoch[35] Batch[801/3125] | Loss: 3.7462e+00 | Grad: True  | Update: True  | Elapsed: 0:08:03 | ETA: 0:23:23
Epoch[35] Batch[901/3125] | Loss: 3.6987e+00 | Grad: True  | Update: True  | Elapsed: 0:09:04 | ETA: 0:22:23
Epoch[35] Batch[1001/3125] | Loss: 3.9326e+00 | Grad: True  | Update: True  | Elapsed: 0:10:04 | ETA: 0:21:23
Epoch[35] Batch[1101/3125] | Loss: 3.8322e+00 | Grad: True  | Update: True  | Elapsed: 0:11:05 | ETA: 0:20:23
Epoch[35] Batch[1201/3125] | Loss: 3.6087e+00 | Grad: True  | Update: True  | Elapsed: 0:12:05 | ETA: 0:19:22
Epoch[35] Batch[1301/3125] | Loss: 3.7059e+00 | Grad: True  | Update: True  | Elapsed: 0:13:06 | ETA: 0:18:22
Epoch[35] Batch[1401/3125] | Loss: 3.6893e+00 | Grad: True  | Update: True  | Elapsed: 0:14:06 | ETA: 0:17:21
Epoch[35] Batch[1501/3125] | Loss: 4.1426e+00 | Grad: True  | Update: True  | Elapsed: 0:15:06 | ETA: 0:16:20
Epoch[35] Batch[1601/3125] | Loss: 3.5603e+00 | Grad: True  | Update: True  | Elapsed: 0:16:06 | ETA: 0:15:20
Epoch[35] Batch[1701/3125] | Loss: 3.8204e+00 | Grad: True  | Update: True  | Elapsed: 0:17:07 | ETA: 0:14:19
Epoch[35] Batch[1801/3125] | Loss: 3.8116e+00 | Grad: True  | Update: True  | Elapsed: 0:18:07 | ETA: 0:13:19
Epoch[35] Batch[1901/3125] | Loss: 3.7573e+00 | Grad: True  | Update: True  | Elapsed: 0:19:07 | ETA: 0:12:19
Epoch[35] Batch[2001/3125] | Loss: 3.7490e+00 | Grad: True  | Update: True  | Elapsed: 0:20:08 | ETA: 0:11:18
Epoch[35] Batch[2101/3125] | Loss: 3.6254e+00 | Grad: True  | Update: True  | Elapsed: 0:21:08 | ETA: 0:10:18
Epoch[35] Batch[2201/3125] | Loss: 3.7381e+00 | Grad: True  | Update: True  | Elapsed: 0:22:08 | ETA: 0:09:17
Epoch[35] Batch[2301/3125] | Loss: 3.8338e+00 | Grad: True  | Update: True  | Elapsed: 0:23:09 | ETA: 0:08:17
Epoch[35] Batch[2401/3125] | Loss: 3.8819e+00 | Grad: True  | Update: True  | Elapsed: 0:24:09 | ETA: 0:07:17
Epoch[35] Batch[2501/3125] | Loss: 3.6634e+00 | Grad: True  | Update: True  | Elapsed: 0:25:09 | ETA: 0:06:16
Epoch[35] Batch[2601/3125] | Loss: 3.5806e+00 | Grad: True  | Update: True  | Elapsed: 0:26:10 | ETA: 0:05:16
Epoch[35] Batch[2701/3125] | Loss: 3.8862e+00 | Grad: True  | Update: True  | Elapsed: 0:27:10 | ETA: 0:04:15
Epoch[35] Batch[2801/3125] | Loss: 3.6965e+00 | Grad: True  | Update: True  | Elapsed: 0:28:11 | ETA: 0:03:15
Epoch[35] Batch[2901/3125] | Loss: 3.7941e+00 | Grad: True  | Update: True  | Elapsed: 0:29:11 | ETA: 0:02:15
Epoch[35] Batch[3001/3125] | Loss: 3.9843e+00 | Grad: True  | Update: True  | Elapsed: 0:30:11 | ETA: 0:01:14
Epoch[35] Batch[3101/3125] | Loss: 3.8661e+00 | Grad: True  | Update: True  | Elapsed: 0:31:11 | ETA: 0:00:14

================================================================================
✅ Epoch 35 完成 | 总耗时: 1886.28s | 平均 Loss: 3.7600e+00
================================================================================

Validation Epoch [35] | Batch [100/625] | L1: 3.9210e+00 | MAE: 2.5681e+00 | MSE: 3.4774e-02 | PCC: 1.6318e-02
Validation Epoch [35] | Batch [200/625] | L1: 3.8504e+00 | MAE: 2.6037e+00 | MSE: 4.1670e-02 | PCC: 1.9858e-02
Validation Epoch [35] | Batch [300/625] | L1: 3.9383e+00 | MAE: 2.6026e+00 | MSE: 3.5396e-02 | PCC: 1.6767e-02
Validation Epoch [35] | Batch [400/625] | L1: 3.8440e+00 | MAE: 2.6413e+00 | MSE: 4.2832e-02 | PCC: 1.9806e-02
Validation Epoch [35] | Batch [500/625] | L1: 3.9771e+00 | MAE: 2.8939e+00 | MSE: 6.1977e-02 | PCC: 2.8773e-02
Validation Epoch [35] | Batch [600/625] | L1: 4.0382e+00 | MAE: 2.7447e+00 | MSE: 4.4859e-02 | PCC: 2.0633e-02
Validation Epoch [35] | Batch [625/625] | L1: 3.5719e+00 | MAE: 2.6977e+00 | MSE: 4.2649e-02 | PCC: 2.0451e-02

================================================================================
✅ Epoch 35 验证完成
📉 平均损失:
   MAE:   2.6592e+00 | MSE:   4.2099e-02
   Huber: 3.4539e+00 | PCC:   1.9767e-02
   Comb:  3.0933e-02 | Comb2: 1.1194e-01
================================================================================

Epoch[36] Batch[1/3125] | Loss: 3.6048e+00 | Grad: True  | Update: True  | Elapsed: 0:00:00 | ETA: 0:44:52
Epoch[36] Batch[101/3125] | Loss: 3.6914e+00 | Grad: True  | Update: True  | Elapsed: 0:01:01 | ETA: 0:30:28
Epoch[36] Batch[201/3125] | Loss: 3.5195e+00 | Grad: True  | Update: True  | Elapsed: 0:02:01 | ETA: 0:29:24
Epoch[36] Batch[301/3125] | Loss: 3.5560e+00 | Grad: True  | Update: True  | Elapsed: 0:03:01 | ETA: 0:28:24
Epoch[36] Batch[401/3125] | Loss: 3.5465e+00 | Grad: True  | Update: True  | Elapsed: 0:04:01 | ETA: 0:27:23
Epoch[36] Batch[501/3125] | Loss: 3.9069e+00 | Grad: True  | Update: True  | Elapsed: 0:05:02 | ETA: 0:26:23
Epoch[36] Batch[601/3125] | Loss: 3.5664e+00 | Grad: True  | Update: True  | Elapsed: 0:06:02 | ETA: 0:25:23
Epoch[36] Batch[701/3125] | Loss: 3.7882e+00 | Grad: True  | Update: True  | Elapsed: 0:07:02 | ETA: 0:24:22
Epoch[36] Batch[801/3125] | Loss: 3.7397e+00 | Grad: True  | Update: True  | Elapsed: 0:08:03 | ETA: 0:23:21
Epoch[36] Batch[901/3125] | Loss: 3.7262e+00 | Grad: True  | Update: True  | Elapsed: 0:09:03 | ETA: 0:22:21
Epoch[36] Batch[1001/3125] | Loss: 3.9031e+00 | Grad: True  | Update: True  | Elapsed: 0:10:04 | ETA: 0:21:21
Epoch[36] Batch[1101/3125] | Loss: 3.8276e+00 | Grad: True  | Update: True  | Elapsed: 0:11:04 | ETA: 0:20:21
Epoch[36] Batch[1201/3125] | Loss: 3.6420e+00 | Grad: True  | Update: True  | Elapsed: 0:12:04 | ETA: 0:19:21
Epoch[36] Batch[1301/3125] | Loss: 3.6928e+00 | Grad: True  | Update: True  | Elapsed: 0:13:05 | ETA: 0:18:20
Epoch[36] Batch[1401/3125] | Loss: 3.6828e+00 | Grad: True  | Update: True  | Elapsed: 0:14:05 | ETA: 0:17:20
Epoch[36] Batch[1501/3125] | Loss: 4.0893e+00 | Grad: True  | Update: True  | Elapsed: 0:15:05 | ETA: 0:16:19
Epoch[36] Batch[1601/3125] | Loss: 3.5598e+00 | Grad: True  | Update: True  | Elapsed: 0:16:05 | ETA: 0:15:19
Epoch[36] Batch[1701/3125] | Loss: 3.8141e+00 | Grad: True  | Update: True  | Elapsed: 0:17:06 | ETA: 0:14:18
Epoch[36] Batch[1801/3125] | Loss: 3.8372e+00 | Grad: True  | Update: True  | Elapsed: 0:18:06 | ETA: 0:13:18
Epoch[36] Batch[1901/3125] | Loss: 3.7644e+00 | Grad: True  | Update: True  | Elapsed: 0:19:06 | ETA: 0:12:18
Epoch[36] Batch[2001/3125] | Loss: 3.7451e+00 | Grad: True  | Update: True  | Elapsed: 0:20:06 | ETA: 0:11:17
Epoch[36] Batch[2101/3125] | Loss: 3.6077e+00 | Grad: True  | Update: True  | Elapsed: 0:21:06 | ETA: 0:10:17
Epoch[36] Batch[2201/3125] | Loss: 3.7478e+00 | Grad: True  | Update: True  | Elapsed: 0:22:06 | ETA: 0:09:17
Epoch[36] Batch[2301/3125] | Loss: 3.8498e+00 | Grad: True  | Update: True  | Elapsed: 0:23:07 | ETA: 0:08:16
Epoch[36] Batch[2401/3125] | Loss: 3.8634e+00 | Grad: True  | Update: True  | Elapsed: 0:24:07 | ETA: 0:07:16
Epoch[36] Batch[2501/3125] | Loss: 3.6535e+00 | Grad: True  | Update: True  | Elapsed: 0:25:08 | ETA: 0:06:16
Epoch[36] Batch[2601/3125] | Loss: 3.5514e+00 | Grad: True  | Update: True  | Elapsed: 0:26:08 | ETA: 0:05:15
Epoch[36] Batch[2701/3125] | Loss: 3.8897e+00 | Grad: True  | Update: True  | Elapsed: 0:27:08 | ETA: 0:04:15
Epoch[36] Batch[2801/3125] | Loss: 3.7504e+00 | Grad: True  | Update: True  | Elapsed: 0:28:08 | ETA: 0:03:15
Epoch[36] Batch[2901/3125] | Loss: 3.7758e+00 | Grad: True  | Update: True  | Elapsed: 0:29:09 | ETA: 0:02:15
Epoch[36] Batch[3001/3125] | Loss: 3.9777e+00 | Grad: True  | Update: True  | Elapsed: 0:30:09 | ETA: 0:01:14
Epoch[36] Batch[3101/3125] | Loss: 3.8908e+00 | Grad: True  | Update: True  | Elapsed: 0:31:09 | ETA: 0:00:14

================================================================================
✅ Epoch 36 完成 | 总耗时: 1884.02s | 平均 Loss: 3.7524e+00
================================================================================

Validation Epoch [36] | Batch [100/625] | L1: 3.9872e+00 | MAE: 2.6129e+00 | MSE: 4.3206e-02 | PCC: 1.5745e-02
Validation Epoch [36] | Batch [200/625] | L1: 3.8897e+00 | MAE: 2.6310e+00 | MSE: 5.2108e-02 | PCC: 1.9404e-02
Validation Epoch [36] | Batch [300/625] | L1: 4.0068e+00 | MAE: 2.6477e+00 | MSE: 4.3810e-02 | PCC: 1.6352e-02
Validation Epoch [36] | Batch [400/625] | L1: 3.8985e+00 | MAE: 2.6816e+00 | MSE: 5.2160e-02 | PCC: 1.9056e-02
Validation Epoch [36] | Batch [500/625] | L1: 4.0391e+00 | MAE: 2.9427e+00 | MSE: 7.3704e-02 | PCC: 2.7449e-02
Validation Epoch [36] | Batch [600/625] | L1: 4.0659e+00 | MAE: 2.7685e+00 | MSE: 5.3676e-02 | PCC: 1.9621e-02
Validation Epoch [36] | Batch [625/625] | L1: 3.6572e+00 | MAE: 2.7674e+00 | MSE: 5.5231e-02 | PCC: 1.9753e-02

================================================================================
✅ Epoch 36 验证完成
📉 平均损失:
   MAE:   2.6984e+00 | MSE:   5.1964e-02
   Huber: 3.5067e+00 | PCC:   1.9229e-02
   Comb:  3.5596e-02 | Comb2: 1.2307e-01
================================================================================

Epoch[37] Batch[1/3125] | Loss: 3.6590e+00 | Grad: True  | Update: True  | Elapsed: 0:00:00 | ETA: 0:50:06
Epoch[37] Batch[101/3125] | Loss: 3.7337e+00 | Grad: True  | Update: True  | Elapsed: 0:01:01 | ETA: 0:30:30
Epoch[37] Batch[201/3125] | Loss: 3.5306e+00 | Grad: True  | Update: True  | Elapsed: 0:02:01 | ETA: 0:29:26
Epoch[37] Batch[301/3125] | Loss: 3.5777e+00 | Grad: True  | Update: True  | Elapsed: 0:03:01 | ETA: 0:28:24
Epoch[37] Batch[401/3125] | Loss: 3.5346e+00 | Grad: True  | Update: True  | Elapsed: 0:04:01 | ETA: 0:27:22
Epoch[37] Batch[501/3125] | Loss: 3.9030e+00 | Grad: True  | Update: True  | Elapsed: 0:05:02 | ETA: 0:26:21
Epoch[37] Batch[601/3125] | Loss: 3.5769e+00 | Grad: True  | Update: True  | Elapsed: 0:06:02 | ETA: 0:25:21
Epoch[37] Batch[701/3125] | Loss: 3.7418e+00 | Grad: True  | Update: True  | Elapsed: 0:07:02 | ETA: 0:24:20
Epoch[37] Batch[801/3125] | Loss: 3.7449e+00 | Grad: True  | Update: True  | Elapsed: 0:08:02 | ETA: 0:23:19
Epoch[37] Batch[901/3125] | Loss: 3.6733e+00 | Grad: True  | Update: True  | Elapsed: 0:09:02 | ETA: 0:22:19
Epoch[37] Batch[1001/3125] | Loss: 3.8911e+00 | Grad: True  | Update: True  | Elapsed: 0:10:02 | ETA: 0:21:19
Epoch[37] Batch[1101/3125] | Loss: 3.8144e+00 | Grad: True  | Update: True  | Elapsed: 0:11:03 | ETA: 0:20:19
Epoch[37] Batch[1201/3125] | Loss: 3.6059e+00 | Grad: True  | Update: True  | Elapsed: 0:12:03 | ETA: 0:19:18
Epoch[37] Batch[1301/3125] | Loss: 3.6929e+00 | Grad: True  | Update: True  | Elapsed: 0:13:03 | ETA: 0:18:18
Epoch[37] Batch[1401/3125] | Loss: 3.6842e+00 | Grad: True  | Update: True  | Elapsed: 0:14:03 | ETA: 0:17:18
Epoch[37] Batch[1501/3125] | Loss: 4.1335e+00 | Grad: True  | Update: True  | Elapsed: 0:15:04 | ETA: 0:16:18
Epoch[37] Batch[1601/3125] | Loss: 3.6382e+00 | Grad: True  | Update: True  | Elapsed: 0:16:04 | ETA: 0:15:17
Epoch[37] Batch[1701/3125] | Loss: 3.8029e+00 | Grad: True  | Update: True  | Elapsed: 0:17:04 | ETA: 0:14:17
Epoch[37] Batch[1801/3125] | Loss: 3.8169e+00 | Grad: True  | Update: True  | Elapsed: 0:18:04 | ETA: 0:13:17
Epoch[37] Batch[1901/3125] | Loss: 3.7555e+00 | Grad: True  | Update: True  | Elapsed: 0:19:04 | ETA: 0:12:16
Epoch[37] Batch[2001/3125] | Loss: 3.7512e+00 | Grad: True  | Update: True  | Elapsed: 0:20:04 | ETA: 0:11:16
Epoch[37] Batch[2101/3125] | Loss: 3.5724e+00 | Grad: True  | Update: True  | Elapsed: 0:21:04 | ETA: 0:10:16
Epoch[37] Batch[2201/3125] | Loss: 3.7667e+00 | Grad: True  | Update: True  | Elapsed: 0:22:04 | ETA: 0:09:16
Epoch[37] Batch[2301/3125] | Loss: 3.8196e+00 | Grad: True  | Update: True  | Elapsed: 0:23:05 | ETA: 0:08:16
Epoch[37] Batch[2401/3125] | Loss: 3.8284e+00 | Grad: True  | Update: True  | Elapsed: 0:24:05 | ETA: 0:07:15
Epoch[37] Batch[2501/3125] | Loss: 3.6327e+00 | Grad: True  | Update: True  | Elapsed: 0:25:05 | ETA: 0:06:15
Epoch[37] Batch[2601/3125] | Loss: 3.5410e+00 | Grad: True  | Update: True  | Elapsed: 0:26:05 | ETA: 0:05:15
Epoch[37] Batch[2701/3125] | Loss: 3.8804e+00 | Grad: True  | Update: True  | Elapsed: 0:27:05 | ETA: 0:04:15
Epoch[37] Batch[2801/3125] | Loss: 3.7160e+00 | Grad: True  | Update: True  | Elapsed: 0:28:06 | ETA: 0:03:15
Epoch[37] Batch[2901/3125] | Loss: 3.7809e+00 | Grad: True  | Update: True  | Elapsed: 0:29:06 | ETA: 0:02:14
Epoch[37] Batch[3001/3125] | Loss: 3.9876e+00 | Grad: True  | Update: True  | Elapsed: 0:30:06 | ETA: 0:01:14
Epoch[37] Batch[3101/3125] | Loss: 3.8270e+00 | Grad: True  | Update: True  | Elapsed: 0:31:06 | ETA: 0:00:14

================================================================================
✅ Epoch 37 完成 | 总耗时: 1880.93s | 平均 Loss: 3.7460e+00
================================================================================

Validation Epoch [37] | Batch [100/625] | L1: 3.8958e+00 | MAE: 2.5521e+00 | MSE: 3.1328e-02 | PCC: 1.5458e-02
Validation Epoch [37] | Batch [200/625] | L1: 3.8102e+00 | MAE: 2.5777e+00 | MSE: 3.8706e-02 | PCC: 1.9209e-02
Validation Epoch [37] | Batch [300/625] | L1: 3.8952e+00 | MAE: 2.5746e+00 | MSE: 3.3120e-02 | PCC: 1.6402e-02
Validation Epoch [37] | Batch [400/625] | L1: 3.8106e+00 | MAE: 2.6189e+00 | MSE: 3.8113e-02 | PCC: 1.8567e-02
Validation Epoch [37] | Batch [500/625] | L1: 3.9481e+00 | MAE: 2.8743e+00 | MSE: 5.6929e-02 | PCC: 2.7604e-02
Validation Epoch [37] | Batch [600/625] | L1: 3.9956e+00 | MAE: 2.7190e+00 | MSE: 4.2121e-02 | PCC: 2.0320e-02
Validation Epoch [37] | Batch [625/625] | L1: 3.5461e+00 | MAE: 2.6793e+00 | MSE: 3.9015e-02 | PCC: 1.9206e-02

================================================================================
✅ Epoch 37 验证完成
📉 平均损失:
   MAE:   2.6397e+00 | MSE:   3.9005e-02
   Huber: 3.4231e+00 | PCC:   1.9114e-02
   Comb:  2.9059e-02 | Comb2: 1.0772e-01
================================================================================

🗑️  已删除旧最优模型 | 历史最优损失: 3.899162
✅ 已保存新最优模型 | 当前最优损失: 3.880597 | Epoch: 37
Epoch[38] Batch[1/3125] | Loss: 3.5895e+00 | Grad: True  | Update: True  | Elapsed: 0:00:00 | ETA: 0:37:29
Epoch[38] Batch[101/3125] | Loss: 3.7243e+00 | Grad: True  | Update: True  | Elapsed: 0:01:00 | ETA: 0:30:17
Epoch[38] Batch[201/3125] | Loss: 3.5252e+00 | Grad: True  | Update: True  | Elapsed: 0:02:00 | ETA: 0:29:19
Epoch[38] Batch[301/3125] | Loss: 3.5691e+00 | Grad: True  | Update: True  | Elapsed: 0:03:01 | ETA: 0:28:18
Epoch[38] Batch[401/3125] | Loss: 3.5369e+00 | Grad: True  | Update: True  | Elapsed: 0:04:01 | ETA: 0:27:18
Epoch[38] Batch[501/3125] | Loss: 3.9495e+00 | Grad: True  | Update: True  | Elapsed: 0:05:01 | ETA: 0:26:18
Epoch[38] Batch[601/3125] | Loss: 3.5480e+00 | Grad: True  | Update: True  | Elapsed: 0:06:01 | ETA: 0:25:18
Epoch[38] Batch[701/3125] | Loss: 3.8286e+00 | Grad: True  | Update: True  | Elapsed: 0:07:01 | ETA: 0:24:18
Epoch[38] Batch[801/3125] | Loss: 3.7794e+00 | Grad: True  | Update: True  | Elapsed: 0:08:02 | ETA: 0:23:18
Epoch[38] Batch[901/3125] | Loss: 3.6631e+00 | Grad: True  | Update: True  | Elapsed: 0:09:02 | ETA: 0:22:18
Epoch[38] Batch[1001/3125] | Loss: 3.8792e+00 | Grad: True  | Update: True  | Elapsed: 0:10:02 | ETA: 0:21:18
Epoch[38] Batch[1101/3125] | Loss: 3.7949e+00 | Grad: True  | Update: True  | Elapsed: 0:11:02 | ETA: 0:20:18
Epoch[38] Batch[1201/3125] | Loss: 3.5795e+00 | Grad: True  | Update: True  | Elapsed: 0:12:02 | ETA: 0:19:18
Epoch[38] Batch[1301/3125] | Loss: 3.6684e+00 | Grad: True  | Update: True  | Elapsed: 0:13:03 | ETA: 0:18:18
Epoch[38] Batch[1401/3125] | Loss: 3.6989e+00 | Grad: True  | Update: True  | Elapsed: 0:14:03 | ETA: 0:17:17
Epoch[38] Batch[1501/3125] | Loss: 4.0668e+00 | Grad: True  | Update: True  | Elapsed: 0:15:03 | ETA: 0:16:17
Epoch[38] Batch[1601/3125] | Loss: 3.5547e+00 | Grad: True  | Update: True  | Elapsed: 0:16:03 | ETA: 0:15:17
Epoch[38] Batch[1701/3125] | Loss: 3.8365e+00 | Grad: True  | Update: True  | Elapsed: 0:17:03 | ETA: 0:14:17
Epoch[38] Batch[1801/3125] | Loss: 3.8130e+00 | Grad: True  | Update: True  | Elapsed: 0:18:03 | ETA: 0:13:16
Epoch[38] Batch[1901/3125] | Loss: 3.7564e+00 | Grad: True  | Update: True  | Elapsed: 0:19:04 | ETA: 0:12:16
Epoch[38] Batch[2001/3125] | Loss: 3.7809e+00 | Grad: True  | Update: True  | Elapsed: 0:20:04 | ETA: 0:11:16
Epoch[38] Batch[2101/3125] | Loss: 3.5899e+00 | Grad: True  | Update: True  | Elapsed: 0:21:04 | ETA: 0:10:16
Epoch[38] Batch[2201/3125] | Loss: 3.7441e+00 | Grad: True  | Update: True  | Elapsed: 0:22:04 | ETA: 0:09:16
Epoch[38] Batch[2301/3125] | Loss: 3.8385e+00 | Grad: True  | Update: True  | Elapsed: 0:23:04 | ETA: 0:08:15
Epoch[38] Batch[2401/3125] | Loss: 3.9146e+00 | Grad: True  | Update: True  | Elapsed: 0:24:04 | ETA: 0:07:15
Exception in thread Thread-1:
Traceback (most recent call last):
  File "/home/oyys/anaconda3/envs/mamba/lib/python3.10/threading.py", line 1016, in _bootstrap_inner
    self.run()
  File "/home/oyys/anaconda3/envs/mamba/lib/python3.10/site-packages/tensorboard/summary/writer/event_file_writer.py", line 244, in run
    self._run()
  File "/home/oyys/anaconda3/envs/mamba/lib/python3.10/site-packages/tensorboard/summary/writer/event_file_writer.py", line 275, in _run
    self._record_writer.write(data)
  File "/home/oyys/anaconda3/envs/mamba/lib/python3.10/site-packages/tensorboard/summary/writer/record_writer.py", line 40, in write
    self._writer.write(header + header_crc + data + footer_crc)
  File "/home/oyys/anaconda3/envs/mamba/lib/python3.10/site-packages/tensorboard/compat/tensorflow_stub/io/gfile.py", line 775, in write
    self.fs.append(self.filename, file_content, self.binary_mode)
  File "/home/oyys/anaconda3/envs/mamba/lib/python3.10/site-packages/tensorboard/compat/tensorflow_stub/io/gfile.py", line 167, in append
    self._write(filename, file_content, "ab" if binary_mode else "a")
  File "/home/oyys/anaconda3/envs/mamba/lib/python3.10/site-packages/tensorboard/compat/tensorflow_stub/io/gfile.py", line 171, in _write
    with io.open(filename, mode, encoding=encoding) as f:
OSError: [Errno 28] No space left on device
Traceback (most recent call last):
  File "/home/oyys/code/U-Mamba/AutoPhaseNN/oyys_lcrc_train_singleGPU.py", line 700, in <module>
    train_loss_details, global_step = train(
  File "/home/oyys/code/U-Mamba/AutoPhaseNN/oyys_lcrc_train_singleGPU.py", line 183, in train
    writer.add_scalar("Lr", optimizer.param_groups[0]['lr'], global_step)
  File "/home/oyys/anaconda3/envs/mamba/lib/python3.10/site-packages/torch/utils/tensorboard/writer.py", line 396, in add_scalar
    self._get_file_writer().add_summary(summary, global_step, walltime)
  File "/home/oyys/anaconda3/envs/mamba/lib/python3.10/site-packages/torch/utils/tensorboard/writer.py", line 114, in add_summary
    self.a