Small output dir: umamba_based_autophasenn/output
Checkpoint dir: /data_ssd/oyys/autophasenn/umamba_pipeline_output/umamba_train_l1_0612
Resolved memmap samples: train=25000, val=5000
Training setup: from_scratch | loss_scope=diff | loss_type=l1 | cache_data=False
feature_map_sizes: [[64, 64, 64], [32, 32, 32], [16, 16, 16], [8, 8, 8], [4, 4, 4]]
do_channel_token: [False, False, False, False, True]
MambaLayer: dim: 32
MambaLayer: dim: 64
MambaLayer: dim: 128
MambaLayer: dim: 256
MambaLayer: dim: 64
deep_supervision: False
No checkpoint resume requested; starting at epoch 1 with optimizer LR [0.001].
Epoch[1] Batch[100/3125] | OptTotal: 7.5940e+00 | FTLoss: 7.5940e+00 | AmpL1Full: 6.7771e-02 | PhaseL1PredSup: 8.0819e-01 | SupportBCE: 6.9340e+00 | SupportWeighted: 0.0000e+00 | BatchLR: 1.000e-03 | Grad: True  | Update: True  | Elapsed: 0:01:00 | ETA: 0:30:42
Epoch[1] Batch[200/3125] | OptTotal: 7.0284e+00 | FTLoss: 7.0284e+00 | AmpL1Full: 5.1729e-02 | PhaseL1PredSup: 6.5803e-01 | SupportBCE: 6.9259e+00 | SupportWeighted: 0.0000e+00 | BatchLR: 1.000e-03 | Grad: True  | Update: True  | Elapsed: 0:02:00 | ETA: 0:29:24
Epoch[1] Batch[300/3125] | OptTotal: 6.4396e+00 | FTLoss: 6.4396e+00 | AmpL1Full: 5.2464e-02 | PhaseL1PredSup: 6.7307e-01 | SupportBCE: 6.9299e+00 | SupportWeighted: 0.0000e+00 | BatchLR: 1.000e-03 | Grad: True  | Update: True  | Elapsed: 0:03:00 | ETA: 0:28:19
Epoch[1] Batch[400/3125] | OptTotal: 5.9505e+00 | FTLoss: 5.9505e+00 | AmpL1Full: 4.4255e-02 | PhaseL1PredSup: 6.3646e-01 | SupportBCE: 6.9255e+00 | SupportWeighted: 0.0000e+00 | BatchLR: 1.000e-03 | Grad: True  | Update: True  | Elapsed: 0:03:59 | ETA: 0:27:14
Epoch[1] Batch[500/3125] | OptTotal: 6.7906e+00 | FTLoss: 6.7906e+00 | AmpL1Full: 4.5403e-02 | PhaseL1PredSup: 5.8628e-01 | SupportBCE: 6.9231e+00 | SupportWeighted: 0.0000e+00 | BatchLR: 1.000e-03 | Grad: True  | Update: True  | Elapsed: 0:04:59 | ETA: 0:26:10
Epoch[1] Batch[600/3125] | OptTotal: 6.5319e+00 | FTLoss: 6.5319e+00 | AmpL1Full: 5.3436e-02 | PhaseL1PredSup: 6.6805e-01 | SupportBCE: 6.9285e+00 | SupportWeighted: 0.0000e+00 | BatchLR: 1.000e-03 | Grad: True  | Update: True  | Elapsed: 0:05:58 | ETA: 0:25:08
Epoch[1] Batch[700/3125] | OptTotal: 6.3151e+00 | FTLoss: 6.3151e+00 | AmpL1Full: 5.1492e-02 | PhaseL1PredSup: 6.4774e-01 | SupportBCE: 6.9273e+00 | SupportWeighted: 0.0000e+00 | BatchLR: 1.000e-03 | Grad: True  | Update: True  | Elapsed: 0:06:57 | ETA: 0:24:07
Epoch[1] Batch[800/3125] | OptTotal: 6.5576e+00 | FTLoss: 6.5576e+00 | AmpL1Full: 5.1158e-02 | PhaseL1PredSup: 6.0749e-01 | SupportBCE: 6.9250e+00 | SupportWeighted: 0.0000e+00 | BatchLR: 1.000e-03 | Grad: True  | Update: True  | Elapsed: 0:07:57 | ETA: 0:23:06
Epoch[1] Batch[900/3125] | OptTotal: 6.3428e+00 | FTLoss: 6.3428e+00 | AmpL1Full: 6.1713e-02 | PhaseL1PredSup: 7.1594e-01 | SupportBCE: 6.9323e+00 | SupportWeighted: 0.0000e+00 | BatchLR: 1.000e-03 | Grad: True  | Update: True  | Elapsed: 0:08:56 | ETA: 0:22:05
Epoch[1] Batch[1000/3125] | OptTotal: 6.4648e+00 | FTLoss: 6.4648e+00 | AmpL1Full: 5.7713e-02 | PhaseL1PredSup: 7.1935e-01 | SupportBCE: 6.9267e+00 | SupportWeighted: 0.0000e+00 | BatchLR: 1.000e-03 | Grad: True  | Update: True  | Elapsed: 0:09:55 | ETA: 0:21:05
Epoch[1] Batch[1100/3125] | OptTotal: 6.3508e+00 | FTLoss: 6.3508e+00 | AmpL1Full: 4.3182e-02 | PhaseL1PredSup: 5.4446e-01 | SupportBCE: 6.9197e+00 | SupportWeighted: 0.0000e+00 | BatchLR: 1.000e-03 | Grad: True  | Update: True  | Elapsed: 0:10:54 | ETA: 0:20:05
Epoch[1] Batch[1200/3125] | OptTotal: 6.5088e+00 | FTLoss: 6.5088e+00 | AmpL1Full: 5.4274e-02 | PhaseL1PredSup: 6.1386e-01 | SupportBCE: 6.9221e+00 | SupportWeighted: 0.0000e+00 | BatchLR: 1.000e-03 | Grad: True  | Update: True  | Elapsed: 0:11:54 | ETA: 0:19:05
Epoch[1] Batch[1300/3125] | OptTotal: 6.1184e+00 | FTLoss: 6.1184e+00 | AmpL1Full: 5.2041e-02 | PhaseL1PredSup: 6.1969e-01 | SupportBCE: 6.9213e+00 | SupportWeighted: 0.0000e+00 | BatchLR: 1.000e-03 | Grad: True  | Update: True  | Elapsed: 0:12:53 | ETA: 0:18:05
Epoch[1] Batch[1400/3125] | OptTotal: 6.6283e+00 | FTLoss: 6.6283e+00 | AmpL1Full: 6.4987e-02 | PhaseL1PredSup: 7.0766e-01 | SupportBCE: 6.9152e+00 | SupportWeighted: 0.0000e+00 | BatchLR: 1.000e-03 | Grad: True  | Update: True  | Elapsed: 0:13:52 | ETA: 0:17:05
Epoch[1] Batch[1500/3125] | OptTotal: 5.9145e+00 | FTLoss: 5.9145e+00 | AmpL1Full: 6.1668e-02 | PhaseL1PredSup: 7.2718e-01 | SupportBCE: 6.9167e+00 | SupportWeighted: 0.0000e+00 | BatchLR: 1.000e-03 | Grad: True  | Update: True  | Elapsed: 0:14:51 | ETA: 0:16:06
Epoch[1] Batch[1600/3125] | OptTotal: 5.6623e+00 | FTLoss: 5.6623e+00 | AmpL1Full: 4.9612e-02 | PhaseL1PredSup: 6.7697e-01 | SupportBCE: 6.9050e+00 | SupportWeighted: 0.0000e+00 | BatchLR: 1.000e-03 | Grad: True  | Update: True  | Elapsed: 0:15:51 | ETA: 0:15:06
Epoch[1] Batch[1700/3125] | OptTotal: 5.9798e+00 | FTLoss: 5.9798e+00 | AmpL1Full: 5.6326e-02 | PhaseL1PredSup: 6.8613e-01 | SupportBCE: 6.9162e+00 | SupportWeighted: 0.0000e+00 | BatchLR: 1.000e-03 | Grad: True  | Update: True  | Elapsed: 0:16:51 | ETA: 0:14:07
Epoch[1] Batch[1800/3125] | OptTotal: 6.8196e+00 | FTLoss: 6.8196e+00 | AmpL1Full: 6.1172e-02 | PhaseL1PredSup: 6.5865e-01 | SupportBCE: 6.8625e+00 | SupportWeighted: 0.0000e+00 | BatchLR: 1.000e-03 | Grad: True  | Update: True  | Elapsed: 0:17:51 | ETA: 0:13:08
Epoch[1] Batch[1900/3125] | OptTotal: 6.3660e+00 | FTLoss: 6.3660e+00 | AmpL1Full: 5.4362e-02 | PhaseL1PredSup: 6.7754e-01 | SupportBCE: 6.8188e+00 | SupportWeighted: 0.0000e+00 | BatchLR: 1.000e-03 | Grad: True  | Update: True  | Elapsed: 0:18:50 | ETA: 0:12:08
Epoch[1] Batch[2000/3125] | OptTotal: 6.1791e+00 | FTLoss: 6.1791e+00 | AmpL1Full: 5.6153e-02 | PhaseL1PredSup: 6.7877e-01 | SupportBCE: 6.8427e+00 | SupportWeighted: 0.0000e+00 | BatchLR: 1.000e-03 | Grad: True  | Update: True  | Elapsed: 0:19:49 | ETA: 0:11:09
Epoch[1] Batch[2100/3125] | OptTotal: 6.2933e+00 | FTLoss: 6.2933e+00 | AmpL1Full: 7.4731e-02 | PhaseL1PredSup: 7.7123e-01 | SupportBCE: 6.8178e+00 | SupportWeighted: 0.0000e+00 | BatchLR: 1.000e-03 | Grad: True  | Update: True  | Elapsed: 0:20:48 | ETA: 0:10:09
Epoch[1] Batch[2200/3125] | OptTotal: 6.2861e+00 | FTLoss: 6.2861e+00 | AmpL1Full: 6.5174e-02 | PhaseL1PredSup: 7.1671e-01 | SupportBCE: 6.7674e+00 | SupportWeighted: 0.0000e+00 | BatchLR: 1.000e-03 | Grad: True  | Update: True  | Elapsed: 0:21:48 | ETA: 0:09:09
Epoch[1] Batch[2300/3125] | OptTotal: 5.9569e+00 | FTLoss: 5.9569e+00 | AmpL1Full: 5.7650e-02 | PhaseL1PredSup: 6.8189e-01 | SupportBCE: 6.8264e+00 | SupportWeighted: 0.0000e+00 | BatchLR: 1.000e-03 | Grad: True  | Update: True  | Elapsed: 0:22:47 | ETA: 0:08:10
Epoch[1] Batch[2400/3125] | OptTotal: 5.6041e+00 | FTLoss: 5.6041e+00 | AmpL1Full: 4.6808e-02 | PhaseL1PredSup: 6.3548e-01 | SupportBCE: 6.7818e+00 | SupportWeighted: 0.0000e+00 | BatchLR: 1.000e-03 | Grad: True  | Update: True  | Elapsed: 0:23:46 | ETA: 0:07:10
Epoch[1] Batch[2500/3125] | OptTotal: 6.4830e+00 | FTLoss: 6.4830e+00 | AmpL1Full: 5.8096e-02 | PhaseL1PredSup: 6.4342e-01 | SupportBCE: 6.7732e+00 | SupportWeighted: 0.0000e+00 | BatchLR: 1.000e-03 | Grad: True  | Update: True  | Elapsed: 0:24:45 | ETA: 0:06:11
Epoch[1] Batch[2600/3125] | OptTotal: 6.1823e+00 | FTLoss: 6.1823e+00 | AmpL1Full: 5.9708e-02 | PhaseL1PredSup: 6.7683e-01 | SupportBCE: 6.7152e+00 | SupportWeighted: 0.0000e+00 | BatchLR: 1.000e-03 | Grad: True  | Update: True  | Elapsed: 0:25:45 | ETA: 0:05:11
Epoch[1] Batch[2700/3125] | OptTotal: 6.2977e+00 | FTLoss: 6.2977e+00 | AmpL1Full: 5.6265e-02 | PhaseL1PredSup: 6.6790e-01 | SupportBCE: 6.7571e+00 | SupportWeighted: 0.0000e+00 | BatchLR: 1.000e-03 | Grad: True  | Update: True  | Elapsed: 0:26:44 | ETA: 0:04:12
Epoch[1] Batch[2800/3125] | OptTotal: 5.7950e+00 | FTLoss: 5.7950e+00 | AmpL1Full: 5.8079e-02 | PhaseL1PredSup: 7.0116e-01 | SupportBCE: 6.7944e+00 | SupportWeighted: 0.0000e+00 | BatchLR: 1.000e-03 | Grad: True  | Update: True  | Elapsed: 0:27:43 | ETA: 0:03:13
Epoch[1] Batch[2900/3125] | OptTotal: 5.9643e+00 | FTLoss: 5.9643e+00 | AmpL1Full: 5.8991e-02 | PhaseL1PredSup: 6.9335e-01 | SupportBCE: 6.6874e+00 | SupportWeighted: 0.0000e+00 | BatchLR: 1.000e-03 | Grad: True  | Update: True  | Elapsed: 0:28:43 | ETA: 0:02:13
Epoch[1] Batch[3000/3125] | OptTotal: 6.0781e+00 | FTLoss: 6.0781e+00 | AmpL1Full: 5.7278e-02 | PhaseL1PredSup: 6.9080e-01 | SupportBCE: 6.4838e+00 | SupportWeighted: 0.0000e+00 | BatchLR: 1.000e-03 | Grad: True  | Update: True  | Elapsed: 0:29:43 | ETA: 0:01:14
Epoch[1] Batch[3100/3125] | OptTotal: 6.3007e+00 | FTLoss: 6.3007e+00 | AmpL1Full: 5.3363e-02 | PhaseL1PredSup: 6.1080e-01 | SupportBCE: 6.3939e+00 | SupportWeighted: 0.0000e+00 | BatchLR: 1.000e-03 | Grad: True  | Update: True  | Elapsed: 0:30:43 | ETA: 0:00:14
Epoch[1] Batch[3125/3125] | OptTotal: 6.0660e+00 | FTLoss: 6.0660e+00 | AmpL1Full: 5.4013e-02 | PhaseL1PredSup: 6.4726e-01 | SupportBCE: 6.4661e+00 | SupportWeighted: 0.0000e+00 | BatchLR: 1.000e-03 | Grad: True  | Update: True  | Elapsed: 0:30:58 | ETA: 0:00:00

================================================================================
Epoch 1 complete | total time: 1858.75s | average OptTotal: 6.2939e+00
train epoch optimization terms | OptTotal: 6.2939e+00 | FTLoss: 6.2939e+00 | SupportWeighted: 0.0000e+00
train epoch real-space monitors | AmpL1Full: 5.2822e-02 | PhaseL1PredSup: 6.5731e-01 | SupportBCE: 6.8510e+00
================================================================================

Validation Epoch [1] | Batch [100/625] | OptTotal: 6.3171e+00 | FTLoss: 6.3171e+00 | AmpL1Full: 4.4265e-02 | PhaseL1PredSup: 5.6292e-01 | SupportBCE: 6.5122e+00
Validation Epoch [1] | Batch [200/625] | OptTotal: 5.8489e+00 | FTLoss: 5.8489e+00 | AmpL1Full: 5.2500e-02 | PhaseL1PredSup: 6.3750e-01 | SupportBCE: 6.3990e+00
Validation Epoch [1] | Batch [300/625] | OptTotal: 6.1568e+00 | FTLoss: 6.1568e+00 | AmpL1Full: 4.6414e-02 | PhaseL1PredSup: 5.9487e-01 | SupportBCE: 6.7029e+00
Validation Epoch [1] | Batch [400/625] | OptTotal: 5.8311e+00 | FTLoss: 5.8311e+00 | AmpL1Full: 4.1385e-02 | PhaseL1PredSup: 5.6104e-01 | SupportBCE: 6.5996e+00
Validation Epoch [1] | Batch [500/625] | OptTotal: 6.5188e+00 | FTLoss: 6.5188e+00 | AmpL1Full: 4.4473e-02 | PhaseL1PredSup: 5.3087e-01 | SupportBCE: 6.4950e+00
Validation Epoch [1] | Batch [600/625] | OptTotal: 5.8042e+00 | FTLoss: 5.8042e+00 | AmpL1Full: 4.4585e-02 | PhaseL1PredSup: 5.8246e-01 | SupportBCE: 6.6505e+00
Validation Epoch [1] | Batch [625/625] | OptTotal: 5.9680e+00 | FTLoss: 5.9680e+00 | AmpL1Full: 4.9307e-02 | PhaseL1PredSup: 6.3053e-01 | SupportBCE: 6.6811e+00

================================================================================
Epoch 1 validation complete
val epoch optimization terms | OptTotal: 6.0409e+00 | FTLoss: 6.0409e+00 | SupportWeighted: 0.0000e+00
val epoch real-space monitors | AmpL1Full: 4.7382e-02 | PhaseL1PredSup: 5.9591e-01 | SupportBCE: 6.5495e+00
================================================================================

epoch 1/100 train_opt_total=6.29389 train_ft_loss=6.29389 train_support_weighted=0 train_amp_l1_full=0.0528221 train_phase_l1_predsup=0.657308 train_support_bce=6.851 val_opt_total=6.04094 val_ft_loss=6.04094 val_support_weighted=0 val_amp_l1_full=0.0473822 val_phase_l1_predsup=0.59591 val_support_bce=6.54946
Epoch[2] Batch[100/3125] | OptTotal: 5.8392e+00 | FTLoss: 5.8392e+00 | AmpL1Full: 4.9375e-02 | PhaseL1PredSup: 6.1768e-01 | SupportBCE: 6.6018e+00 | SupportWeighted: 0.0000e+00 | BatchLR: 1.000e-03 | Grad: True  | Update: True  | Elapsed: 0:00:59 | ETA: 0:30:08
Epoch[2] Batch[200/3125] | OptTotal: 5.6881e+00 | FTLoss: 5.6881e+00 | AmpL1Full: 6.3358e-02 | PhaseL1PredSup: 7.4229e-01 | SupportBCE: 6.6233e+00 | SupportWeighted: 0.0000e+00 | BatchLR: 1.000e-03 | Grad: True  | Update: True  | Elapsed: 0:01:59 | ETA: 0:29:00
Epoch[2] Batch[300/3125] | OptTotal: 6.3192e+00 | FTLoss: 6.3192e+00 | AmpL1Full: 5.2137e-02 | PhaseL1PredSup: 6.3683e-01 | SupportBCE: 6.4335e+00 | SupportWeighted: 0.0000e+00 | BatchLR: 1.000e-03 | Grad: True  | Update: True  | Elapsed: 0:02:58 | ETA: 0:27:59
Epoch[2] Batch[400/3125] | OptTotal: 6.1473e+00 | FTLoss: 6.1473e+00 | AmpL1Full: 5.4693e-02 | PhaseL1PredSup: 6.3928e-01 | SupportBCE: 6.4955e+00 | SupportWeighted: 0.0000e+00 | BatchLR: 1.000e-03 | Grad: True  | Update: True  | Elapsed: 0:04:00 | ETA: 0:27:17
Epoch[2] Batch[500/3125] | OptTotal: 5.9782e+00 | FTLoss: 5.9782e+00 | AmpL1Full: 4.5420e-02 | PhaseL1PredSup: 5.9454e-01 | SupportBCE: 6.4659e+00 | SupportWeighted: 0.0000e+00 | BatchLR: 1.000e-03 | Grad: True  | Update: True  | Elapsed: 0:04:59 | ETA: 0:26:12
Epoch[2] Batch[600/3125] | OptTotal: 5.6639e+00 | FTLoss: 5.6639e+00 | AmpL1Full: 6.4275e-02 | PhaseL1PredSup: 7.8163e-01 | SupportBCE: 6.4364e+00 | SupportWeighted: 0.0000e+00 | BatchLR: 1.000e-03 | Grad: True  | Update: True  | Elapsed: 0:05:58 | ETA: 0:25:09
Epoch[2] Batch[700/3125] | OptTotal: 5.9922e+00 | FTLoss: 5.9922e+00 | AmpL1Full: 5.2543e-02 | PhaseL1PredSup: 6.6370e-01 | SupportBCE: 6.3056e+00 | SupportWeighted: 0.0000e+00 | BatchLR: 1.000e-03 | Grad: True  | Update: True  | Elapsed: 0:06:58 | ETA: 0:24:08
Epoch[2] Batch[800/3125] | OptTotal: 5.7355e+00 | FTLoss: 5.7355e+00 | AmpL1Full: 5.0402e-02 | PhaseL1PredSup: 6.7175e-01 | SupportBCE: 6.5027e+00 | SupportWeighted: 0.0000e+00 | BatchLR: 1.000e-03 | Grad: True  | Update: True  | Elapsed: 0:07:57 | ETA: 0:23:06
Epoch[2] Batch[900/3125] | OptTotal: 5.5489e+00 | FTLoss: 5.5489e+00 | AmpL1Full: 5.4973e-02 | PhaseL1PredSup: 7.2423e-01 | SupportBCE: 6.4161e+00 | SupportWeighted: 0.0000e+00 | BatchLR: 1.000e-03 | Grad: True  | Update: True  | Elapsed: 0:08:56 | ETA: 0:22:06
Epoch[2] Batch[1000/3125] | OptTotal: 6.2181e+00 | FTLoss: 6.2181e+00 | AmpL1Full: 5.5332e-02 | PhaseL1PredSup: 6.6915e-01 | SupportBCE: 6.4619e+00 | SupportWeighted: 0.0000e+00 | BatchLR: 1.000e-03 | Grad: True  | Update: True  | Elapsed: 0:09:55 | ETA: 0:21:05
Epoch[2] Batch[1100/3125] | OptTotal: 5.7841e+00 | FTLoss: 5.7841e+00 | AmpL1Full: 3.7215e-02 | PhaseL1PredSup: 5.5452e-01 | SupportBCE: 6.3599e+00 | SupportWeighted: 0.0000e+00 | BatchLR: 1.000e-03 | Grad: True  | Update: True  | Elapsed: 0:10:54 | ETA: 0:20:05
Epoch[2] Batch[1200/3125] | OptTotal: 5.7303e+00 | FTLoss: 5.7303e+00 | AmpL1Full: 5.4849e-02 | PhaseL1PredSup: 7.0543e-01 | SupportBCE: 6.2503e+00 | SupportWeighted: 0.0000e+00 | BatchLR: 1.000e-03 | Grad: True  | Update: True  | Elapsed: 0:11:54 | ETA: 0:19:05
Epoch[2] Batch[1300/3125] | OptTotal: 5.5605e+00 | FTLoss: 5.5605e+00 | AmpL1Full: 5.4827e-02 | PhaseL1PredSup: 6.9579e-01 | SupportBCE: 6.1926e+00 | SupportWeighted: 0.0000e+00 | BatchLR: 1.000e-03 | Grad: True  | Update: True  | Elapsed: 0:12:54 | ETA: 0:18:06
Epoch[2] Batch[1400/3125] | OptTotal: 5.7908e+00 | FTLoss: 5.7908e+00 | AmpL1Full: 5.9090e-02 | PhaseL1PredSup: 7.5039e-01 | SupportBCE: 6.2935e+00 | SupportWeighted: 0.0000e+00 | BatchLR: 1.000e-03 | Grad: True  | Update: True  | Elapsed: 0:13:53 | ETA: 0:17:07
Epoch[2] Batch[1500/3125] | OptTotal: 5.3786e+00 | FTLoss: 5.3786e+00 | AmpL1Full: 5.0163e-02 | PhaseL1PredSup: 7.0440e-01 | SupportBCE: 6.4364e+00 | SupportWeighted: 0.0000e+00 | BatchLR: 1.000e-03 | Grad: True  | Update: True  | Elapsed: 0:14:53 | ETA: 0:16:07
Epoch[2] Batch[1600/3125] | OptTotal: 5.5891e+00 | FTLoss: 5.5891e+00 | AmpL1Full: 5.4574e-02 | PhaseL1PredSup: 7.3092e-01 | SupportBCE: 6.0251e+00 | SupportWeighted: 0.0000e+00 | BatchLR: 1.000e-03 | Grad: True  | Update: True  | Elapsed: 0:15:52 | ETA: 0:15:07
Epoch[2] Batch[1700/3125] | OptTotal: 6.6696e+00 | FTLoss: 6.6696e+00 | AmpL1Full: 6.0303e-02 | PhaseL1PredSup: 7.0765e-01 | SupportBCE: 6.0166e+00 | SupportWeighted: 0.0000e+00 | BatchLR: 1.000e-03 | Grad: True  | Update: True  | Elapsed: 0:16:51 | ETA: 0:14:08
Epoch[2] Batch[1800/3125] | OptTotal: 6.3796e+00 | FTLoss: 6.3796e+00 | AmpL1Full: 5.8519e-02 | PhaseL1PredSup: 6.8843e-01 | SupportBCE: 5.7659e+00 | SupportWeighted: 0.0000e+00 | BatchLR: 1.000e-03 | Grad: True  | Update: True  | Elapsed: 0:17:51 | ETA: 0:13:08
Epoch[2] Batch[1900/3125] | OptTotal: 6.0858e+00 | FTLoss: 6.0858e+00 | AmpL1Full: 5.9089e-02 | PhaseL1PredSup: 7.0927e-01 | SupportBCE: 5.9656e+00 | SupportWeighted: 0.0000e+00 | BatchLR: 1.000e-03 | Grad: True  | Update: True  | Elapsed: 0:18:50 | ETA: 0:12:08
Epoch[2] Batch[2000/3125] | OptTotal: 5.9020e+00 | FTLoss: 5.9020e+00 | AmpL1Full: 6.0295e-02 | PhaseL1PredSup: 7.3869e-01 | SupportBCE: 5.8850e+00 | SupportWeighted: 0.0000e+00 | BatchLR: 1.000e-03 | Grad: True  | Update: True  | Elapsed: 0:19:49 | ETA: 0:11:09
Epoch[2] Batch[2100/3125] | OptTotal: 5.7479e+00 | FTLoss: 5.7479e+00 | AmpL1Full: 5.6669e-02 | PhaseL1PredSup: 7.1776e-01 | SupportBCE: 5.8951e+00 | SupportWeighted: 0.0000e+00 | BatchLR: 1.000e-03 | Grad: True  | Update: True  | Elapsed: 0:20:48 | ETA: 0:10:09
Epoch[2] Batch[2200/3125] | OptTotal: 5.7558e+00 | FTLoss: 5.7558e+00 | AmpL1Full: 7.4663e-02 | PhaseL1PredSup: 8.0597e-01 | SupportBCE: 5.6395e+00 | SupportWeighted: 0.0000e+00 | BatchLR: 1.000e-03 | Grad: True  | Update: True  | Elapsed: 0:21:48 | ETA: 0:09:10
Epoch[2] Batch[2300/3125] | OptTotal: 6.3469e+00 | FTLoss: 6.3469e+00 | AmpL1Full: 5.3491e-02 | PhaseL1PredSup: 6.4902e-01 | SupportBCE: 5.7586e+00 | SupportWeighted: 0.0000e+00 | BatchLR: 1.000e-03 | Grad: True  | Update: True  | Elapsed: 0:22:47 | ETA: 0:08:10
Epoch[2] Batch[2400/3125] | OptTotal: 6.3722e+00 | FTLoss: 6.3722e+00 | AmpL1Full: 6.1411e-02 | PhaseL1PredSup: 7.5858e-01 | SupportBCE: 5.6958e+00 | SupportWeighted: 0.0000e+00 | BatchLR: 1.000e-03 | Grad: True  | Update: True  | Elapsed: 0:23:46 | ETA: 0:07:11
Epoch[2] Batch[2500/3125] | OptTotal: 6.2809e+00 | FTLoss: 6.2809e+00 | AmpL1Full: 5.6931e-02 | PhaseL1PredSup: 7.0184e-01 | SupportBCE: 5.4144e+00 | SupportWeighted: 0.0000e+00 | BatchLR: 1.000e-03 | Grad: True  | Update: True  | Elapsed: 0:24:46 | ETA: 0:06:11
Epoch[2] Batch[2600/3125] | OptTotal: 6.2669e+00 | FTLoss: 6.2669e+00 | AmpL1Full: 5.6679e-02 | PhaseL1PredSup: 6.9191e-01 | SupportBCE: 5.3707e+00 | SupportWeighted: 0.0000e+00 | BatchLR: 1.000e-03 | Grad: True  | Update: True  | Elapsed: 0:25:45 | ETA: 0:05:12
Epoch[2] Batch[2700/3125] | OptTotal: 5.7330e+00 | FTLoss: 5.7330e+00 | AmpL1Full: 6.4174e-02 | PhaseL1PredSup: 7.8559e-01 | SupportBCE: 5.4513e+00 | SupportWeighted: 0.0000e+00 | BatchLR: 1.000e-03 | Grad: True  | Update: True  | Elapsed: 0:26:44 | ETA: 0:04:12
Epoch[2] Batch[2800/3125] | OptTotal: 5.8694e+00 | FTLoss: 5.8694e+00 | AmpL1Full: 4.5795e-02 | PhaseL1PredSup: 6.3530e-01 | SupportBCE: 5.2077e+00 | SupportWeighted: 0.0000e+00 | BatchLR: 1.000e-03 | Grad: True  | Update: True  | Elapsed: 0:27:43 | ETA: 0:03:13
Epoch[2] Batch[2900/3125] | OptTotal: 5.9752e+00 | FTLoss: 5.9752e+00 | AmpL1Full: 6.5250e-02 | PhaseL1PredSup: 7.6688e-01 | SupportBCE: 5.3206e+00 | SupportWeighted: 0.0000e+00 | BatchLR: 1.000e-03 | Grad: True  | Update: True  | Elapsed: 0:28:43 | ETA: 0:02:13
Epoch[2] Batch[3000/3125] | OptTotal: 5.5660e+00 | FTLoss: 5.5660e+00 | AmpL1Full: 4.9178e-02 | PhaseL1PredSup: 6.9305e-01 | SupportBCE: 5.3643e+00 | SupportWeighted: 0.0000e+00 | BatchLR: 1.000e-03 | Grad: True  | Update: True  | Elapsed: 0:29:42 | ETA: 0:01:14
Epoch[2] Batch[3100/3125] | OptTotal: 6.0285e+00 | FTLoss: 6.0285e+00 | AmpL1Full: 5.1025e-02 | PhaseL1PredSup: 6.7194e-01 | SupportBCE: 5.3345e+00 | SupportWeighted: 0.0000e+00 | BatchLR: 1.000e-03 | Grad: True  | Update: True  | Elapsed: 0:30:41 | ETA: 0:00:14
Epoch[2] Batch[3125/3125] | OptTotal: 6.2991e+00 | FTLoss: 6.2991e+00 | AmpL1Full: 5.7338e-02 | PhaseL1PredSup: 6.6848e-01 | SupportBCE: 5.0683e+00 | SupportWeighted: 0.0000e+00 | BatchLR: 1.000e-03 | Grad: True  | Update: True  | Elapsed: 0:30:56 | ETA: 0:00:00

================================================================================
Epoch 2 complete | total time: 1857.40s | average OptTotal: 5.9227e+00
train epoch optimization terms | OptTotal: 5.9227e+00 | FTLoss: 5.9227e+00 | SupportWeighted: 0.0000e+00
train epoch real-space monitors | AmpL1Full: 5.5497e-02 | PhaseL1PredSup: 6.9791e-01 | SupportBCE: 6.0222e+00
================================================================================

Validation Epoch [2] | Batch [100/625] | OptTotal: 6.1887e+00 | FTLoss: 6.1887e+00 | AmpL1Full: 4.5539e-02 | PhaseL1PredSup: 5.9013e-01 | SupportBCE: 5.1852e+00
Validation Epoch [2] | Batch [200/625] | OptTotal: 5.6608e+00 | FTLoss: 5.6608e+00 | AmpL1Full: 6.0277e-02 | PhaseL1PredSup: 7.4114e-01 | SupportBCE: 5.1269e+00
Validation Epoch [2] | Batch [300/625] | OptTotal: 5.9745e+00 | FTLoss: 5.9745e+00 | AmpL1Full: 5.0496e-02 | PhaseL1PredSup: 6.5894e-01 | SupportBCE: 5.5299e+00
Validation Epoch [2] | Batch [400/625] | OptTotal: 5.7069e+00 | FTLoss: 5.7069e+00 | AmpL1Full: 4.3796e-02 | PhaseL1PredSup: 6.0354e-01 | SupportBCE: 5.3539e+00
Validation Epoch [2] | Batch [500/625] | OptTotal: 6.3636e+00 | FTLoss: 6.3636e+00 | AmpL1Full: 4.5813e-02 | PhaseL1PredSup: 5.5810e-01 | SupportBCE: 5.2455e+00
Validation Epoch [2] | Batch [600/625] | OptTotal: 5.6526e+00 | FTLoss: 5.6526e+00 | AmpL1Full: 4.8002e-02 | PhaseL1PredSup: 6.3540e-01 | SupportBCE: 5.4019e+00
Validation Epoch [2] | Batch [625/625] | OptTotal: 5.8236e+00 | FTLoss: 5.8236e+00 | AmpL1Full: 5.3584e-02 | PhaseL1PredSup: 6.9162e-01 | SupportBCE: 5.4526e+00

================================================================================
Epoch 2 validation complete
val epoch optimization terms | OptTotal: 5.8905e+00 | FTLoss: 5.8905e+00 | SupportWeighted: 0.0000e+00
val epoch real-space monitors | AmpL1Full: 5.0860e-02 | PhaseL1PredSup: 6.4710e-01 | SupportBCE: 5.3113e+00
================================================================================

epoch 2/100 train_opt_total=5.92269 train_ft_loss=5.92269 train_support_weighted=0 train_amp_l1_full=0.0554975 train_phase_l1_predsup=0.697906 train_support_bce=6.02216 val_opt_total=5.89053 val_ft_loss=5.89053 val_support_weighted=0 val_amp_l1_full=0.0508597 val_phase_l1_predsup=0.6471 val_support_bce=5.31127
Epoch[3] Batch[100/3125] | OptTotal: 5.4833e+00 | FTLoss: 5.4833e+00 | AmpL1Full: 5.6882e-02 | PhaseL1PredSup: 7.9310e-01 | SupportBCE: 5.3489e+00 | SupportWeighted: 0.0000e+00 | BatchLR: 1.000e-03 | Grad: True  | Update: True  | Elapsed: 0:01:00 | ETA: 0:30:26
Epoch[3] Batch[200/3125] | OptTotal: 5.7374e+00 | FTLoss: 5.7374e+00 | AmpL1Full: 5.7995e-02 | PhaseL1PredSup: 7.6119e-01 | SupportBCE: 5.2256e+00 | SupportWeighted: 0.0000e+00 | BatchLR: 1.000e-03 | Grad: True  | Update: True  | Elapsed: 0:01:59 | ETA: 0:29:11
Epoch[3] Batch[300/3125] | OptTotal: 5.4453e+00 | FTLoss: 5.4453e+00 | AmpL1Full: 6.6006e-02 | PhaseL1PredSup: 8.4502e-01 | SupportBCE: 5.4459e+00 | SupportWeighted: 0.0000e+00 | BatchLR: 1.000e-03 | Grad: True  | Update: True  | Elapsed: 0:02:58 | ETA: 0:28:04
Epoch[3] Batch[400/3125] | OptTotal: 6.0441e+00 | FTLoss: 6.0441e+00 | AmpL1Full: 4.7950e-02 | PhaseL1PredSup: 6.3812e-01 | SupportBCE: 4.9540e+00 | SupportWeighted: 0.0000e+00 | BatchLR: 1.000e-03 | Grad: True  | Update: True  | Elapsed: 0:03:58 | ETA: 0:27:02
Epoch[3] Batch[500/3125] | OptTotal: 6.5163e+00 | FTLoss: 6.5163e+00 | AmpL1Full: 5.9736e-02 | PhaseL1PredSup: 6.6878e-01 | SupportBCE: 4.7098e+00 | SupportWeighted: 0.0000e+00 | BatchLR: 1.000e-03 | Grad: True  | Update: True  | Elapsed: 0:04:57 | ETA: 0:26:00
Epoch[3] Batch[600/3125] | OptTotal: 6.2032e+00 | FTLoss: 6.2032e+00 | AmpL1Full: 5.5612e-02 | PhaseL1PredSup: 6.9635e-01 | SupportBCE: 4.7967e+00 | SupportWeighted: 0.0000e+00 | BatchLR: 1.000e-03 | Grad: True  | Update: True  | Elapsed: 0:05:56 | ETA: 0:25:00
Epoch[3] Batch[700/3125] | OptTotal: 5.5988e+00 | FTLoss: 5.5988e+00 | AmpL1Full: 4.9360e-02 | PhaseL1PredSup: 6.9669e-01 | SupportBCE: 4.8478e+00 | SupportWeighted: 0.0000e+00 | BatchLR: 1.000e-03 | Grad: True  | Update: True  | Elapsed: 0:06:55 | ETA: 0:24:00
Epoch[3] Batch[800/3125] | OptTotal: 5.2783e+00 | FTLoss: 5.2783e+00 | AmpL1Full: 6.1874e-02 | PhaseL1PredSup: 7.8751e-01 | SupportBCE: 4.7534e+00 | SupportWeighted: 0.0000e+00 | BatchLR: 1.000e-03 | Grad: True  | Update: True  | Elapsed: 0:07:55 | ETA: 0:23:00
Epoch[3] Batch[900/3125] | OptTotal: 5.8959e+00 | FTLoss: 5.8959e+00 | AmpL1Full: 6.5438e-02 | PhaseL1PredSup: 7.8663e-01 | SupportBCE: 4.8022e+00 | SupportWeighted: 0.0000e+00 | BatchLR: 1.000e-03 | Grad: True  | Update: True  | Elapsed: 0:08:54 | ETA: 0:22:01
Epoch[3] Batch[1000/3125] | OptTotal: 5.9954e+00 | FTLoss: 5.9954e+00 | AmpL1Full: 5.8250e-02 | PhaseL1PredSup: 7.4927e-01 | SupportBCE: 4.9453e+00 | SupportWeighted: 0.0000e+00 | BatchLR: 1.000e-03 | Grad: True  | Update: True  | Elapsed: 0:09:53 | ETA: 0:21:01
Epoch[3] Batch[1100/3125] | OptTotal: 6.0015e+00 | FTLoss: 6.0015e+00 | AmpL1Full: 6.4211e-02 | PhaseL1PredSup: 8.0128e-01 | SupportBCE: 4.6674e+00 | SupportWeighted: 0.0000e+00 | BatchLR: 1.000e-03 | Grad: True  | Update: True  | Elapsed: 0:10:52 | ETA: 0:20:01
Epoch[3] Batch[1200/3125] | OptTotal: 5.6698e+00 | FTLoss: 5.6698e+00 | AmpL1Full: 4.8508e-02 | PhaseL1PredSup: 7.0322e-01 | SupportBCE: 4.8817e+00 | SupportWeighted: 0.0000e+00 | BatchLR: 1.000e-03 | Grad: True  | Update: True  | Elapsed: 0:11:52 | ETA: 0:19:02
Epoch[3] Batch[1300/3125] | OptTotal: 5.7634e+00 | FTLoss: 5.7634e+00 | AmpL1Full: 5.0028e-02 | PhaseL1PredSup: 7.0045e-01 | SupportBCE: 4.5353e+00 | SupportWeighted: 0.0000e+00 | BatchLR: 1.000e-03 | Grad: True  | Update: True  | Elapsed: 0:12:51 | ETA: 0:18:02
Epoch[3] Batch[1400/3125] | OptTotal: 5.5825e+00 | FTLoss: 5.5825e+00 | AmpL1Full: 5.9030e-02 | PhaseL1PredSup: 7.8720e-01 | SupportBCE: 4.4397e+00 | SupportWeighted: 0.0000e+00 | BatchLR: 1.000e-03 | Grad: True  | Update: True  | Elapsed: 0:13:50 | ETA: 0:17:03
Epoch[3] Batch[1500/3125] | OptTotal: 5.6499e+00 | FTLoss: 5.6499e+00 | AmpL1Full: 5.1669e-02 | PhaseL1PredSup: 7.0795e-01 | SupportBCE: 4.1753e+00 | SupportWeighted: 0.0000e+00 | BatchLR: 1.000e-03 | Grad: True  | Update: True  | Elapsed: 0:14:50 | ETA: 0:16:04
Epoch[3] Batch[1600/3125] | OptTotal: 5.6146e+00 | FTLoss: 5.6146e+00 | AmpL1Full: 4.2097e-02 | PhaseL1PredSup: 6.9437e-01 | SupportBCE: 4.1867e+00 | SupportWeighted: 0.0000e+00 | BatchLR: 1.000e-03 | Grad: True  | Update: True  | Elapsed: 0:15:50 | ETA: 0:15:05
Epoch[3] Batch[1700/3125] | OptTotal: 5.2125e+00 | FTLoss: 5.2125e+00 | AmpL1Full: 4.4001e-02 | PhaseL1PredSup: 7.0405e-01 | SupportBCE: 4.3634e+00 | SupportWeighted: 0.0000e+00 | BatchLR: 1.000e-03 | Grad: True  | Update: True  | Elapsed: 0:16:49 | ETA: 0:14:06
Epoch[3] Batch[1800/3125] | OptTotal: 6.3533e+00 | FTLoss: 6.3533e+00 | AmpL1Full: 6.3922e-02 | PhaseL1PredSup: 7.6711e-01 | SupportBCE: 4.6829e+00 | SupportWeighted: 0.0000e+00 | BatchLR: 1.000e-03 | Grad: True  | Update: True  | Elapsed: 0:17:48 | ETA: 0:13:06
Epoch[3] Batch[1900/3125] | OptTotal: 5.9430e+00 | FTLoss: 5.9430e+00 | AmpL1Full: 5.0620e-02 | PhaseL1PredSup: 7.0412e-01 | SupportBCE: 4.2895e+00 | SupportWeighted: 0.0000e+00 | BatchLR: 1.000e-03 | Grad: True  | Update: True  | Elapsed: 0:18:47 | ETA: 0:12:07
Epoch[3] Batch[2000/3125] | OptTotal: 5.8134e+00 | FTLoss: 5.8134e+00 | AmpL1Full: 4.6313e-02 | PhaseL1PredSup: 6.8616e-01 | SupportBCE: 4.3612e+00 | SupportWeighted: 0.0000e+00 | BatchLR: 1.000e-03 | Grad: True  | Update: True  | Elapsed: 0:19:47 | ETA: 0:11:07
Epoch[3] Batch[2100/3125] | OptTotal: 5.8063e+00 | FTLoss: 5.8063e+00 | AmpL1Full: 5.9761e-02 | PhaseL1PredSup: 7.5306e-01 | SupportBCE: 4.2376e+00 | SupportWeighted: 0.0000e+00 | BatchLR: 1.000e-03 | Grad: True  | Update: True  | Elapsed: 0:20:46 | ETA: 0:10:08
Epoch[3] Batch[2200/3125] | OptTotal: 5.7138e+00 | FTLoss: 5.7138e+00 | AmpL1Full: 5.6024e-02 | PhaseL1PredSup: 7.5138e-01 | SupportBCE: 4.3495e+00 | SupportWeighted: 0.0000e+00 | BatchLR: 1.000e-03 | Grad: True  | Update: True  | Elapsed: 0:21:45 | ETA: 0:09:08
Epoch[3] Batch[2300/3125] | OptTotal: 6.1168e+00 | FTLoss: 6.1168e+00 | AmpL1Full: 5.5568e-02 | PhaseL1PredSup: 7.1337e-01 | SupportBCE: 4.3085e+00 | SupportWeighted: 0.0000e+00 | BatchLR: 1.000e-03 | Grad: True  | Update: True  | Elapsed: 0:22:44 | ETA: 0:08:09
Epoch[3] Batch[2400/3125] | OptTotal: 5.4643e+00 | FTLoss: 5.4643e+00 | AmpL1Full: 6.1361e-02 | PhaseL1PredSup: 8.2905e-01 | SupportBCE: 4.2144e+00 | SupportWeighted: 0.0000e+00 | BatchLR: 1.000e-03 | Grad: True  | Update: True  | Elapsed: 0:23:43 | ETA: 0:07:10
Epoch[3] Batch[2500/3125] | OptTotal: 6.0883e+00 | FTLoss: 6.0883e+00 | AmpL1Full: 6.0208e-02 | PhaseL1PredSup: 7.9320e-01 | SupportBCE: 3.8790e+00 | SupportWeighted: 0.0000e+00 | BatchLR: 1.000e-03 | Grad: True  | Update: True  | Elapsed: 0:24:43 | ETA: 0:06:10
Epoch[3] Batch[2600/3125] | OptTotal: 5.9274e+00 | FTLoss: 5.9274e+00 | AmpL1Full: 5.0719e-02 | PhaseL1PredSup: 7.3000e-01 | SupportBCE: 4.1098e+00 | SupportWeighted: 0.0000e+00 | BatchLR: 1.000e-03 | Grad: True  | Update: True  | Elapsed: 0:25:42 | ETA: 0:05:11
Epoch[3] Batch[2700/3125] | OptTotal: 5.4543e+00 | FTLoss: 5.4543e+00 | AmpL1Full: 5.5484e-02 | PhaseL1PredSup: 7.8348e-01 | SupportBCE: 3.8935e+00 | SupportWeighted: 0.0000e+00 | BatchLR: 1.000e-03 | Grad: True  | Update: True  | Elapsed: 0:26:42 | ETA: 0:04:12
Epoch[3] Batch[2800/3125] | OptTotal: 5.2359e+00 | FTLoss: 5.2359e+00 | AmpL1Full: 6.5476e-02 | PhaseL1PredSup: 8.6509e-01 | SupportBCE: 3.9034e+00 | SupportWeighted: 0.0000e+00 | BatchLR: 1.000e-03 | Grad: True  | Update: True  | Elapsed: 0:27:42 | ETA: 0:03:13
Epoch[3] Batch[2900/3125] | OptTotal: 6.0252e+00 | FTLoss: 6.0252e+00 | AmpL1Full: 6.0362e-02 | PhaseL1PredSup: 7.8311e-01 | SupportBCE: 4.2823e+00 | SupportWeighted: 0.0000e+00 | BatchLR: 1.000e-03 | Grad: True  | Update: True  | Elapsed: 0:28:42 | ETA: 0:02:13
Epoch[3] Batch[3000/3125] | OptTotal: 5.8615e+00 | FTLoss: 5.8615e+00 | AmpL1Full: 5.8830e-02 | PhaseL1PredSup: 8.2502e-01 | SupportBCE: 3.9092e+00 | SupportWeighted: 0.0000e+00 | BatchLR: 1.000e-03 | Grad: True  | Update: True  | Elapsed: 0:29:42 | ETA: 0:01:14
Epoch[3] Batch[3100/3125] | OptTotal: 5.9033e+00 | FTLoss: 5.9033e+00 | AmpL1Full: 6.0743e-02 | PhaseL1PredSup: 7.8594e-01 | SupportBCE: 3.8980e+00 | SupportWeighted: 0.0000e+00 | BatchLR: 1.000e-03 | Grad: True  | Update: True  | Elapsed: 0:30:41 | ETA: 0:00:14
Epoch[3] Batch[3125/3125] | OptTotal: 5.6476e+00 | FTLoss: 5.6476e+00 | AmpL1Full: 5.4517e-02 | PhaseL1PredSup: 7.6390e-01 | SupportBCE: 4.1850e+00 | SupportWeighted: 0.0000e+00 | BatchLR: 1.000e-03 | Grad: True  | Update: True  | Elapsed: 0:30:56 | ETA: 0:00:00

================================================================================
Epoch 3 complete | total time: 1858.04s | average OptTotal: 5.8286e+00
train epoch optimization terms | OptTotal: 5.8286e+00 | FTLoss: 5.8286e+00 | SupportWeighted: 0.0000e+00
train epoch real-space monitors | AmpL1Full: 5.7385e-02 | PhaseL1PredSup: 7.5840e-01 | SupportBCE: 4.4968e+00
================================================================================

Validation Epoch [3] | Batch [100/625] | OptTotal: 6.0696e+00 | FTLoss: 6.0696e+00 | AmpL1Full: 5.4576e-02 | PhaseL1PredSup: 7.4523e-01 | SupportBCE: 4.0562e+00
Validation Epoch [3] | Batch [200/625] | OptTotal: 5.5491e+00 | FTLoss: 5.5491e+00 | AmpL1Full: 6.7822e-02 | PhaseL1PredSup: 8.7217e-01 | SupportBCE: 3.9671e+00
Validation Epoch [3] | Batch [300/625] | OptTotal: 5.8545e+00 | FTLoss: 5.8545e+00 | AmpL1Full: 5.9001e-02 | PhaseL1PredSup: 7.9546e-01 | SupportBCE: 4.4522e+00
Validation Epoch [3] | Batch [400/625] | OptTotal: 5.6224e+00 | FTLoss: 5.6224e+00 | AmpL1Full: 5.0707e-02 | PhaseL1PredSup: 7.3803e-01 | SupportBCE: 4.2719e+00
Validation Epoch [3] | Batch [500/625] | OptTotal: 6.2519e+00 | FTLoss: 6.2519e+00 | AmpL1Full: 5.3098e-02 | PhaseL1PredSup: 6.9486e-01 | SupportBCE: 4.1636e+00
Validation Epoch [3] | Batch [600/625] | OptTotal: 5.5382e+00 | FTLoss: 5.5382e+00 | AmpL1Full: 5.5378e-02 | PhaseL1PredSup: 7.6683e-01 | SupportBCE: 4.3079e+00
Validation Epoch [3] | Batch [625/625] | OptTotal: 5.7029e+00 | FTLoss: 5.7029e+00 | AmpL1Full: 6.0871e-02 | PhaseL1PredSup: 8.2610e-01 | SupportBCE: 4.3296e+00

================================================================================
Epoch 3 validation complete
val epoch optimization terms | OptTotal: 5.7793e+00 | FTLoss: 5.7793e+00 | SupportWeighted: 0.0000e+00
val epoch real-space monitors | AmpL1Full: 5.9014e-02 | PhaseL1PredSup: 7.9069e-01 | SupportBCE: 4.2071e+00
================================================================================

epoch 3/100 train_opt_total=5.82855 train_ft_loss=5.82855 train_support_weighted=0 train_amp_l1_full=0.0573847 train_phase_l1_predsup=0.758405 train_support_bce=4.49684 val_opt_total=5.77932 val_ft_loss=5.77932 val_support_weighted=0 val_amp_l1_full=0.0590137 val_phase_l1_predsup=0.79069 val_support_bce=4.20708
Epoch[4] Batch[100/3125] | OptTotal: 6.0917e+00 | FTLoss: 6.0917e+00 | AmpL1Full: 5.9538e-02 | PhaseL1PredSup: 7.6777e-01 | SupportBCE: 4.0073e+00 | SupportWeighted: 0.0000e+00 | BatchLR: 1.000e-03 | Grad: True  | Update: True  | Elapsed: 0:00:59 | ETA: 0:30:08
Epoch[4] Batch[200/3125] | OptTotal: 6.2496e+00 | FTLoss: 6.2496e+00 | AmpL1Full: 7.5067e-02 | PhaseL1PredSup: 9.1127e-01 | SupportBCE: 4.3388e+00 | SupportWeighted: 0.0000e+00 | BatchLR: 1.000e-03 | Grad: True  | Update: True  | Elapsed: 0:01:59 | ETA: 0:29:02
Epoch[4] Batch[300/3125] | OptTotal: 5.7947e+00 | FTLoss: 5.7947e+00 | AmpL1Full: 5.9302e-02 | PhaseL1PredSup: 7.5216e-01 | SupportBCE: 4.1102e+00 | SupportWeighted: 0.0000e+00 | BatchLR: 1.000e-03 | Grad: True  | Update: True  | Elapsed: 0:02:58 | ETA: 0:28:01
Epoch[4] Batch[400/3125] | OptTotal: 5.7297e+00 | FTLoss: 5.7297e+00 | AmpL1Full: 5.8788e-02 | PhaseL1PredSup: 7.7957e-01 | SupportBCE: 3.7655e+00 | SupportWeighted: 0.0000e+00 | BatchLR: 1.000e-03 | Grad: True  | Update: True  | Elapsed: 0:03:57 | ETA: 0:27:00
Epoch[4] Batch[500/3125] | OptTotal: 6.6936e+00 | FTLoss: 6.6936e+00 | AmpL1Full: 5.2145e-02 | PhaseL1PredSup: 6.8668e-01 | SupportBCE: 4.0330e+00 | SupportWeighted: 0.0000e+00 | BatchLR: 1.000e-03 | Grad: True  | Update: True  | Elapsed: 0:04:57 | ETA: 0:26:00
Epoch[4] Batch[600/3125] | OptTotal: 5.5198e+00 | FTLoss: 5.5198e+00 | AmpL1Full: 4.9787e-02 | PhaseL1PredSup: 7.5752e-01 | SupportBCE: 3.8596e+00 | SupportWeighted: 0.0000e+00 | BatchLR: 1.000e-03 | Grad: True  | Update: True  | Elapsed: 0:05:56 | ETA: 0:25:01
Epoch[4] Batch[700/3125] | OptTotal: 5.6300e+00 | FTLoss: 5.6300e+00 | AmpL1Full: 3.8421e-02 | PhaseL1PredSup: 6.4116e-01 | SupportBCE: 3.8324e+00 | SupportWeighted: 0.0000e+00 | BatchLR: 1.000e-03 | Grad: True  | Update: True  | Elapsed: 0:06:55 | ETA: 0:24:01
Epoch[4] Batch[800/3125] | OptTotal: 5.9508e+00 | FTLoss: 5.9508e+00 | AmpL1Full: 4.9817e-02 | PhaseL1PredSup: 7.4153e-01 | SupportBCE: 3.7409e+00 | SupportWeighted: 0.0000e+00 | BatchLR: 1.000e-03 | Grad: True  | Update: True  | Elapsed: 0:07:55 | ETA: 0:23:01
Epoch[4] Batch[900/3125] | OptTotal: 5.4505e+00 | FTLoss: 5.4505e+00 | AmpL1Full: 7.6794e-02 | PhaseL1PredSup: 9.6512e-01 | SupportBCE: 3.6023e+00 | SupportWeighted: 0.0000e+00 | BatchLR: 1.000e-03 | Grad: True  | Update: True  | Elapsed: 0:08:54 | ETA: 0:22:02
Epoch[4] Batch[1000/3125] | OptTotal: 6.1905e+00 | FTLoss: 6.1905e+00 | AmpL1Full: 6.2656e-02 | PhaseL1PredSup: 7.7295e-01 | SupportBCE: 3.8227e+00 | SupportWeighted: 0.0000e+00 | BatchLR: 1.000e-03 | Grad: True  | Update: True  | Elapsed: 0:09:54 | ETA: 0:21:03
Epoch[4] Batch[1100/3125] | OptTotal: 5.9189e+00 | FTLoss: 5.9189e+00 | AmpL1Full: 5.7442e-02 | PhaseL1PredSup: 7.6281e-01 | SupportBCE: 3.9917e+00 | SupportWeighted: 0.0000e+00 | BatchLR: 1.000e-03 | Grad: True  | Update: True  | Elapsed: 0:10:54 | ETA: 0:20:04
Epoch[4] Batch[1200/3125] | OptTotal: 5.6960e+00 | FTLoss: 5.6960e+00 | AmpL1Full: 5.0457e-02 | PhaseL1PredSup: 7.3513e-01 | SupportBCE: 4.1935e+00 | SupportWeighted: 0.0000e+00 | BatchLR: 1.000e-03 | Grad: True  | Update: True  | Elapsed: 0:11:53 | ETA: 0:19:04
Epoch[4] Batch[1300/3125] | OptTotal: 5.9187e+00 | FTLoss: 5.9187e+00 | AmpL1Full: 6.0167e-02 | PhaseL1PredSup: 8.1123e-01 | SupportBCE: 3.9599e+00 | SupportWeighted: 0.0000e+00 | BatchLR: 1.000e-03 | Grad: True  | Update: True  | Elapsed: 0:12:52 | ETA: 0:18:04
Epoch[4] Batch[1400/3125] | OptTotal: 5.4895e+00 | FTLoss: 5.4895e+00 | AmpL1Full: 6.5838e-02 | PhaseL1PredSup: 8.9499e-01 | SupportBCE: 4.0800e+00 | SupportWeighted: 0.0000e+00 | BatchLR: 1.000e-03 | Grad: True  | Update: True  | Elapsed: 0:13:52 | ETA: 0:17:05
Epoch[4] Batch[1500/3125] | OptTotal: 5.7221e+00 | FTLoss: 5.7221e+00 | AmpL1Full: 5.6031e-02 | PhaseL1PredSup: 7.6734e-01 | SupportBCE: 3.9944e+00 | SupportWeighted: 0.0000e+00 | BatchLR: 1.000e-03 | Grad: True  | Update: True  | Elapsed: 0:14:51 | ETA: 0:16:05
Epoch[4] Batch[1600/3125] | OptTotal: 6.0688e+00 | FTLoss: 6.0688e+00 | AmpL1Full: 6.1893e-02 | PhaseL1PredSup: 8.0557e-01 | SupportBCE: 3.9199e+00 | SupportWeighted: 0.0000e+00 | BatchLR: 1.000e-03 | Grad: True  | Update: True  | Elapsed: 0:15:50 | ETA: 0:15:05
Epoch[4] Batch[1700/3125] | OptTotal: 6.1209e+00 | FTLoss: 6.1209e+00 | AmpL1Full: 4.9526e-02 | PhaseL1PredSup: 6.8297e-01 | SupportBCE: 3.9479e+00 | SupportWeighted: 0.0000e+00 | BatchLR: 1.000e-03 | Grad: True  | Update: True  | Elapsed: 0:16:49 | ETA: 0:14:06
Epoch[4] Batch[1800/3125] | OptTotal: 5.8222e+00 | FTLoss: 5.8222e+00 | AmpL1Full: 5.9931e-02 | PhaseL1PredSup: 8.0658e-01 | SupportBCE: 3.6974e+00 | SupportWeighted: 0.0000e+00 | BatchLR: 1.000e-03 | Grad: True  | Update: True  | Elapsed: 0:17:49 | ETA: 0:13:06
Epoch[4] Batch[1900/3125] | OptTotal: 6.5006e+00 | FTLoss: 6.5006e+00 | AmpL1Full: 4.7362e-02 | PhaseL1PredSup: 6.8731e-01 | SupportBCE: 4.1362e+00 | SupportWeighted: 0.0000e+00 | BatchLR: 1.000e-03 | Grad: True  | Update: True  | Elapsed: 0:18:48 | ETA: 0:12:07
Epoch[4] Batch[2000/3125] | OptTotal: 5.9122e+00 | FTLoss: 5.9122e+00 | AmpL1Full: 6.2919e-02 | PhaseL1PredSup: 8.2176e-01 | SupportBCE: 3.9388e+00 | SupportWeighted: 0.0000e+00 | BatchLR: 1.000e-03 | Grad: True  | Update: True  | Elapsed: 0:19:47 | ETA: 0:11:08
Epoch[4] Batch[2100/3125] | OptTotal: 5.8295e+00 | FTLoss: 5.8295e+00 | AmpL1Full: 6.4222e-02 | PhaseL1PredSup: 8.9207e-01 | SupportBCE: 3.5648e+00 | SupportWeighted: 0.0000e+00 | BatchLR: 1.000e-03 | Grad: True  | Update: True  | Elapsed: 0:20:46 | ETA: 0:10:08
Epoch[4] Batch[2200/3125] | OptTotal: 5.2534e+00 | FTLoss: 5.2534e+00 | AmpL1Full: 5.8664e-02 | PhaseL1PredSup: 8.6383e-01 | SupportBCE: 3.2765e+00 | SupportWeighted: 0.0000e+00 | BatchLR: 1.000e-03 | Grad: True  | Update: True  | Elapsed: 0:21:46 | ETA: 0:09:09
Epoch[4] Batch[2300/3125] | OptTotal: 5.9964e+00 | FTLoss: 5.9964e+00 | AmpL1Full: 6.8871e-02 | PhaseL1PredSup: 8.7079e-01 | SupportBCE: 3.8264e+00 | SupportWeighted: 0.0000e+00 | BatchLR: 1.000e-03 | Grad: True  | Update: True  | Elapsed: 0:22:45 | ETA: 0:08:09
Epoch[4] Batch[2400/3125] | OptTotal: 6.3578e+00 | FTLoss: 6.3578e+00 | AmpL1Full: 4.5752e-02 | PhaseL1PredSup: 7.0066e-01 | SupportBCE: 3.8926e+00 | SupportWeighted: 0.0000e+00 | BatchLR: 1.000e-03 | Grad: True  | Update: True  | Elapsed: 0:23:44 | ETA: 0:07:10
Epoch[4] Batch[2500/3125] | OptTotal: 5.6334e+00 | FTLoss: 5.6334e+00 | AmpL1Full: 5.9650e-02 | PhaseL1PredSup: 8.2350e-01 | SupportBCE: 3.5860e+00 | SupportWeighted: 0.0000e+00 | BatchLR: 1.000e-03 | Grad: True  | Update: True  | Elapsed: 0:24:43 | ETA: 0:06:10
Epoch[4] Batch[2600/3125] | OptTotal: 6.0777e+00 | FTLoss: 6.0777e+00 | AmpL1Full: 5.6030e-02 | PhaseL1PredSup: 7.6498e-01 | SupportBCE: 3.9492e+00 | SupportWeighted: 0.0000e+00 | BatchLR: 1.000e-03 | Grad: True  | Update: True  | Elapsed: 0:25:43 | ETA: 0:05:11
Epoch[4] Batch[2700/3125] | OptTotal: 5.5740e+00 | FTLoss: 5.5740e+00 | AmpL1Full: 6.2448e-02 | PhaseL1PredSup: 8.4988e-01 | SupportBCE: 3.4238e+00 | SupportWeighted: 0.0000e+00 | BatchLR: 1.000e-03 | Grad: True  | Update: True  | Elapsed: 0:26:42 | ETA: 0:04:12
Epoch[4] Batch[2800/3125] | OptTotal: 5.8941e+00 | FTLoss: 5.8941e+00 | AmpL1Full: 7.4963e-02 | PhaseL1PredSup: 9.0683e-01 | SupportBCE: 3.7570e+00 | SupportWeighted: 0.0000e+00 | BatchLR: 1.000e-03 | Grad: True  | Update: True  | Elapsed: 0:27:41 | ETA: 0:03:12
Epoch[4] Batch[2900/3125] | OptTotal: 4.9741e+00 | FTLoss: 4.9741e+00 | AmpL1Full: 6.6211e-02 | PhaseL1PredSup: 9.0297e-01 | SupportBCE: 3.4976e+00 | SupportWeighted: 0.0000e+00 | BatchLR: 1.000e-03 | Grad: True  | Update: True  | Elapsed: 0:28:41 | ETA: 0:02:13
Epoch[4] Batch[3000/3125] | OptTotal: 5.7532e+00 | FTLoss: 5.7532e+00 | AmpL1Full: 5.8606e-02 | PhaseL1PredSup: 8.4789e-01 | SupportBCE: 3.6741e+00 | SupportWeighted: 0.0000e+00 | BatchLR: 1.000e-03 | Grad: True  | Update: True  | Elapsed: 0:29:41 | ETA: 0:01:14
Epoch[4] Batch[3100/3125] | OptTotal: 5.3826e+00 | FTLoss: 5.3826e+00 | AmpL1Full: 5.3048e-02 | PhaseL1PredSup: 8.0400e-01 | SupportBCE: 3.6600e+00 | SupportWeighted: 0.0000e+00 | BatchLR: 1.000e-03 | Grad: True  | Update: True  | Elapsed: 0:30:40 | ETA: 0:00:14
Epoch[4] Batch[3125/3125] | OptTotal: 5.6975e+00 | FTLoss: 5.6975e+00 | AmpL1Full: 7.5500e-02 | PhaseL1PredSup: 9.5626e-01 | SupportBCE: 3.4688e+00 | SupportWeighted: 0.0000e+00 | BatchLR: 1.000e-03 | Grad: True  | Update: True  | Elapsed: 0:30:55 | ETA: 0:00:00

================================================================================
Epoch 4 complete | total time: 1856.17s | average OptTotal: 5.7714e+00
train epoch optimization terms | OptTotal: 5.7714e+00 | FTLoss: 5.7714e+00 | SupportWeighted: 0.0000e+00
train epoch real-space monitors | AmpL1Full: 5.8709e-02 | PhaseL1PredSup: 8.0078e-01 | SupportBCE: 3.8601e+00
================================================================================

Validation Epoch [4] | Batch [100/625] | OptTotal: 6.0364e+00 | FTLoss: 6.0364e+00 | AmpL1Full: 5.3083e-02 | PhaseL1PredSup: 7.4578e-01 | SupportBCE: 3.4530e+00
Validation Epoch [4] | Batch [200/625] | OptTotal: 5.5049e+00 | FTLoss: 5.5049e+00 | AmpL1Full: 6.5992e-02 | PhaseL1PredSup: 8.8382e-01 | SupportBCE: 3.2983e+00
Validation Epoch [4] | Batch [300/625] | OptTotal: 5.8212e+00 | FTLoss: 5.8212e+00 | AmpL1Full: 5.6769e-02 | PhaseL1PredSup: 7.9405e-01 | SupportBCE: 3.7819e+00
Validation Epoch [4] | Batch [400/625] | OptTotal: 5.5883e+00 | FTLoss: 5.5883e+00 | AmpL1Full: 5.0429e-02 | PhaseL1PredSup: 7.5814e-01 | SupportBCE: 3.6410e+00
Validation Epoch [4] | Batch [500/625] | OptTotal: 6.2041e+00 | FTLoss: 6.2041e+00 | AmpL1Full: 5.2800e-02 | PhaseL1PredSup: 7.0826e-01 | SupportBCE: 3.5609e+00
Validation Epoch [4] | Batch [600/625] | OptTotal: 5.5132e+00 | FTLoss: 5.5132e+00 | AmpL1Full: 5.5176e-02 | PhaseL1PredSup: 7.9159e-01 | SupportBCE: 3.6468e+00
Validation Epoch [4] | Batch [625/625] | OptTotal: 5.6618e+00 | FTLoss: 5.6618e+00 | AmpL1Full: 5.9672e-02 | PhaseL1PredSup: 8.4395e-01 | SupportBCE: 3.6415e+00

================================================================================
Epoch 4 validation complete
val epoch optimization terms | OptTotal: 5.7387e+00 | FTLoss: 5.7387e+00 | SupportWeighted: 0.0000e+00
val epoch real-space monitors | AmpL1Full: 5.8126e-02 | PhaseL1PredSup: 8.0587e-01 | SupportBCE: 3.5583e+00
================================================================================

epoch 4/100 train_opt_total=5.77139 train_ft_loss=5.77139 train_support_weighted=0 train_amp_l1_full=0.0587095 train_phase_l1_predsup=0.800783 train_support_bce=3.86007 val_opt_total=5.73869 val_ft_loss=5.73869 val_support_weighted=0 val_amp_l1_full=0.0581259 val_phase_l1_predsup=0.805868 val_support_bce=3.5583
Epoch[5] Batch[100/3125] | OptTotal: 5.9157e+00 | FTLoss: 5.9157e+00 | AmpL1Full: 6.6160e-02 | PhaseL1PredSup: 8.8251e-01 | SupportBCE: 3.5503e+00 | SupportWeighted: 0.0000e+00 | BatchLR: 1.000e-03 | Grad: True  | Update: True  | Elapsed: 0:00:59 | ETA: 0:30:01
Epoch[5] Batch[200/3125] | OptTotal: 5.6238e+00 | FTLoss: 5.6238e+00 | AmpL1Full: 4.5908e-02 | PhaseL1PredSup: 7.0200e-01 | SupportBCE: 3.8431e+00 | SupportWeighted: 0.0000e+00 | BatchLR: 1.000e-03 | Grad: True  | Update: True  | Elapsed: 0:01:58 | ETA: 0:28:57
Epoch[5] Batch[300/3125] | OptTotal: 5.7310e+00 | FTLoss: 5.7310e+00 | AmpL1Full: 6.5454e-02 | PhaseL1PredSup: 8.3403e-01 | SupportBCE: 3.9609e+00 | SupportWeighted: 0.0000e+00 | BatchLR: 1.000e-03 | Grad: True  | Update: True  | Elapsed: 0:02:58 | ETA: 0:27:56
Epoch[5] Batch[400/3125] | OptTotal: 5.7137e+00 | FTLoss: 5.7137e+00 | AmpL1Full: 5.1591e-02 | PhaseL1PredSup: 7.4598e-01 | SupportBCE: 3.7773e+00 | SupportWeighted: 0.0000e+00 | BatchLR: 1.000e-03 | Grad: True  | Update: True  | Elapsed: 0:03:57 | ETA: 0:26:56
Epoch[5] Batch[500/3125] | OptTotal: 5.9553e+00 | FTLoss: 5.9553e+00 | AmpL1Full: 6.3657e-02 | PhaseL1PredSup: 8.7000e-01 | SupportBCE: 4.0342e+00 | SupportWeighted: 0.0000e+00 | BatchLR: 1.000e-03 | Grad: True  | Update: True  | Elapsed: 0:04:56 | ETA: 0:25:57
Epoch[5] Batch[600/3125] | OptTotal: 5.9809e+00 | FTLoss: 5.9809e+00 | AmpL1Full: 7.1047e-02 | PhaseL1PredSup: 8.7947e-01 | SupportBCE: 3.5041e+00 | SupportWeighted: 0.0000e+00 | BatchLR: 1.000e-03 | Grad: True  | Update: True  | Elapsed: 0:05:56 | ETA: 0:25:00
Epoch[5] Batch[700/3125] | OptTotal: 5.3095e+00 | FTLoss: 5.3095e+00 | AmpL1Full: 7.3381e-02 | PhaseL1PredSup: 9.6874e-01 | SupportBCE: 3.1168e+00 | SupportWeighted: 0.0000e+00 | BatchLR: 1.000e-03 | Grad: True  | Update: True  | Elapsed: 0:06:56 | ETA: 0:24:01
Epoch[5] Batch[800/3125] | OptTotal: 5.5674e+00 | FTLoss: 5.5674e+00 | AmpL1Full: 6.6334e-02 | PhaseL1PredSup: 8.8518e-01 | SupportBCE: 3.6045e+00 | SupportWeighted: 0.0000e+00 | BatchLR: 1.000e-03 | Grad: True  | Update: True  | Elapsed: 0:07:55 | ETA: 0:23:01
Epoch[5] Batch[900/3125] | OptTotal: 5.6933e+00 | FTLoss: 5.6933e+00 | AmpL1Full: 6.3688e-02 | PhaseL1PredSup: 9.1070e-01 | SupportBCE: 3.8681e+00 | SupportWeighted: 0.0000e+00 | BatchLR: 1.000e-03 | Grad: True  | Update: True  | Elapsed: 0:08:54 | ETA: 0:22:01
Epoch[5] Batch[1000/3125] | OptTotal: 5.6685e+00 | FTLoss: 5.6685e+00 | AmpL1Full: 4.5285e-02 | PhaseL1PredSup: 7.3107e-01 | SupportBCE: 3.6996e+00 | SupportWeighted: 0.0000e+00 | BatchLR: 1.000e-03 | Grad: True  | Update: True  | Elapsed: 0:09:53 | ETA: 0:21:01
Epoch[5] Batch[1100/3125] | OptTotal: 6.0305e+00 | FTLoss: 6.0305e+00 | AmpL1Full: 5.2491e-02 | PhaseL1PredSup: 7.2536e-01 | SupportBCE: 3.7458e+00 | SupportWeighted: 0.0000e+00 | BatchLR: 1.000e-03 | Grad: True  | Update: True  | Elapsed: 0:10:53 | ETA: 0:20:02
Epoch[5] Batch[1200/3125] | OptTotal: 5.4346e+00 | FTLoss: 5.4346e+00 | AmpL1Full: 6.3335e-02 | PhaseL1PredSup: 8.7442e-01 | SupportBCE: 3.6145e+00 | SupportWeighted: 0.0000e+00 | BatchLR: 1.000e-03 | Grad: True  | Update: True  | Elapsed: 0:11:52 | ETA: 0:19:02
Epoch[5] Batch[1300/3125] | OptTotal: 5.8862e+00 | FTLoss: 5.8862e+00 | AmpL1Full: 7.0008e-02 | PhaseL1PredSup: 9.1149e-01 | SupportBCE: 3.6585e+00 | SupportWeighted: 0.0000e+00 | BatchLR: 1.000e-03 | Grad: True  | Update: True  | Elapsed: 0:12:51 | ETA: 0:18:03
Epoch[5] Batch[1400/3125] | OptTotal: 6.3075e+00 | FTLoss: 6.3075e+00 | AmpL1Full: 4.8716e-02 | PhaseL1PredSup: 6.8940e-01 | SupportBCE: 3.5193e+00 | SupportWeighted: 0.0000e+00 | BatchLR: 1.000e-03 | Grad: True  | Update: True  | Elapsed: 0:13:50 | ETA: 0:17:03
Epoch[5] Batch[1500/3125] | OptTotal: 5.3528e+00 | FTLoss: 5.3528e+00 | AmpL1Full: 5.6563e-02 | PhaseL1PredSup: 8.1819e-01 | SupportBCE: 3.2925e+00 | SupportWeighted: 0.0000e+00 | BatchLR: 1.000e-03 | Grad: True  | Update: True  | Elapsed: 0:14:49 | ETA: 0:16:04
Epoch[5] Batch[1600/3125] | OptTotal: 5.5984e+00 | FTLoss: 5.5984e+00 | AmpL1Full: 6.6943e-02 | PhaseL1PredSup: 8.8680e-01 | SupportBCE: 3.3173e+00 | SupportWeighted: 0.0000e+00 | BatchLR: 1.000e-03 | Grad: True  | Update: True  | Elapsed: 0:15:49 | ETA: 0:15:04
Epoch[5] Batch[1700/3125] | OptTotal: 5.8579e+00 | FTLoss: 5.8579e+00 | AmpL1Full: 8.6222e-02 | PhaseL1PredSup: 1.0319e+00 | SupportBCE: 3.3660e+00 | SupportWeighted: 0.0000e+00 | BatchLR: 1.000e-03 | Grad: True  | Update: True  | Elapsed: 0:16:48 | ETA: 0:14:05
Epoch[5] Batch[1800/3125] | OptTotal: 5.8521e+00 | FTLoss: 5.8521e+00 | AmpL1Full: 6.5658e-02 | PhaseL1PredSup: 8.9206e-01 | SupportBCE: 3.6144e+00 | SupportWeighted: 0.0000e+00 | BatchLR: 1.000e-03 | Grad: True  | Update: True  | Elapsed: 0:17:47 | ETA: 0:13:05
Epoch[5] Batch[1900/3125] | OptTotal: 5.6251e+00 | FTLoss: 5.6251e+00 | AmpL1Full: 5.2400e-02 | PhaseL1PredSup: 7.9223e-01 | SupportBCE: 3.5778e+00 | SupportWeighted: 0.0000e+00 | BatchLR: 1.000e-03 | Grad: True  | Update: True  | Elapsed: 0:18:46 | ETA: 0:12:06
Epoch[5] Batch[2000/3125] | OptTotal: 6.2970e+00 | FTLoss: 6.2970e+00 | AmpL1Full: 5.1759e-02 | PhaseL1PredSup: 6.8692e-01 | SupportBCE: 3.6728e+00 | SupportWeighted: 0.0000e+00 | BatchLR: 1.000e-03 | Grad: True  | Update: True  | Elapsed: 0:19:45 | ETA: 0:11:07
Epoch[5] Batch[2100/3125] | OptTotal: 5.8153e+00 | FTLoss: 5.8153e+00 | AmpL1Full: 6.8859e-02 | PhaseL1PredSup: 9.5147e-01 | SupportBCE: 3.5550e+00 | SupportWeighted: 0.0000e+00 | BatchLR: 1.000e-03 | Grad: True  | Update: True  | Elapsed: 0:20:45 | ETA: 0:10:07
Epoch[5] Batch[2200/3125] | OptTotal: 5.7984e+00 | FTLoss: 5.7984e+00 | AmpL1Full: 7.0931e-02 | PhaseL1PredSup: 9.2113e-01 | SupportBCE: 3.5285e+00 | SupportWeighted: 0.0000e+00 | BatchLR: 1.000e-03 | Grad: True  | Update: True  | Elapsed: 0:21:44 | ETA: 0:09:08
Epoch[5] Batch[2300/3125] | OptTotal: 5.9354e+00 | FTLoss: 5.9354e+00 | AmpL1Full: 6.6433e-02 | PhaseL1PredSup: 8.4104e-01 | SupportBCE: 3.7932e+00 | SupportWeighted: 0.0000e+00 | BatchLR: 1.000e-03 | Grad: True  | Update: True  | Elapsed: 0:22:43 | ETA: 0:08:09
Epoch[5] Batch[2400/3125] | OptTotal: 5.6095e+00 | FTLoss: 5.6095e+00 | AmpL1Full: 8.2360e-02 | PhaseL1PredSup: 1.0245e+00 | SupportBCE: 3.7326e+00 | SupportWeighted: 0.0000e+00 | BatchLR: 1.000e-03 | Grad: True  | Update: True  | Elapsed: 0:23:42 | ETA: 0:07:09
Epoch[5] Batch[2500/3125] | OptTotal: 5.9438e+00 | FTLoss: 5.9438e+00 | AmpL1Full: 4.7110e-02 | PhaseL1PredSup: 7.2541e-01 | SupportBCE: 3.6070e+00 | SupportWeighted: 0.0000e+00 | BatchLR: 1.000e-03 | Grad: True  | Update: True  | Elapsed: 0:24:42 | ETA: 0:06:10
Epoch[5] Batch[2600/3125] | OptTotal: 5.9098e+00 | FTLoss: 5.9098e+00 | AmpL1Full: 6.3158e-02 | PhaseL1PredSup: 8.2963e-01 | SupportBCE: 3.5646e+00 | SupportWeighted: 0.0000e+00 | BatchLR: 1.000e-03 | Grad: True  | Update: True  | Elapsed: 0:25:42 | ETA: 0:05:11
Epoch[5] Batch[2700/3125] | OptTotal: 5.8947e+00 | FTLoss: 5.8947e+00 | AmpL1Full: 5.8837e-02 | PhaseL1PredSup: 7.7839e-01 | SupportBCE: 3.5410e+00 | SupportWeighted: 0.0000e+00 | BatchLR: 1.000e-03 | Grad: True  | Update: True  | Elapsed: 0:26:42 | ETA: 0:04:12
Epoch[5] Batch[2800/3125] | OptTotal: 5.7379e+00 | FTLoss: 5.7379e+00 | AmpL1Full: 6.1042e-02 | PhaseL1PredSup: 8.2147e-01 | SupportBCE: 3.3725e+00 | SupportWeighted: 0.0000e+00 | BatchLR: 1.000e-03 | Grad: True  | Update: True  | Elapsed: 0:27:42 | ETA: 0:03:12
Epoch[5] Batch[2900/3125] | OptTotal: 6.0114e+00 | FTLoss: 6.0114e+00 | AmpL1Full: 5.9805e-02 | PhaseL1PredSup: 7.8964e-01 | SupportBCE: 3.6670e+00 | SupportWeighted: 0.0000e+00 | BatchLR: 1.000e-03 | Grad: True  | Update: True  | Elapsed: 0:28:42 | ETA: 0:02:13
Epoch[5] Batch[3000/3125] | OptTotal: 5.6803e+00 | FTLoss: 5.6803e+00 | AmpL1Full: 4.1692e-02 | PhaseL1PredSup: 6.9692e-01 | SupportBCE: 3.8598e+00 | SupportWeighted: 0.0000e+00 | BatchLR: 1.000e-03 | Grad: True  | Update: True  | Elapsed: 0:29:42 | ETA: 0:01:14
Epoch[5] Batch[3100/3125] | OptTotal: 5.7138e+00 | FTLoss: 5.7138e+00 | AmpL1Full: 6.5666e-02 | PhaseL1PredSup: 8.7496e-01 | SupportBCE: 3.4918e+00 | SupportWeighted: 0.0000e+00 | BatchLR: 1.000e-03 | Grad: True  | Update: True  | Elapsed: 0:30:42 | ETA: 0:00:14
Epoch[5] Batch[3125/3125] | OptTotal: 5.4780e+00 | FTLoss: 5.4780e+00 | AmpL1Full: 8.5368e-02 | PhaseL1PredSup: 1.0792e+00 | SupportBCE: 3.2150e+00 | SupportWeighted: 0.0000e+00 | BatchLR: 1.000e-03 | Grad: True  | Update: True  | Elapsed: 0:30:57 | ETA: 0:00:00

================================================================================
Epoch 5 complete | total time: 1859.13s | average OptTotal: 5.7300e+00
train epoch optimization terms | OptTotal: 5.7300e+00 | FTLoss: 5.7300e+00 | SupportWeighted: 0.0000e+00
train epoch real-space monitors | AmpL1Full: 5.9706e-02 | PhaseL1PredSup: 8.3009e-01 | SupportBCE: 3.6094e+00
================================================================================

Validation Epoch [5] | Batch [100/625] | OptTotal: 6.0151e+00 | FTLoss: 6.0151e+00 | AmpL1Full: 5.9134e-02 | PhaseL1PredSup: 8.3692e-01 | SupportBCE: 3.3940e+00
Validation Epoch [5] | Batch [200/625] | OptTotal: 5.4840e+00 | FTLoss: 5.4840e+00 | AmpL1Full: 7.4668e-02 | PhaseL1PredSup: 1.0015e+00 | SupportBCE: 3.2209e+00
Validation Epoch [5] | Batch [300/625] | OptTotal: 5.7961e+00 | FTLoss: 5.7961e+00 | AmpL1Full: 6.6251e-02 | PhaseL1PredSup: 9.2709e-01 | SupportBCE: 3.5632e+00
Validation Epoch [5] | Batch [400/625] | OptTotal: 5.5848e+00 | FTLoss: 5.5848e+00 | AmpL1Full: 5.6136e-02 | PhaseL1PredSup: 8.4635e-01 | SupportBCE: 3.5313e+00
Validation Epoch [5] | Batch [500/625] | OptTotal: 6.1700e+00 | FTLoss: 6.1700e+00 | AmpL1Full: 5.9341e-02 | PhaseL1PredSup: 8.1195e-01 | SupportBCE: 3.4569e+00
Validation Epoch [5] | Batch [600/625] | OptTotal: 5.4970e+00 | FTLoss: 5.4970e+00 | AmpL1Full: 6.1199e-02 | PhaseL1PredSup: 8.8120e-01 | SupportBCE: 3.4855e+00
Validation Epoch [5] | Batch [625/625] | OptTotal: 5.6554e+00 | FTLoss: 5.6554e+00 | AmpL1Full: 6.8319e-02 | PhaseL1PredSup: 9.6724e-01 | SupportBCE: 3.4475e+00

================================================================================
Epoch 5 validation complete
val epoch optimization terms | OptTotal: 5.7275e+00 | FTLoss: 5.7275e+00 | SupportWeighted: 0.0000e+00
val epoch real-space monitors | AmpL1Full: 6.5342e-02 | PhaseL1PredSup: 9.1177e-01 | SupportBCE: 3.4299e+00
================================================================================

epoch 5/100 train_opt_total=5.72995 train_ft_loss=5.72995 train_support_weighted=0 train_amp_l1_full=0.0597061 train_phase_l1_predsup=0.830088 train_support_bce=3.60944 val_opt_total=5.72755 val_ft_loss=5.72755 val_support_weighted=0 val_amp_l1_full=0.0653417 val_phase_l1_predsup=0.911775 val_support_bce=3.42992
Epoch[6] Batch[100/3125] | OptTotal: 6.2272e+00 | FTLoss: 6.2272e+00 | AmpL1Full: 5.9674e-02 | PhaseL1PredSup: 8.0443e-01 | SupportBCE: 3.5068e+00 | SupportWeighted: 0.0000e+00 | BatchLR: 1.000e-03 | Grad: True  | Update: True  | Elapsed: 0:01:00 | ETA: 0:30:30
Epoch[6] Batch[200/3125] | OptTotal: 5.6682e+00 | FTLoss: 5.6682e+00 | AmpL1Full: 6.6387e-02 | PhaseL1PredSup: 9.2189e-01 | SupportBCE: 3.2673e+00 | SupportWeighted: 0.0000e+00 | BatchLR: 1.000e-03 | Grad: True  | Update: True  | Elapsed: 0:01:59 | ETA: 0:29:11
Epoch[6] Batch[300/3125] | OptTotal: 6.3521e+00 | FTLoss: 6.3521e+00 | AmpL1Full: 6.1653e-02 | PhaseL1PredSup: 7.6694e-01 | SupportBCE: 3.2104e+00 | SupportWeighted: 0.0000e+00 | BatchLR: 1.000e-03 | Grad: True  | Update: True  | Elapsed: 0:02:58 | ETA: 0:28:05
Epoch[6] Batch[400/3125] | OptTotal: 5.8890e+00 | FTLoss: 5.8890e+00 | AmpL1Full: 6.5912e-02 | PhaseL1PredSup: 8.6996e-01 | SupportBCE: 3.3750e+00 | SupportWeighted: 0.0000e+00 | BatchLR: 1.000e-03 | Grad: True  | Update: True  | Elapsed: 0:03:58 | ETA: 0:27:02
Epoch[6] Batch[500/3125] | OptTotal: 5.5663e+00 | FTLoss: 5.5663e+00 | AmpL1Full: 4.6144e-02 | PhaseL1PredSup: 7.0889e-01 | SupportBCE: 3.6848e+00 | SupportWeighted: 0.0000e+00 | BatchLR: 1.000e-03 | Grad: True  | Update: True  | Elapsed: 0:04:57 | ETA: 0:26:01
Epoch[6] Batch[600/3125] | OptTotal: 5.7429e+00 | FTLoss: 5.7429e+00 | AmpL1Full: 5.2745e-02 | PhaseL1PredSup: 7.5848e-01 | SupportBCE: 3.5643e+00 | SupportWeighted: 0.0000e+00 | BatchLR: 1.000e-03 | Grad: True  | Update: True  | Elapsed: 0:05:56 | ETA: 0:25:01
Epoch[6] Batch[700/3125] | OptTotal: 5.2937e+00 | FTLoss: 5.2937e+00 | AmpL1Full: 4.8541e-02 | PhaseL1PredSup: 7.6628e-01 | SupportBCE: 3.8257e+00 | SupportWeighted: 0.0000e+00 | BatchLR: 1.000e-03 | Grad: True  | Update: True  | Elapsed: 0:06:55 | ETA: 0:24:01
Epoch[6] Batch[800/3125] | OptTotal: 5.4978e+00 | FTLoss: 5.4978e+00 | AmpL1Full: 5.2318e-02 | PhaseL1PredSup: 8.0807e-01 | SupportBCE: 3.2121e+00 | SupportWeighted: 0.0000e+00 | BatchLR: 1.000e-03 | Grad: True  | Update: True  | Elapsed: 0:07:55 | ETA: 0:23:00
Epoch[6] Batch[900/3125] | OptTotal: 5.7694e+00 | FTLoss: 5.7694e+00 | AmpL1Full: 6.2342e-02 | PhaseL1PredSup: 8.6827e-01 | SupportBCE: 3.5213e+00 | SupportWeighted: 0.0000e+00 | BatchLR: 1.000e-03 | Grad: True  | Update: True  | Elapsed: 0:08:54 | ETA: 0:22:00
Epoch[6] Batch[1000/3125] | OptTotal: 5.4658e+00 | FTLoss: 5.4658e+00 | AmpL1Full: 6.1717e-02 | PhaseL1PredSup: 8.9861e-01 | SupportBCE: 3.4482e+00 | SupportWeighted: 0.0000e+00 | BatchLR: 1.000e-03 | Grad: True  | Update: True  | Elapsed: 0:09:53 | ETA: 0:21:01
Epoch[6] Batch[1100/3125] | OptTotal: 5.7303e+00 | FTLoss: 5.7303e+00 | AmpL1Full: 5.2115e-02 | PhaseL1PredSup: 7.5875e-01 | SupportBCE: 3.6418e+00 | SupportWeighted: 0.0000e+00 | BatchLR: 1.000e-03 | Grad: True  | Update: True  | Elapsed: 0:10:52 | ETA: 0:20:01
Epoch[6] Batch[1200/3125] | OptTotal: 6.4709e+00 | FTLoss: 6.4709e+00 | AmpL1Full: 4.3592e-02 | PhaseL1PredSup: 6.3182e-01 | SupportBCE: 3.4968e+00 | SupportWeighted: 0.0000e+00 | BatchLR: 1.000e-03 | Grad: True  | Update: True  | Elapsed: 0:11:51 | ETA: 0:19:02
Epoch[6] Batch[1300/3125] | OptTotal: 5.6207e+00 | FTLoss: 5.6207e+00 | AmpL1Full: 5.3121e-02 | PhaseL1PredSup: 7.8615e-01 | SupportBCE: 3.4527e+00 | SupportWeighted: 0.0000e+00 | BatchLR: 1.000e-03 | Grad: True  | Update: True  | Elapsed: 0:12:51 | ETA: 0:18:02
Epoch[6] Batch[1400/3125] | OptTotal: 6.1341e+00 | FTLoss: 6.1341e+00 | AmpL1Full: 5.5925e-02 | PhaseL1PredSup: 7.8884e-01 | SupportBCE: 3.4187e+00 | SupportWeighted: 0.0000e+00 | BatchLR: 1.000e-03 | Grad: True  | Update: True  | Elapsed: 0:13:50 | ETA: 0:17:03
Epoch[6] Batch[1500/3125] | OptTotal: 6.0806e+00 | FTLoss: 6.0806e+00 | AmpL1Full: 6.5876e-02 | PhaseL1PredSup: 8.5173e-01 | SupportBCE: 3.2987e+00 | SupportWeighted: 0.0000e+00 | BatchLR: 1.000e-03 | Grad: True  | Update: True  | Elapsed: 0:14:50 | ETA: 0:16:04
Epoch[6] Batch[1600/3125] | OptTotal: 6.0495e+00 | FTLoss: 6.0495e+00 | AmpL1Full: 5.7606e-02 | PhaseL1PredSup: 7.9929e-01 | SupportBCE: 3.2575e+00 | SupportWeighted: 0.0000e+00 | BatchLR: 1.000e-03 | Grad: True  | Update: True  | Elapsed: 0:15:49 | ETA: 0:15:04
Epoch[6] Batch[1700/3125] | OptTotal: 5.8880e+00 | FTLoss: 5.8880e+00 | AmpL1Full: 6.6521e-02 | PhaseL1PredSup: 8.7816e-01 | SupportBCE: 3.1965e+00 | SupportWeighted: 0.0000e+00 | BatchLR: 1.000e-03 | Grad: True  | Update: True  | Elapsed: 0:16:48 | ETA: 0:14:05
Epoch[6] Batch[1800/3125] | OptTotal: 5.4143e+00 | FTLoss: 5.4143e+00 | AmpL1Full: 5.5252e-02 | PhaseL1PredSup: 8.6799e-01 | SupportBCE: 3.1261e+00 | SupportWeighted: 0.0000e+00 | BatchLR: 1.000e-03 | Grad: True  | Update: True  | Elapsed: 0:17:47 | ETA: 0:13:06
Epoch[6] Batch[1900/3125] | OptTotal: 5.8953e+00 | FTLoss: 5.8953e+00 | AmpL1Full: 6.4882e-02 | PhaseL1PredSup: 8.8914e-01 | SupportBCE: 3.3798e+00 | SupportWeighted: 0.0000e+00 | BatchLR: 1.000e-03 | Grad: True  | Update: True  | Elapsed: 0:18:47 | ETA: 0:12:06
Epoch[6] Batch[2000/3125] | OptTotal: 5.4993e+00 | FTLoss: 5.4993e+00 | AmpL1Full: 4.5460e-02 | PhaseL1PredSup: 7.2392e-01 | SupportBCE: 3.5142e+00 | SupportWeighted: 0.0000e+00 | BatchLR: 1.000e-03 | Grad: True  | Update: True  | Elapsed: 0:19:46 | ETA: 0:11:07
Epoch[6] Batch[2100/3125] | OptTotal: 6.0776e+00 | FTLoss: 6.0776e+00 | AmpL1Full: 7.3010e-02 | PhaseL1PredSup: 8.9333e-01 | SupportBCE: 3.1550e+00 | SupportWeighted: 0.0000e+00 | BatchLR: 1.000e-03 | Grad: True  | Update: True  | Elapsed: 0:20:45 | ETA: 0:10:07
Epoch[6] Batch[2200/3125] | OptTotal: 5.9959e+00 | FTLoss: 5.9959e+00 | AmpL1Full: 6.7063e-02 | PhaseL1PredSup: 8.8873e-01 | SupportBCE: 3.3429e+00 | SupportWeighted: 0.0000e+00 | BatchLR: 1.000e-03 | Grad: True  | Update: True  | Elapsed: 0:21:44 | ETA: 0:09:08
Epoch[6] Batch[2300/3125] | OptTotal: 5.7237e+00 | FTLoss: 5.7237e+00 | AmpL1Full: 5.5345e-02 | PhaseL1PredSup: 8.3466e-01 | SupportBCE: 3.2837e+00 | SupportWeighted: 0.0000e+00 | BatchLR: 1.000e-03 | Grad: True  | Update: True  | Elapsed: 0:22:44 | ETA: 0:08:09
Epoch[6] Batch[2400/3125] | OptTotal: 5.8658e+00 | FTLoss: 5.8658e+00 | AmpL1Full: 4.8182e-02 | PhaseL1PredSup: 7.5560e-01 | SupportBCE: 3.3081e+00 | SupportWeighted: 0.0000e+00 | BatchLR: 1.000e-03 | Grad: True  | Update: True  | Elapsed: 0:23:43 | ETA: 0:07:09
Epoch[6] Batch[2500/3125] | OptTotal: 5.5558e+00 | FTLoss: 5.5558e+00 | AmpL1Full: 6.2824e-02 | PhaseL1PredSup: 8.5639e-01 | SupportBCE: 3.5716e+00 | SupportWeighted: 0.0000e+00 | BatchLR: 1.000e-03 | Grad: True  | Update: True  | Elapsed: 0:24:42 | ETA: 0:06:10
Epoch[6] Batch[2600/3125] | OptTotal: 5.7704e+00 | FTLoss: 5.7704e+00 | AmpL1Full: 6.1449e-02 | PhaseL1PredSup: 8.7996e-01 | SupportBCE: 3.5028e+00 | SupportWeighted: 0.0000e+00 | BatchLR: 1.000e-03 | Grad: True  | Update: True  | Elapsed: 0:25:41 | ETA: 0:05:11
Epoch[6] Batch[2700/3125] | OptTotal: 5.4711e+00 | FTLoss: 5.4711e+00 | AmpL1Full: 6.0497e-02 | PhaseL1PredSup: 8.8896e-01 | SupportBCE: 3.0941e+00 | SupportWeighted: 0.0000e+00 | BatchLR: 1.000e-03 | Grad: True  | Update: True  | Elapsed: 0:26:41 | ETA: 0:04:12
Epoch[6] Batch[2800/3125] | OptTotal: 5.2704e+00 | FTLoss: 5.2704e+00 | AmpL1Full: 6.8059e-02 | PhaseL1PredSup: 9.9437e-01 | SupportBCE: 3.1566e+00 | SupportWeighted: 0.0000e+00 | BatchLR: 1.000e-03 | Grad: True  | Update: True  | Elapsed: 0:27:40 | ETA: 0:03:12
Epoch[6] Batch[2900/3125] | OptTotal: 5.3708e+00 | FTLoss: 5.3708e+00 | AmpL1Full: 5.4568e-02 | PhaseL1PredSup: 8.6255e-01 | SupportBCE: 3.2053e+00 | SupportWeighted: 0.0000e+00 | BatchLR: 1.000e-03 | Grad: True  | Update: True  | Elapsed: 0:28:39 | ETA: 0:02:13
Epoch[6] Batch[3000/3125] | OptTotal: 5.9620e+00 | FTLoss: 5.9620e+00 | AmpL1Full: 5.7157e-02 | PhaseL1PredSup: 8.4768e-01 | SupportBCE: 3.3298e+00 | SupportWeighted: 0.0000e+00 | BatchLR: 1.000e-03 | Grad: True  | Update: True  | Elapsed: 0:29:38 | ETA: 0:01:14
Epoch[6] Batch[3100/3125] | OptTotal: 5.7835e+00 | FTLoss: 5.7835e+00 | AmpL1Full: 6.2830e-02 | PhaseL1PredSup: 8.8302e-01 | SupportBCE: 3.3854e+00 | SupportWeighted: 0.0000e+00 | BatchLR: 1.000e-03 | Grad: True  | Update: True  | Elapsed: 0:30:38 | ETA: 0:00:14
Epoch[6] Batch[3125/3125] | OptTotal: 5.4722e+00 | FTLoss: 5.4722e+00 | AmpL1Full: 6.4134e-02 | PhaseL1PredSup: 8.9646e-01 | SupportBCE: 3.2808e+00 | SupportWeighted: 0.0000e+00 | BatchLR: 1.000e-03 | Grad: True  | Update: True  | Elapsed: 0:30:53 | ETA: 0:00:00

================================================================================
Epoch 6 complete | total time: 1854.15s | average OptTotal: 5.6980e+00
train epoch optimization terms | OptTotal: 5.6980e+00 | FTLoss: 5.6980e+00 | SupportWeighted: 0.0000e+00
train epoch real-space monitors | AmpL1Full: 6.0469e-02 | PhaseL1PredSup: 8.5394e-01 | SupportBCE: 3.4062e+00
================================================================================

Validation Epoch [6] | Batch [100/625] | OptTotal: 5.9934e+00 | FTLoss: 5.9934e+00 | AmpL1Full: 5.5643e-02 | PhaseL1PredSup: 8.0030e-01 | SupportBCE: 3.2632e+00
Validation Epoch [6] | Batch [200/625] | OptTotal: 5.4455e+00 | FTLoss: 5.4455e+00 | AmpL1Full: 7.0252e-02 | PhaseL1PredSup: 9.4713e-01 | SupportBCE: 3.1446e+00
Validation Epoch [6] | Batch [300/625] | OptTotal: 5.7670e+00 | FTLoss: 5.7670e+00 | AmpL1Full: 6.1874e-02 | PhaseL1PredSup: 8.7861e-01 | SupportBCE: 3.4368e+00
Validation Epoch [6] | Batch [400/625] | OptTotal: 5.5436e+00 | FTLoss: 5.5436e+00 | AmpL1Full: 5.1516e-02 | PhaseL1PredSup: 7.9491e-01 | SupportBCE: 3.4315e+00
Validation Epoch [6] | Batch [500/625] | OptTotal: 6.1385e+00 | FTLoss: 6.1385e+00 | AmpL1Full: 5.5893e-02 | PhaseL1PredSup: 7.7757e-01 | SupportBCE: 3.2976e+00
Validation Epoch [6] | Batch [600/625] | OptTotal: 5.4491e+00 | FTLoss: 5.4491e+00 | AmpL1Full: 5.7876e-02 | PhaseL1PredSup: 8.4321e-01 | SupportBCE: 3.3518e+00
Validation Epoch [6] | Batch [625/625] | OptTotal: 5.6114e+00 | FTLoss: 5.6114e+00 | AmpL1Full: 6.3101e-02 | PhaseL1PredSup: 9.1010e-01 | SupportBCE: 3.3647e+00

================================================================================
Epoch 6 validation complete
val epoch optimization terms | OptTotal: 5.6892e+00 | FTLoss: 5.6892e+00 | SupportWeighted: 0.0000e+00
val epoch real-space monitors | AmpL1Full: 6.1383e-02 | PhaseL1PredSup: 8.6744e-01 | SupportBCE: 3.3148e+00
================================================================================

epoch 6/100 train_opt_total=5.69798 train_ft_loss=5.69798 train_support_weighted=0 train_amp_l1_full=0.0604691 train_phase_l1_predsup=0.85394 train_support_bce=3.40617 val_opt_total=5.6892 val_ft_loss=5.6892 val_support_weighted=0 val_amp_l1_full=0.0613826 val_phase_l1_predsup=0.867442 val_support_bce=3.31483
Epoch[7] Batch[100/3125] | OptTotal: 5.8116e+00 | FTLoss: 5.8116e+00 | AmpL1Full: 4.7054e-02 | PhaseL1PredSup: 7.4384e-01 | SupportBCE: 3.4607e+00 | SupportWeighted: 0.0000e+00 | BatchLR: 1.000e-03 | Grad: True  | Update: True  | Elapsed: 0:00:59 | ETA: 0:30:07
Epoch[7] Batch[200/3125] | OptTotal: 5.5640e+00 | FTLoss: 5.5640e+00 | AmpL1Full: 6.8678e-02 | PhaseL1PredSup: 9.4089e-01 | SupportBCE: 3.1148e+00 | SupportWeighted: 0.0000e+00 | BatchLR: 1.000e-03 | Grad: True  | Update: True  | Elapsed: 0:01:58 | ETA: 0:29:00
Epoch[7] Batch[300/3125] | OptTotal: 5.9707e+00 | FTLoss: 5.9707e+00 | AmpL1Full: 3.9109e-02 | PhaseL1PredSup: 6.3976e-01 | SupportBCE: 3.2347e+00 | SupportWeighted: 0.0000e+00 | BatchLR: 1.000e-03 | Grad: True  | Update: True  | Elapsed: 0:02:58 | ETA: 0:27:58
Epoch[7] Batch[400/3125] | OptTotal: 5.5558e+00 | FTLoss: 5.5558e+00 | AmpL1Full: 5.4379e-02 | PhaseL1PredSup: 8.1344e-01 | SupportBCE: 3.2061e+00 | SupportWeighted: 0.0000e+00 | BatchLR: 1.000e-03 | Grad: True  | Update: True  | Elapsed: 0:03:57 | ETA: 0:26:58
Epoch[7] Batch[500/3125] | OptTotal: 5.5872e+00 | FTLoss: 5.5872e+00 | AmpL1Full: 6.9878e-02 | PhaseL1PredSup: 9.8007e-01 | SupportBCE: 2.9975e+00 | SupportWeighted: 0.0000e+00 | BatchLR: 1.000e-03 | Grad: True  | Update: True  | Elapsed: 0:04:56 | ETA: 0:25:59
Epoch[7] Batch[600/3125] | OptTotal: 5.5228e+00 | FTLoss: 5.5228e+00 | AmpL1Full: 4.4812e-02 | PhaseL1PredSup: 7.1228e-01 | SupportBCE: 3.1328e+00 | SupportWeighted: 0.0000e+00 | BatchLR: 1.000e-03 | Grad: True  | Update: True  | Elapsed: 0:05:56 | ETA: 0:24:59
Epoch[7] Batch[700/3125] | OptTotal: 5.6188e+00 | FTLoss: 5.6188e+00 | AmpL1Full: 5.0689e-02 | PhaseL1PredSup: 7.5649e-01 | SupportBCE: 3.3645e+00 | SupportWeighted: 0.0000e+00 | BatchLR: 1.000e-03 | Grad: True  | Update: True  | Elapsed: 0:06:55 | ETA: 0:24:00
Epoch[7] Batch[800/3125] | OptTotal: 5.7262e+00 | FTLoss: 5.7262e+00 | AmpL1Full: 5.7416e-02 | PhaseL1PredSup: 8.2179e-01 | SupportBCE: 3.2849e+00 | SupportWeighted: 0.0000e+00 | BatchLR: 1.000e-03 | Grad: True  | Update: True  | Elapsed: 0:07:54 | ETA: 0:23:00
Epoch[7] Batch[900/3125] | OptTotal: 5.9401e+00 | FTLoss: 5.9401e+00 | AmpL1Full: 6.0592e-02 | PhaseL1PredSup: 8.2870e-01 | SupportBCE: 3.5595e+00 | SupportWeighted: 0.0000e+00 | BatchLR: 1.000e-03 | Grad: True  | Update: True  | Elapsed: 0:08:54 | ETA: 0:22:00
Epoch[7] Batch[1000/3125] | OptTotal: 5.6934e+00 | FTLoss: 5.6934e+00 | AmpL1Full: 6.1952e-02 | PhaseL1PredSup: 8.6159e-01 | SupportBCE: 3.0718e+00 | SupportWeighted: 0.0000e+00 | BatchLR: 1.000e-03 | Grad: True  | Update: True  | Elapsed: 0:09:53 | ETA: 0:21:01
Epoch[7] Batch[1100/3125] | OptTotal: 6.0329e+00 | FTLoss: 6.0329e+00 | AmpL1Full: 6.3552e-02 | PhaseL1PredSup: 8.3852e-01 | SupportBCE: 3.2526e+00 | SupportWeighted: 0.0000e+00 | BatchLR: 1.000e-03 | Grad: True  | Update: True  | Elapsed: 0:10:52 | ETA: 0:20:01
Epoch[7] Batch[1200/3125] | OptTotal: 5.5230e+00 | FTLoss: 5.5230e+00 | AmpL1Full: 6.7652e-02 | PhaseL1PredSup: 9.4924e-01 | SupportBCE: 3.1742e+00 | SupportWeighted: 0.0000e+00 | BatchLR: 1.000e-03 | Grad: True  | Update: True  | Elapsed: 0:11:52 | ETA: 0:19:02
Epoch[7] Batch[1300/3125] | OptTotal: 5.8235e+00 | FTLoss: 5.8235e+00 | AmpL1Full: 5.9151e-02 | PhaseL1PredSup: 8.6311e-01 | SupportBCE: 3.5780e+00 | SupportWeighted: 0.0000e+00 | BatchLR: 1.000e-03 | Grad: True  | Update: True  | Elapsed: 0:12:51 | ETA: 0:18:02
Epoch[7] Batch[1400/3125] | OptTotal: 5.9224e+00 | FTLoss: 5.9224e+00 | AmpL1Full: 5.8151e-02 | PhaseL1PredSup: 8.1718e-01 | SupportBCE: 3.4090e+00 | SupportWeighted: 0.0000e+00 | BatchLR: 1.000e-03 | Grad: True  | Update: True  | Elapsed: 0:13:50 | ETA: 0:17:03
Epoch[7] Batch[1500/3125] | OptTotal: 4.7132e+00 | FTLoss: 4.7132e+00 | AmpL1Full: 6.2403e-02 | PhaseL1PredSup: 9.9790e-01 | SupportBCE: 3.4790e+00 | SupportWeighted: 0.0000e+00 | BatchLR: 1.000e-03 | Grad: True  | Update: True  | Elapsed: 0:14:49 | ETA: 0:16:04
Epoch[7] Batch[1600/3125] | OptTotal: 5.1794e+00 | FTLoss: 5.1794e+00 | AmpL1Full: 5.8387e-02 | PhaseL1PredSup: 9.2142e-01 | SupportBCE: 2.7969e+00 | SupportWeighted: 0.0000e+00 | BatchLR: 1.000e-03 | Grad: True  | Update: True  | Elapsed: 0:15:49 | ETA: 0:15:04
Epoch[7] Batch[1700/3125] | OptTotal: 5.9279e+00 | FTLoss: 5.9279e+00 | AmpL1Full: 6.9716e-02 | PhaseL1PredSup: 9.3563e-01 | SupportBCE: 3.3831e+00 | SupportWeighted: 0.0000e+00 | BatchLR: 1.000e-03 | Grad: True  | Update: True  | Elapsed: 0:16:48 | ETA: 0:14:05
Epoch[7] Batch[1800/3125] | OptTotal: 5.0642e+00 | FTLoss: 5.0642e+00 | AmpL1Full: 4.3500e-02 | PhaseL1PredSup: 7.6536e-01 | SupportBCE: 3.4560e+00 | SupportWeighted: 0.0000e+00 | BatchLR: 1.000e-03 | Grad: True  | Update: True  | Elapsed: 0:17:47 | ETA: 0:13:06
Epoch[7] Batch[1900/3125] | OptTotal: 5.5711e+00 | FTLoss: 5.5711e+00 | AmpL1Full: 5.4385e-02 | PhaseL1PredSup: 8.1683e-01 | SupportBCE: 3.1798e+00 | SupportWeighted: 0.0000e+00 | BatchLR: 1.000e-03 | Grad: True  | Update: True  | Elapsed: 0:18:47 | ETA: 0:12:06
Epoch[7] Batch[2000/3125] | OptTotal: 6.1934e+00 | FTLoss: 6.1934e+00 | AmpL1Full: 7.8865e-02 | PhaseL1PredSup: 9.5826e-01 | SupportBCE: 3.3270e+00 | SupportWeighted: 0.0000e+00 | BatchLR: 1.000e-03 | Grad: True  | Update: True  | Elapsed: 0:19:46 | ETA: 0:11:07
Epoch[7] Batch[2100/3125] | OptTotal: 5.6131e+00 | FTLoss: 5.6131e+00 | AmpL1Full: 6.1192e-02 | PhaseL1PredSup: 8.8225e-01 | SupportBCE: 3.4837e+00 | SupportWeighted: 0.0000e+00 | BatchLR: 1.000e-03 | Grad: True  | Update: True  | Elapsed: 0:20:45 | ETA: 0:10:08
Epoch[7] Batch[2200/3125] | OptTotal: 6.0470e+00 | FTLoss: 6.0470e+00 | AmpL1Full: 6.0889e-02 | PhaseL1PredSup: 8.3234e-01 | SupportBCE: 3.2892e+00 | SupportWeighted: 0.0000e+00 | BatchLR: 1.000e-03 | Grad: True  | Update: True  | Elapsed: 0:21:45 | ETA: 0:09:08
Epoch[7] Batch[2300/3125] | OptTotal: 5.3575e+00 | FTLoss: 5.3575e+00 | AmpL1Full: 5.4862e-02 | PhaseL1PredSup: 8.7621e-01 | SupportBCE: 3.3072e+00 | SupportWeighted: 0.0000e+00 | BatchLR: 1.000e-03 | Grad: True  | Update: True  | Elapsed: 0:22:44 | ETA: 0:08:09
Epoch[7] Batch[2400/3125] | OptTotal: 5.7547e+00 | FTLoss: 5.7547e+00 | AmpL1Full: 6.3495e-02 | PhaseL1PredSup: 8.9015e-01 | SupportBCE: 3.3879e+00 | SupportWeighted: 0.0000e+00 | BatchLR: 1.000e-03 | Grad: True  | Update: True  | Elapsed: 0:23:44 | ETA: 0:07:10
Epoch[7] Batch[2500/3125] | OptTotal: 6.0470e+00 | FTLoss: 6.0470e+00 | AmpL1Full: 6.2426e-02 | PhaseL1PredSup: 8.4992e-01 | SupportBCE: 3.3393e+00 | SupportWeighted: 0.0000e+00 | BatchLR: 1.000e-03 | Grad: True  | Update: True  | Elapsed: 0:24:44 | ETA: 0:06:11
Epoch[7] Batch[2600/3125] | OptTotal: 5.7161e+00 | FTLoss: 5.7161e+00 | AmpL1Full: 6.4396e-02 | PhaseL1PredSup: 9.3008e-01 | SupportBCE: 3.1161e+00 | SupportWeighted: 0.0000e+00 | BatchLR: 1.000e-03 | Grad: True  | Update: True  | Elapsed: 0:25:43 | ETA: 0:05:11
Epoch[7] Batch[2700/3125] | OptTotal: 5.7884e+00 | FTLoss: 5.7884e+00 | AmpL1Full: 5.4068e-02 | PhaseL1PredSup: 7.8716e-01 | SupportBCE: 3.4040e+00 | SupportWeighted: 0.0000e+00 | BatchLR: 1.000e-03 | Grad: True  | Update: True  | Elapsed: 0:26:42 | ETA: 0:04:12
Epoch[7] Batch[2800/3125] | OptTotal: 5.3133e+00 | FTLoss: 5.3133e+00 | AmpL1Full: 4.4559e-02 | PhaseL1PredSup: 7.6492e-01 | SupportBCE: 3.2241e+00 | SupportWeighted: 0.0000e+00 | BatchLR: 1.000e-03 | Grad: True  | Update: True  | Elapsed: 0:27:42 | ETA: 0:03:12
Epoch[7] Batch[2900/3125] | OptTotal: 5.7853e+00 | FTLoss: 5.7853e+00 | AmpL1Full: 7.7225e-02 | PhaseL1PredSup: 1.0235e+00 | SupportBCE: 3.2987e+00 | SupportWeighted: 0.0000e+00 | BatchLR: 1.000e-03 | Grad: True  | Update: True  | Elapsed: 0:28:41 | ETA: 0:02:13
Epoch[7] Batch[3000/3125] | OptTotal: 5.9705e+00 | FTLoss: 5.9705e+00 | AmpL1Full: 5.0245e-02 | PhaseL1PredSup: 7.3981e-01 | SupportBCE: 2.9876e+00 | SupportWeighted: 0.0000e+00 | BatchLR: 1.000e-03 | Grad: True  | Update: True  | Elapsed: 0:29:40 | ETA: 0:01:14
Epoch[7] Batch[3100/3125] | OptTotal: 5.9478e+00 | FTLoss: 5.9478e+00 | AmpL1Full: 4.7441e-02 | PhaseL1PredSup: 7.4358e-01 | SupportBCE: 3.3189e+00 | SupportWeighted: 0.0000e+00 | BatchLR: 1.000e-03 | Grad: True  | Update: True  | Elapsed: 0:30:39 | ETA: 0:00:14
Epoch[7] Batch[3125/3125] | OptTotal: 5.9248e+00 | FTLoss: 5.9248e+00 | AmpL1Full: 8.1933e-02 | PhaseL1PredSup: 1.0114e+00 | SupportBCE: 2.9558e+00 | SupportWeighted: 0.0000e+00 | BatchLR: 1.000e-03 | Grad: True  | Update: True  | Elapsed: 0:30:54 | ETA: 0:00:00

================================================================================
Epoch 7 complete | total time: 1855.88s | average OptTotal: 5.6720e+00
train epoch optimization terms | OptTotal: 5.6720e+00 | FTLoss: 5.6720e+00 | SupportWeighted: 0.0000e+00
train epoch real-space monitors | AmpL1Full: 6.1138e-02 | PhaseL1PredSup: 8.7574e-01 | SupportBCE: 3.2537e+00
================================================================================

Validation Epoch [7] | Batch [100/625] | OptTotal: 5.9653e+00 | FTLoss: 5.9653e+00 | AmpL1Full: 5.3987e-02 | PhaseL1PredSup: 7.8539e-01 | SupportBCE: 3.0483e+00
Validation Epoch [7] | Batch [200/625] | OptTotal: 5.4163e+00 | FTLoss: 5.4163e+00 | AmpL1Full: 6.8755e-02 | PhaseL1PredSup: 9.5885e-01 | SupportBCE: 2.9563e+00
Validation Epoch [7] | Batch [300/625] | OptTotal: 5.7228e+00 | FTLoss: 5.7228e+00 | AmpL1Full: 5.9075e-02 | PhaseL1PredSup: 8.6233e-01 | SupportBCE: 3.1767e+00
Validation Epoch [7] | Batch [400/625] | OptTotal: 5.5135e+00 | FTLoss: 5.5135e+00 | AmpL1Full: 4.9493e-02 | PhaseL1PredSup: 7.8178e-01 | SupportBCE: 3.2258e+00
Validation Epoch [7] | Batch [500/625] | OptTotal: 6.1158e+00 | FTLoss: 6.1158e+00 | AmpL1Full: 5.3543e-02 | PhaseL1PredSup: 7.5983e-01 | SupportBCE: 3.1137e+00
Validation Epoch [7] | Batch [600/625] | OptTotal: 5.4236e+00 | FTLoss: 5.4236e+00 | AmpL1Full: 5.6138e-02 | PhaseL1PredSup: 8.3949e-01 | SupportBCE: 3.0429e+00
Validation Epoch [7] | Batch [625/625] | OptTotal: 5.5745e+00 | FTLoss: 5.5745e+00 | AmpL1Full: 6.1475e-02 | PhaseL1PredSup: 9.1185e-01 | SupportBCE: 3.0692e+00

================================================================================
Epoch 7 validation complete
val epoch optimization terms | OptTotal: 5.6562e+00 | FTLoss: 5.6562e+00 | SupportWeighted: 0.0000e+00
val epoch real-space monitors | AmpL1Full: 5.9031e-02 | PhaseL1PredSup: 8.5476e-01 | SupportBCE: 3.0920e+00
================================================================================

epoch 7/100 train_opt_total=5.67196 train_ft_loss=5.67196 train_support_weighted=0 train_amp_l1_full=0.0611377 train_phase_l1_predsup=0.875742 train_support_bce=3.25365 val_opt_total=5.65617 val_ft_loss=5.65617 val_support_weighted=0 val_amp_l1_full=0.0590307 val_phase_l1_predsup=0.854756 val_support_bce=3.09202
Epoch[8] Batch[100/3125] | OptTotal: 5.8721e+00 | FTLoss: 5.8721e+00 | AmpL1Full: 5.6072e-02 | PhaseL1PredSup: 8.3607e-01 | SupportBCE: 3.0828e+00 | SupportWeighted: 0.0000e+00 | BatchLR: 1.000e-03 | Grad: True  | Update: True  | Elapsed: 0:00:59 | ETA: 0:30:09
Epoch[8] Batch[200/3125] | OptTotal: 5.4554e+00 | FTLoss: 5.4554e+00 | AmpL1Full: 7.1129e-02 | PhaseL1PredSup: 1.0448e+00 | SupportBCE: 2.6944e+00 | SupportWeighted: 0.0000e+00 | BatchLR: 1.000e-03 | Grad: True  | Update: True  | Elapsed: 0:01:59 | ETA: 0:29:02
Epoch[8] Batch[300/3125] | OptTotal: 4.9729e+00 | FTLoss: 4.9729e+00 | AmpL1Full: 5.1571e-02 | PhaseL1PredSup: 8.5699e-01 | SupportBCE: 2.9893e+00 | SupportWeighted: 0.0000e+00 | BatchLR: 1.000e-03 | Grad: True  | Update: True  | Elapsed: 0:02:58 | ETA: 0:28:00
Epoch[8] Batch[400/3125] | OptTotal: 5.7722e+00 | FTLoss: 5.7722e+00 | AmpL1Full: 6.4087e-02 | PhaseL1PredSup: 9.0859e-01 | SupportBCE: 2.9766e+00 | SupportWeighted: 0.0000e+00 | BatchLR: 1.000e-03 | Grad: True  | Update: True  | Elapsed: 0:03:57 | ETA: 0:26:59
Epoch[8] Batch[500/3125] | OptTotal: 5.6695e+00 | FTLoss: 5.6695e+00 | AmpL1Full: 5.9707e-02 | PhaseL1PredSup: 9.0182e-01 | SupportBCE: 3.1965e+00 | SupportWeighted: 0.0000e+00 | BatchLR: 1.000e-03 | Grad: True  | Update: True  | Elapsed: 0:04:56 | ETA: 0:25:58
Epoch[8] Batch[600/3125] | OptTotal: 6.0932e+00 | FTLoss: 6.0932e+00 | AmpL1Full: 7.1891e-02 | PhaseL1PredSup: 9.5368e-01 | SupportBCE: 3.2713e+00 | SupportWeighted: 0.0000e+00 | BatchLR: 1.000e-03 | Grad: True  | Update: True  | Elapsed: 0:05:56 | ETA: 0:24:58
Epoch[8] Batch[700/3125] | OptTotal: 5.7946e+00 | FTLoss: 5.7946e+00 | AmpL1Full: 6.0431e-02 | PhaseL1PredSup: 8.6337e-01 | SupportBCE: 3.4460e+00 | SupportWeighted: 0.0000e+00 | BatchLR: 1.000e-03 | Grad: True  | Update: True  | Elapsed: 0:06:55 | ETA: 0:23:59
Epoch[8] Batch[800/3125] | OptTotal: 5.3195e+00 | FTLoss: 5.3195e+00 | AmpL1Full: 5.1547e-02 | PhaseL1PredSup: 8.6316e-01 | SupportBCE: 3.3165e+00 | SupportWeighted: 0.0000e+00 | BatchLR: 1.000e-03 | Grad: True  | Update: True  | Elapsed: 0:07:54 | ETA: 0:22:59
Epoch[8] Batch[900/3125] | OptTotal: 5.9165e+00 | FTLoss: 5.9165e+00 | AmpL1Full: 5.7522e-02 | PhaseL1PredSup: 8.3374e-01 | SupportBCE: 3.1428e+00 | SupportWeighted: 0.0000e+00 | BatchLR: 1.000e-03 | Grad: True  | Update: True  | Elapsed: 0:08:53 | ETA: 0:21:59
Epoch[8] Batch[1000/3125] | OptTotal: 5.6141e+00 | FTLoss: 5.6141e+00 | AmpL1Full: 6.9148e-02 | PhaseL1PredSup: 9.4737e-01 | SupportBCE: 3.3138e+00 | SupportWeighted: 0.0000e+00 | BatchLR: 1.000e-03 | Grad: True  | Update: True  | Elapsed: 0:09:53 | ETA: 0:21:00
Epoch[8] Batch[1100/3125] | OptTotal: 5.4721e+00 | FTLoss: 5.4721e+00 | AmpL1Full: 5.9801e-02 | PhaseL1PredSup: 8.7019e-01 | SupportBCE: 3.3249e+00 | SupportWeighted: 0.0000e+00 | BatchLR: 1.000e-03 | Grad: True  | Update: True  | Elapsed: 0:10:52 | ETA: 0:20:01
Epoch[8] Batch[1200/3125] | OptTotal: 6.1114e+00 | FTLoss: 6.1114e+00 | AmpL1Full: 6.3248e-02 | PhaseL1PredSup: 8.5618e-01 | SupportBCE: 3.2134e+00 | SupportWeighted: 0.0000e+00 | BatchLR: 1.000e-03 | Grad: True  | Update: True  | Elapsed: 0:11:51 | ETA: 0:19:01
Epoch[8] Batch[1300/3125] | OptTotal: 6.0109e+00 | FTLoss: 6.0109e+00 | AmpL1Full: 6.2974e-02 | PhaseL1PredSup: 8.9730e-01 | SupportBCE: 3.1289e+00 | SupportWeighted: 0.0000e+00 | BatchLR: 1.000e-03 | Grad: True  | Update: True  | Elapsed: 0:12:51 | ETA: 0:18:02
Epoch[8] Batch[1400/3125] | OptTotal: 5.3894e+00 | FTLoss: 5.3894e+00 | AmpL1Full: 6.6114e-02 | PhaseL1PredSup: 9.7283e-01 | SupportBCE: 3.0874e+00 | SupportWeighted: 0.0000e+00 | BatchLR: 1.000e-03 | Grad: True  | Update: True  | Elapsed: 0:13:50 | ETA: 0:17:03
Epoch[8] Batch[1500/3125] | OptTotal: 5.6274e+00 | FTLoss: 5.6274e+00 | AmpL1Full: 5.7309e-02 | PhaseL1PredSup: 8.4325e-01 | SupportBCE: 3.3565e+00 | SupportWeighted: 0.0000e+00 | BatchLR: 1.000e-03 | Grad: True  | Update: True  | Elapsed: 0:14:49 | ETA: 0:16:03
Epoch[8] Batch[1600/3125] | OptTotal: 5.3936e+00 | FTLoss: 5.3936e+00 | AmpL1Full: 5.1321e-02 | PhaseL1PredSup: 8.2791e-01 | SupportBCE: 3.5815e+00 | SupportWeighted: 0.0000e+00 | BatchLR: 1.000e-03 | Grad: True  | Update: True  | Elapsed: 0:15:49 | ETA: 0:15:04
Epoch[8] Batch[1700/3125] | OptTotal: 6.1394e+00 | FTLoss: 6.1394e+00 | AmpL1Full: 7.0657e-02 | PhaseL1PredSup: 9.4101e-01 | SupportBCE: 3.1983e+00 | SupportWeighted: 0.0000e+00 | BatchLR: 1.000e-03 | Grad: True  | Update: True  | Elapsed: 0:16:48 | ETA: 0:14:05
Epoch[8] Batch[1800/3125] | OptTotal: 5.3059e+00 | FTLoss: 5.3059e+00 | AmpL1Full: 5.7658e-02 | PhaseL1PredSup: 8.6561e-01 | SupportBCE: 3.3657e+00 | SupportWeighted: 0.0000e+00 | BatchLR: 1.000e-03 | Grad: True  | Update: True  | Elapsed: 0:17:47 | ETA: 0:13:05
Epoch[8] Batch[1900/3125] | OptTotal: 6.0333e+00 | FTLoss: 6.0333e+00 | AmpL1Full: 6.0079e-02 | PhaseL1PredSup: 8.4927e-01 | SupportBCE: 3.2584e+00 | SupportWeighted: 0.0000e+00 | BatchLR: 1.000e-03 | Grad: True  | Update: True  | Elapsed: 0:18:46 | ETA: 0:12:06
Epoch[8] Batch[2000/3125] | OptTotal: 6.0430e+00 | FTLoss: 6.0430e+00 | AmpL1Full: 7.4435e-02 | PhaseL1PredSup: 9.5341e-01 | SupportBCE: 3.3574e+00 | SupportWeighted: 0.0000e+00 | BatchLR: 1.000e-03 | Grad: True  | Update: True  | Elapsed: 0:19:46 | ETA: 0:11:07
Epoch[8] Batch[2100/3125] | OptTotal: 5.3884e+00 | FTLoss: 5.3884e+00 | AmpL1Full: 5.9972e-02 | PhaseL1PredSup: 9.1817e-01 | SupportBCE: 3.0871e+00 | SupportWeighted: 0.0000e+00 | BatchLR: 1.000e-03 | Grad: True  | Update: True  | Elapsed: 0:20:45 | ETA: 0:10:07
Epoch[8] Batch[2200/3125] | OptTotal: 5.6755e+00 | FTLoss: 5.6755e+00 | AmpL1Full: 6.7223e-02 | PhaseL1PredSup: 9.8480e-01 | SupportBCE: 2.7458e+00 | SupportWeighted: 0.0000e+00 | BatchLR: 1.000e-03 | Grad: True  | Update: True  | Elapsed: 0:21:44 | ETA: 0:09:08
Epoch[8] Batch[2300/3125] | OptTotal: 6.0019e+00 | FTLoss: 6.0019e+00 | AmpL1Full: 5.8880e-02 | PhaseL1PredSup: 8.4845e-01 | SupportBCE: 3.3155e+00 | SupportWeighted: 0.0000e+00 | BatchLR: 1.000e-03 | Grad: True  | Update: True  | Elapsed: 0:22:44 | ETA: 0:08:09
Epoch[8] Batch[2400/3125] | OptTotal: 5.8418e+00 | FTLoss: 5.8418e+00 | AmpL1Full: 5.4782e-02 | PhaseL1PredSup: 8.2040e-01 | SupportBCE: 3.3707e+00 | SupportWeighted: 0.0000e+00 | BatchLR: 1.000e-03 | Grad: True  | Update: True  | Elapsed: 0:23:43 | ETA: 0:07:09
Epoch[8] Batch[2500/3125] | OptTotal: 5.2473e+00 | FTLoss: 5.2473e+00 | AmpL1Full: 6.7680e-02 | PhaseL1PredSup: 1.0070e+00 | SupportBCE: 3.2579e+00 | SupportWeighted: 0.0000e+00 | BatchLR: 1.000e-03 | Grad: True  | Update: True  | Elapsed: 0:24:42 | ETA: 0:06:10
Epoch[8] Batch[2600/3125] | OptTotal: 5.5209e+00 | FTLoss: 5.5209e+00 | AmpL1Full: 5.1729e-02 | PhaseL1PredSup: 8.0387e-01 | SupportBCE: 3.1966e+00 | SupportWeighted: 0.0000e+00 | BatchLR: 1.000e-03 | Grad: True  | Update: True  | Elapsed: 0:25:42 | ETA: 0:05:11
Epoch[8] Batch[2700/3125] | OptTotal: 5.2865e+00 | FTLoss: 5.2865e+00 | AmpL1Full: 6.1519e-02 | PhaseL1PredSup: 9.1525e-01 | SupportBCE: 3.1517e+00 | SupportWeighted: 0.0000e+00 | BatchLR: 1.000e-03 | Grad: True  | Update: True  | Elapsed: 0:26:41 | ETA: 0:04:12
Epoch[8] Batch[2800/3125] | OptTotal: 5.8236e+00 | FTLoss: 5.8236e+00 | AmpL1Full: 5.7477e-02 | PhaseL1PredSup: 8.4639e-01 | SupportBCE: 3.3159e+00 | SupportWeighted: 0.0000e+00 | BatchLR: 1.000e-03 | Grad: True  | Update: True  | Elapsed: 0:27:40 | ETA: 0:03:12
Epoch[8] Batch[2900/3125] | OptTotal: 5.8815e+00 | FTLoss: 5.8815e+00 | AmpL1Full: 6.0089e-02 | PhaseL1PredSup: 8.5436e-01 | SupportBCE: 3.2904e+00 | SupportWeighted: 0.0000e+00 | BatchLR: 1.000e-03 | Grad: True  | Update: True  | Elapsed: 0:28:39 | ETA: 0:02:13
Epoch[8] Batch[3000/3125] | OptTotal: 5.4975e+00 | FTLoss: 5.4975e+00 | AmpL1Full: 7.4855e-02 | PhaseL1PredSup: 1.0570e+00 | SupportBCE: 2.7193e+00 | SupportWeighted: 0.0000e+00 | BatchLR: 1.000e-03 | Grad: True  | Update: True  | Elapsed: 0:29:39 | ETA: 0:01:14
Epoch[8] Batch[3100/3125] | OptTotal: 5.8084e+00 | FTLoss: 5.8084e+00 | AmpL1Full: 7.3281e-02 | PhaseL1PredSup: 9.7158e-01 | SupportBCE: 3.0439e+00 | SupportWeighted: 0.0000e+00 | BatchLR: 1.000e-03 | Grad: True  | Update: True  | Elapsed: 0:30:38 | ETA: 0:00:14
Epoch[8] Batch[3125/3125] | OptTotal: 5.4573e+00 | FTLoss: 5.4573e+00 | AmpL1Full: 6.8178e-02 | PhaseL1PredSup: 9.7431e-01 | SupportBCE: 3.1130e+00 | SupportWeighted: 0.0000e+00 | BatchLR: 1.000e-03 | Grad: True  | Update: True  | Elapsed: 0:30:53 | ETA: 0:00:00

================================================================================
Epoch 8 complete | total time: 1854.33s | average OptTotal: 5.6507e+00
train epoch optimization terms | OptTotal: 5.6507e+00 | FTLoss: 5.6507e+00 | SupportWeighted: 0.0000e+00
train epoch real-space monitors | AmpL1Full: 6.1752e-02 | PhaseL1PredSup: 8.9631e-01 | SupportBCE: 3.1571e+00
================================================================================

Validation Epoch [8] | Batch [100/625] | OptTotal: 5.9544e+00 | FTLoss: 5.9544e+00 | AmpL1Full: 5.7320e-02 | PhaseL1PredSup: 8.5329e-01 | SupportBCE: 2.9191e+00
Validation Epoch [8] | Batch [200/625] | OptTotal: 5.4065e+00 | FTLoss: 5.4065e+00 | AmpL1Full: 7.2647e-02 | PhaseL1PredSup: 1.0337e+00 | SupportBCE: 2.8497e+00
Validation Epoch [8] | Batch [300/625] | OptTotal: 5.7207e+00 | FTLoss: 5.7207e+00 | AmpL1Full: 6.3361e-02 | PhaseL1PredSup: 9.3850e-01 | SupportBCE: 3.0315e+00
Validation Epoch [8] | Batch [400/625] | OptTotal: 5.5118e+00 | FTLoss: 5.5118e+00 | AmpL1Full: 5.3955e-02 | PhaseL1PredSup: 8.6359e-01 | SupportBCE: 3.0787e+00
Validation Epoch [8] | Batch [500/625] | OptTotal: 6.1056e+00 | FTLoss: 6.1056e+00 | AmpL1Full: 5.7867e-02 | PhaseL1PredSup: 8.4711e-01 | SupportBCE: 2.9590e+00
Validation Epoch [8] | Batch [600/625] | OptTotal: 5.4107e+00 | FTLoss: 5.4107e+00 | AmpL1Full: 5.9436e-02 | PhaseL1PredSup: 9.1030e-01 | SupportBCE: 2.8988e+00
Validation Epoch [8] | Batch [625/625] | OptTotal: 5.5702e+00 | FTLoss: 5.5702e+00 | AmpL1Full: 6.4858e-02 | PhaseL1PredSup: 9.6788e-01 | SupportBCE: 2.9637e+00

================================================================================
Epoch 8 validation complete
val epoch optimization terms | OptTotal: 5.6503e+00 | FTLoss: 5.6503e+00 | SupportWeighted: 0.0000e+00
val epoch real-space monitors | AmpL1Full: 6.2781e-02 | PhaseL1PredSup: 9.2638e-01 | SupportBCE: 2.9502e+00
================================================================================

epoch 8/100 train_opt_total=5.65065 train_ft_loss=5.65065 train_support_weighted=0 train_amp_l1_full=0.0617523 train_phase_l1_predsup=0.896311 train_support_bce=3.15707 val_opt_total=5.65031 val_ft_loss=5.65031 val_support_weighted=0 val_amp_l1_full=0.0627809 val_phase_l1_predsup=0.926377 val_support_bce=2.95019
Epoch[9] Batch[100/3125] | OptTotal: 5.9012e+00 | FTLoss: 5.9012e+00 | AmpL1Full: 6.0572e-02 | PhaseL1PredSup: 8.8683e-01 | SupportBCE: 3.0362e+00 | SupportWeighted: 0.0000e+00 | BatchLR: 1.000e-03 | Grad: True  | Update: True  | Elapsed: 0:00:59 | ETA: 0:30:05
Epoch[9] Batch[200/3125] | OptTotal: 5.5514e+00 | FTLoss: 5.5514e+00 | AmpL1Full: 5.7048e-02 | PhaseL1PredSup: 8.5987e-01 | SupportBCE: 2.9090e+00 | SupportWeighted: 0.0000e+00 | BatchLR: 1.000e-03 | Grad: True  | Update: True  | Elapsed: 0:01:59 | ETA: 0:29:01
Epoch[9] Batch[300/3125] | OptTotal: 5.5870e+00 | FTLoss: 5.5870e+00 | AmpL1Full: 7.4708e-02 | PhaseL1PredSup: 1.0465e+00 | SupportBCE: 3.1325e+00 | SupportWeighted: 0.0000e+00 | BatchLR: 1.000e-03 | Grad: True  | Update: True  | Elapsed: 0:02:58 | ETA: 0:27:59
Epoch[9] Batch[400/3125] | OptTotal: 5.3619e+00 | FTLoss: 5.3619e+00 | AmpL1Full: 5.0559e-02 | PhaseL1PredSup: 7.9358e-01 | SupportBCE: 3.2814e+00 | SupportWeighted: 0.0000e+00 | BatchLR: 1.000e-03 | Grad: True  | Update: True  | Elapsed: 0:03:57 | ETA: 0:26:59
Epoch[9] Batch[500/3125] | OptTotal: 6.3855e+00 | FTLoss: 6.3855e+00 | AmpL1Full: 7.3984e-02 | PhaseL1PredSup: 8.9926e-01 | SupportBCE: 3.2334e+00 | SupportWeighted: 0.0000e+00 | BatchLR: 1.000e-03 | Grad: True  | Update: True  | Elapsed: 0:04:56 | ETA: 0:25:58
Epoch[9] Batch[600/3125] | OptTotal: 5.7575e+00 | FTLoss: 5.7575e+00 | AmpL1Full: 6.1548e-02 | PhaseL1PredSup: 8.7523e-01 | SupportBCE: 3.3328e+00 | SupportWeighted: 0.0000e+00 | BatchLR: 1.000e-03 | Grad: True  | Update: True  | Elapsed: 0:05:56 | ETA: 0:24:59
Epoch[9] Batch[700/3125] | OptTotal: 5.5690e+00 | FTLoss: 5.5690e+00 | AmpL1Full: 6.2724e-02 | PhaseL1PredSup: 9.1490e-01 | SupportBCE: 3.3398e+00 | SupportWeighted: 0.0000e+00 | BatchLR: 1.000e-03 | Grad: True  | Update: True  | Elapsed: 0:06:55 | ETA: 0:23:59
Epoch[9] Batch[800/3125] | OptTotal: 5.8878e+00 | FTLoss: 5.8878e+00 | AmpL1Full: 7.3935e-02 | PhaseL1PredSup: 9.9153e-01 | SupportBCE: 3.0682e+00 | SupportWeighted: 0.0000e+00 | BatchLR: 1.000e-03 | Grad: True  | Update: True  | Elapsed: 0:07:54 | ETA: 0:22:59
Epoch[9] Batch[900/3125] | OptTotal: 6.0270e+00 | FTLoss: 6.0270e+00 | AmpL1Full: 6.7010e-02 | PhaseL1PredSup: 9.3564e-01 | SupportBCE: 3.0882e+00 | SupportWeighted: 0.0000e+00 | BatchLR: 1.000e-03 | Grad: True  | Update: True  | Elapsed: 0:08:54 | ETA: 0:22:00
Epoch[9] Batch[1000/3125] | OptTotal: 5.1883e+00 | FTLoss: 5.1883e+00 | AmpL1Full: 6.1269e-02 | PhaseL1PredSup: 9.3832e-01 | SupportBCE: 3.0074e+00 | SupportWeighted: 0.0000e+00 | BatchLR: 1.000e-03 | Grad: True  | Update: True  | Elapsed: 0:09:53 | ETA: 0:21:00
Epoch[9] Batch[1100/3125] | OptTotal: 5.8427e+00 | FTLoss: 5.8427e+00 | AmpL1Full: 6.0672e-02 | PhaseL1PredSup: 8.5644e-01 | SupportBCE: 3.0670e+00 | SupportWeighted: 0.0000e+00 | BatchLR: 1.000e-03 | Grad: True  | Update: True  | Elapsed: 0:10:52 | ETA: 0:20:01
Epoch[9] Batch[1200/3125] | OptTotal: 5.4208e+00 | FTLoss: 5.4208e+00 | AmpL1Full: 5.8219e-02 | PhaseL1PredSup: 9.1428e-01 | SupportBCE: 2.9894e+00 | SupportWeighted: 0.0000e+00 | BatchLR: 1.000e-03 | Grad: True  | Update: True  | Elapsed: 0:11:51 | ETA: 0:19:01
Epoch[9] Batch[1300/3125] | OptTotal: 4.9669e+00 | FTLoss: 4.9669e+00 | AmpL1Full: 7.0259e-02 | PhaseL1PredSup: 9.8941e-01 | SupportBCE: 3.0059e+00 | SupportWeighted: 0.0000e+00 | BatchLR: 1.000e-03 | Grad: True  | Update: True  | Elapsed: 0:12:51 | ETA: 0:18:02
Epoch[9] Batch[1400/3125] | OptTotal: 5.3920e+00 | FTLoss: 5.3920e+00 | AmpL1Full: 6.2053e-02 | PhaseL1PredSup: 9.1560e-01 | SupportBCE: 2.9217e+00 | SupportWeighted: 0.0000e+00 | BatchLR: 1.000e-03 | Grad: True  | Update: True  | Elapsed: 0:13:50 | ETA: 0:17:03
Epoch[9] Batch[1500/3125] | OptTotal: 5.6436e+00 | FTLoss: 5.6436e+00 | AmpL1Full: 7.1383e-02 | PhaseL1PredSup: 9.9552e-01 | SupportBCE: 2.9312e+00 | SupportWeighted: 0.0000e+00 | BatchLR: 1.000e-03 | Grad: True  | Update: True  | Elapsed: 0:14:52 | ETA: 0:16:06
Epoch[9] Batch[1600/3125] | OptTotal: 5.7064e+00 | FTLoss: 5.7064e+00 | AmpL1Full: 5.9242e-02 | PhaseL1PredSup: 8.7337e-01 | SupportBCE: 3.1119e+00 | SupportWeighted: 0.0000e+00 | BatchLR: 1.000e-03 | Grad: True  | Update: True  | Elapsed: 0:15:52 | ETA: 0:15:07
Epoch[9] Batch[1700/3125] | OptTotal: 5.6899e+00 | FTLoss: 5.6899e+00 | AmpL1Full: 5.2294e-02 | PhaseL1PredSup: 8.2443e-01 | SupportBCE: 3.0362e+00 | SupportWeighted: 0.0000e+00 | BatchLR: 1.000e-03 | Grad: True  | Update: True  | Elapsed: 0:16:52 | ETA: 0:14:08
Epoch[9] Batch[1800/3125] | OptTotal: 5.5729e+00 | FTLoss: 5.5729e+00 | AmpL1Full: 6.0528e-02 | PhaseL1PredSup: 9.1946e-01 | SupportBCE: 2.9835e+00 | SupportWeighted: 0.0000e+00 | BatchLR: 1.000e-03 | Grad: True  | Update: True  | Elapsed: 0:17:51 | ETA: 0:13:09
Epoch[9] Batch[1900/3125] | OptTotal: 5.5392e+00 | FTLoss: 5.5392e+00 | AmpL1Full: 5.4752e-02 | PhaseL1PredSup: 8.6884e-01 | SupportBCE: 3.1760e+00 | SupportWeighted: 0.0000e+00 | BatchLR: 1.000e-03 | Grad: True  | Update: True  | Elapsed: 0:18:51 | ETA: 0:12:09
Epoch[9] Batch[2000/3125] | OptTotal: 5.3553e+00 | FTLoss: 5.3553e+00 | AmpL1Full: 7.0329e-02 | PhaseL1PredSup: 9.9907e-01 | SupportBCE: 2.8175e+00 | SupportWeighted: 0.0000e+00 | BatchLR: 1.000e-03 | Grad: True  | Update: True  | Elapsed: 0:19:51 | ETA: 0:11:10
Epoch[9] Batch[2100/3125] | OptTotal: 5.2355e+00 | FTLoss: 5.2355e+00 | AmpL1Full: 6.5316e-02 | PhaseL1PredSup: 9.8004e-01 | SupportBCE: 2.9402e+00 | SupportWeighted: 0.0000e+00 | BatchLR: 1.000e-03 | Grad: True  | Update: True  | Elapsed: 0:20:51 | ETA: 0:10:10
Epoch[9] Batch[2200/3125] | OptTotal: 5.7847e+00 | FTLoss: 5.7847e+00 | AmpL1Full: 6.4621e-02 | PhaseL1PredSup: 8.8222e-01 | SupportBCE: 3.0356e+00 | SupportWeighted: 0.0000e+00 | BatchLR: 1.000e-03 | Grad: True  | Update: True  | Elapsed: 0:21:51 | ETA: 0:09:11
Epoch[9] Batch[2300/3125] | OptTotal: 6.0701e+00 | FTLoss: 6.0701e+00 | AmpL1Full: 5.8019e-02 | PhaseL1PredSup: 8.2461e-01 | SupportBCE: 3.1764e+00 | SupportWeighted: 0.0000e+00 | BatchLR: 1.000e-03 | Grad: True  | Update: True  | Elapsed: 0:22:50 | ETA: 0:08:11
Epoch[9] Batch[2400/3125] | OptTotal: 5.9205e+00 | FTLoss: 5.9205e+00 | AmpL1Full: 7.7464e-02 | PhaseL1PredSup: 9.9305e-01 | SupportBCE: 2.9893e+00 | SupportWeighted: 0.0000e+00 | BatchLR: 1.000e-03 | Grad: True  | Update: True  | Elapsed: 0:23:50 | ETA: 0:07:12
Epoch[9] Batch[2500/3125] | OptTotal: 5.7604e+00 | FTLoss: 5.7604e+00 | AmpL1Full: 5.4768e-02 | PhaseL1PredSup: 8.5583e-01 | SupportBCE: 3.0419e+00 | SupportWeighted: 0.0000e+00 | BatchLR: 1.000e-03 | Grad: True  | Update: True  | Elapsed: 0:24:50 | ETA: 0:06:12
Epoch[9] Batch[2600/3125] | OptTotal: 5.8062e+00 | FTLoss: 5.8062e+00 | AmpL1Full: 5.6461e-02 | PhaseL1PredSup: 8.4094e-01 | SupportBCE: 3.2344e+00 | SupportWeighted: 0.0000e+00 | BatchLR: 1.000e-03 | Grad: True  | Update: True  | Elapsed: 0:25:50 | ETA: 0:05:13
Epoch[9] Batch[2700/3125] | OptTotal: 5.8493e+00 | FTLoss: 5.8493e+00 | AmpL1Full: 5.6358e-02 | PhaseL1PredSup: 8.3866e-01 | SupportBCE: 3.1420e+00 | SupportWeighted: 0.0000e+00 | BatchLR: 1.000e-03 | Grad: True  | Update: True  | Elapsed: 0:26:50 | ETA: 0:04:13
Epoch[9] Batch[2800/3125] | OptTotal: 5.4644e+00 | FTLoss: 5.4644e+00 | AmpL1Full: 5.8168e-02 | PhaseL1PredSup: 9.0272e-01 | SupportBCE: 3.0949e+00 | SupportWeighted: 0.0000e+00 | BatchLR: 1.000e-03 | Grad: True  | Update: True  | Elapsed: 0:27:49 | ETA: 0:03:13
Epoch[9] Batch[2900/3125] | OptTotal: 5.6009e+00 | FTLoss: 5.6009e+00 | AmpL1Full: 7.4656e-02 | PhaseL1PredSup: 1.0280e+00 | SupportBCE: 3.0593e+00 | SupportWeighted: 0.0000e+00 | BatchLR: 1.000e-03 | Grad: True  | Update: True  | Elapsed: 0:28:49 | ETA: 0:02:14
Epoch[9] Batch[3000/3125] | OptTotal: 5.5708e+00 | FTLoss: 5.5708e+00 | AmpL1Full: 7.2595e-02 | PhaseL1PredSup: 1.0067e+00 | SupportBCE: 2.6747e+00 | SupportWeighted: 0.0000e+00 | BatchLR: 1.000e-03 | Grad: True  | Update: True  | Elapsed: 0:29:49 | ETA: 0:01:14
Epoch[9] Batch[3100/3125] | OptTotal: 6.0694e+00 | FTLoss: 6.0694e+00 | AmpL1Full: 7.1588e-02 | PhaseL1PredSup: 9.6943e-01