2026-08-20 19:46:14 | INFO    | Run=high_strain_reduced_centered_scratch_bs16_lr5e-4_plateau_20260820_194612 | model=reduced | version=1.3.0 | commit=f9c1ba210b79f3dc7e3c28ec864baddffda03be3 | device=cuda | parameters=39,160,897 | train/val=25,000/5,000 | checkpoints=/data_ssd/oyys/autophasenn/autophasenn_pipeline_output/high_strain_cnn/high_strain_reduced_centered_scratch_bs16_lr5e-4_plateau_20260820_194612
2026-08-20 19:46:53 | INFO    | TRAIN | epoch=001/120 | batch=00050/01562 | loss=9.726657e-01 | stage_elapsed=00:00:38 | stage_eta=00:19:17
2026-08-20 19:47:29 | INFO    | TRAIN | epoch=001/120 | batch=00100/01562 | loss=9.701172e-01 | stage_elapsed=00:01:15 | stage_eta=00:18:12
2026-08-20 19:48:05 | INFO    | TRAIN | epoch=001/120 | batch=00150/01562 | loss=9.689212e-01 | stage_elapsed=00:01:51 | stage_eta=00:17:24
2026-08-20 19:48:42 | INFO    | TRAIN | epoch=001/120 | batch=00200/01562 | loss=9.719548e-01 | stage_elapsed=00:02:28 | stage_eta=00:16:45
2026-08-20 19:49:18 | INFO    | TRAIN | epoch=001/120 | batch=00250/01562 | loss=9.663280e-01 | stage_elapsed=00:03:03 | stage_eta=00:16:02
2026-08-20 19:49:56 | INFO    | TRAIN | epoch=001/120 | batch=00300/01562 | loss=9.749360e-01 | stage_elapsed=00:03:42 | stage_eta=00:15:32
2026-08-20 19:50:31 | INFO    | TRAIN | epoch=001/120 | batch=00350/01562 | loss=9.969715e-01 | stage_elapsed=00:04:17 | stage_eta=00:14:49
2026-08-20 19:51:07 | INFO    | TRAIN | epoch=001/120 | batch=00400/01562 | loss=9.967859e-01 | stage_elapsed=00:04:53 | stage_eta=00:14:12
2026-08-20 19:51:47 | INFO    | TRAIN | epoch=001/120 | batch=00450/01562 | loss=9.972010e-01 | stage_elapsed=00:05:33 | stage_eta=00:13:42
2026-08-20 19:52:25 | INFO    | TRAIN | epoch=001/120 | batch=00500/01562 | loss=9.975766e-01 | stage_elapsed=00:06:11 | stage_eta=00:13:08
2026-08-20 19:53:01 | INFO    | TRAIN | epoch=001/120 | batch=00550/01562 | loss=9.971871e-01 | stage_elapsed=00:06:47 | stage_eta=00:12:29
2026-08-20 19:53:36 | INFO    | TRAIN | epoch=001/120 | batch=00600/01562 | loss=9.975737e-01 | stage_elapsed=00:07:22 | stage_eta=00:11:48
2026-08-20 19:54:14 | INFO    | TRAIN | epoch=001/120 | batch=00650/01562 | loss=9.978650e-01 | stage_elapsed=00:07:59 | stage_eta=00:11:13
2026-08-20 19:54:50 | INFO    | TRAIN | epoch=001/120 | batch=00700/01562 | loss=9.970767e-01 | stage_elapsed=00:08:36 | stage_eta=00:10:35
2026-08-20 19:55:27 | INFO    | TRAIN | epoch=001/120 | batch=00750/01562 | loss=9.972620e-01 | stage_elapsed=00:09:13 | stage_eta=00:09:59
2026-08-20 19:56:05 | INFO    | TRAIN | epoch=001/120 | batch=00800/01562 | loss=9.968634e-01 | stage_elapsed=00:09:51 | stage_eta=00:09:23
2026-08-20 19:56:41 | INFO    | TRAIN | epoch=001/120 | batch=00850/01562 | loss=9.973799e-01 | stage_elapsed=00:10:27 | stage_eta=00:08:45
2026-08-20 19:57:18 | INFO    | TRAIN | epoch=001/120 | batch=00900/01562 | loss=9.971313e-01 | stage_elapsed=00:11:04 | stage_eta=00:08:08
2026-08-20 19:57:54 | INFO    | TRAIN | epoch=001/120 | batch=00950/01562 | loss=9.971000e-01 | stage_elapsed=00:11:40 | stage_eta=00:07:31
2026-08-20 19:58:32 | INFO    | TRAIN | epoch=001/120 | batch=01000/01562 | loss=9.971227e-01 | stage_elapsed=00:12:17 | stage_eta=00:06:54
2026-08-20 19:59:10 | INFO    | TRAIN | epoch=001/120 | batch=01050/01562 | loss=9.968513e-01 | stage_elapsed=00:12:56 | stage_eta=00:06:18
2026-08-20 19:59:47 | INFO    | TRAIN | epoch=001/120 | batch=01100/01562 | loss=9.970580e-01 | stage_elapsed=00:13:33 | stage_eta=00:05:41
2026-08-20 20:00:24 | INFO    | TRAIN | epoch=001/120 | batch=01150/01562 | loss=9.972298e-01 | stage_elapsed=00:14:10 | stage_eta=00:05:04
2026-08-20 20:01:01 | INFO    | TRAIN | epoch=001/120 | batch=01200/01562 | loss=9.974630e-01 | stage_elapsed=00:14:47 | stage_eta=00:04:27
2026-08-20 20:01:39 | INFO    | TRAIN | epoch=001/120 | batch=01250/01562 | loss=9.973412e-01 | stage_elapsed=00:15:25 | stage_eta=00:03:51
2026-08-20 20:02:15 | INFO    | TRAIN | epoch=001/120 | batch=01300/01562 | loss=9.969091e-01 | stage_elapsed=00:16:01 | stage_eta=00:03:14
2026-08-20 20:02:53 | INFO    | TRAIN | epoch=001/120 | batch=01350/01562 | loss=9.971540e-01 | stage_elapsed=00:16:38 | stage_eta=00:02:37
2026-08-20 20:03:30 | INFO    | TRAIN | epoch=001/120 | batch=01400/01562 | loss=9.973034e-01 | stage_elapsed=00:17:16 | stage_eta=00:02:00
2026-08-20 20:04:07 | INFO    | TRAIN | epoch=001/120 | batch=01450/01562 | loss=9.975145e-01 | stage_elapsed=00:17:53 | stage_eta=00:01:23
2026-08-20 20:04:45 | INFO    | TRAIN | epoch=001/120 | batch=01500/01562 | loss=9.975014e-01 | stage_elapsed=00:18:31 | stage_eta=00:00:46
2026-08-20 20:05:23 | INFO    | TRAIN | epoch=001/120 | batch=01550/01562 | loss=9.972098e-01 | stage_elapsed=00:19:08 | stage_eta=00:00:09
2026-08-20 20:05:31 | INFO    | TRAIN | epoch=001/120 | batch=01562/01562 | loss=9.975880e-01 | stage_elapsed=00:19:17 | stage_eta=00:00:00
2026-08-20 20:05:49 | INFO    | VAL | epoch=001/120 | batch=00050/00312 | loss=9.978388e-01 | stage_elapsed=00:00:18 | stage_eta=00:01:32
2026-08-20 20:06:06 | INFO    | VAL | epoch=001/120 | batch=00100/00312 | loss=9.976351e-01 | stage_elapsed=00:00:35 | stage_eta=00:01:14
2026-08-20 20:06:23 | INFO    | VAL | epoch=001/120 | batch=00150/00312 | loss=9.973984e-01 | stage_elapsed=00:00:52 | stage_eta=00:00:56
2026-08-20 20:06:42 | INFO    | VAL | epoch=001/120 | batch=00200/00312 | loss=9.969785e-01 | stage_elapsed=00:01:11 | stage_eta=00:00:40
2026-08-20 20:07:01 | INFO    | VAL | epoch=001/120 | batch=00250/00312 | loss=9.971714e-01 | stage_elapsed=00:01:30 | stage_eta=00:00:22
2026-08-20 20:07:20 | INFO    | VAL | epoch=001/120 | batch=00300/00312 | loss=9.975322e-01 | stage_elapsed=00:01:48 | stage_eta=00:00:04
2026-08-20 20:07:23 | INFO    | VAL | epoch=001/120 | batch=00312/00312 | loss=9.972344e-01 | stage_elapsed=00:01:52 | stage_eta=00:00:00
2026-08-20 20:07:24 | INFO    | Epoch 001 complete | train=9.917874e-01 | val=9.972735e-01 | best=9.972735e-01 | lr=5.000e-04 | epoch_time=00:21:10 | run_elapsed=00:21:10 | eta=1d 17:59:06 | finish=2026-08-22 14:06:30 CST
2026-08-20 20:08:01 | INFO    | TRAIN | epoch=002/120 | batch=00050/01562 | loss=9.967499e-01 | stage_elapsed=00:00:37 | stage_eta=00:18:40
2026-08-20 20:08:39 | INFO    | TRAIN | epoch=002/120 | batch=00100/01562 | loss=9.975015e-01 | stage_elapsed=00:01:15 | stage_eta=00:18:12
2026-08-20 20:09:17 | INFO    | TRAIN | epoch=002/120 | batch=00150/01562 | loss=9.972446e-01 | stage_elapsed=00:01:53 | stage_eta=00:17:42
2026-08-20 20:09:54 | INFO    | TRAIN | epoch=002/120 | batch=00200/01562 | loss=9.973688e-01 | stage_elapsed=00:02:30 | stage_eta=00:16:59
2026-08-20 20:10:31 | INFO    | TRAIN | epoch=002/120 | batch=00250/01562 | loss=9.970665e-01 | stage_elapsed=00:03:07 | stage_eta=00:16:20
2026-08-20 20:11:08 | INFO    | TRAIN | epoch=002/120 | batch=00300/01562 | loss=9.971454e-01 | stage_elapsed=00:03:43 | stage_eta=00:15:39
2026-08-20 20:11:46 | INFO    | TRAIN | epoch=002/120 | batch=00350/01562 | loss=9.974999e-01 | stage_elapsed=00:04:22 | stage_eta=00:15:06
2026-08-20 20:12:21 | INFO    | TRAIN | epoch=002/120 | batch=00400/01562 | loss=9.974863e-01 | stage_elapsed=00:04:57 | stage_eta=00:14:22
2026-08-20 20:12:57 | INFO    | TRAIN | epoch=002/120 | batch=00450/01562 | loss=9.974158e-01 | stage_elapsed=00:05:32 | stage_eta=00:13:41
2026-08-20 20:13:35 | INFO    | TRAIN | epoch=002/120 | batch=00500/01562 | loss=9.971244e-01 | stage_elapsed=00:06:10 | stage_eta=00:13:07
2026-08-20 20:14:12 | INFO    | TRAIN | epoch=002/120 | batch=00550/01562 | loss=9.975830e-01 | stage_elapsed=00:06:48 | stage_eta=00:12:31
2026-08-20 20:14:49 | INFO    | TRAIN | epoch=002/120 | batch=00600/01562 | loss=9.976380e-01 | stage_elapsed=00:07:25 | stage_eta=00:11:53
2026-08-20 20:15:26 | INFO    | TRAIN | epoch=002/120 | batch=00650/01562 | loss=9.973422e-01 | stage_elapsed=00:08:01 | stage_eta=00:11:15
2026-08-20 20:16:02 | INFO    | TRAIN | epoch=002/120 | batch=00700/01562 | loss=9.971852e-01 | stage_elapsed=00:08:37 | stage_eta=00:10:37
2026-08-20 20:16:37 | INFO    | TRAIN | epoch=002/120 | batch=00750/01562 | loss=9.975541e-01 | stage_elapsed=00:09:12 | stage_eta=00:09:58
2026-08-20 20:17:13 | INFO    | TRAIN | epoch=002/120 | batch=00800/01562 | loss=9.972633e-01 | stage_elapsed=00:09:49 | stage_eta=00:09:21
2026-08-20 20:17:51 | INFO    | TRAIN | epoch=002/120 | batch=00850/01562 | loss=9.975036e-01 | stage_elapsed=00:10:27 | stage_eta=00:08:45
2026-08-20 20:18:26 | INFO    | TRAIN | epoch=002/120 | batch=00900/01562 | loss=9.976914e-01 | stage_elapsed=00:11:02 | stage_eta=00:08:07
2026-08-20 20:19:02 | INFO    | TRAIN | epoch=002/120 | batch=00950/01562 | loss=9.968046e-01 | stage_elapsed=00:11:38 | stage_eta=00:07:30
2026-08-20 20:19:39 | INFO    | TRAIN | epoch=002/120 | batch=01000/01562 | loss=9.972731e-01 | stage_elapsed=00:12:15 | stage_eta=00:06:53
2026-08-20 20:20:18 | INFO    | TRAIN | epoch=002/120 | batch=01050/01562 | loss=9.972679e-01 | stage_elapsed=00:12:53 | stage_eta=00:06:17
2026-08-20 20:20:58 | INFO    | TRAIN | epoch=002/120 | batch=01100/01562 | loss=9.973034e-01 | stage_elapsed=00:13:33 | stage_eta=00:05:42
2026-08-20 20:21:35 | INFO    | TRAIN | epoch=002/120 | batch=01150/01562 | loss=9.969130e-01 | stage_elapsed=00:14:11 | stage_eta=00:05:05
2026-08-20 20:22:13 | INFO    | TRAIN | epoch=002/120 | batch=01200/01562 | loss=9.973243e-01 | stage_elapsed=00:14:48 | stage_eta=00:04:28
2026-08-20 20:22:50 | INFO    | TRAIN | epoch=002/120 | batch=01250/01562 | loss=9.970632e-01 | stage_elapsed=00:15:26 | stage_eta=00:03:51
2026-08-20 20:23:27 | INFO    | TRAIN | epoch=002/120 | batch=01300/01562 | loss=9.973868e-01 | stage_elapsed=00:16:03 | stage_eta=00:03:14
2026-08-20 20:24:03 | INFO    | TRAIN | epoch=002/120 | batch=01350/01562 | loss=9.973869e-01 | stage_elapsed=00:16:38 | stage_eta=00:02:37
2026-08-20 20:24:39 | INFO    | TRAIN | epoch=002/120 | batch=01400/01562 | loss=9.971719e-01 | stage_elapsed=00:17:14 | stage_eta=00:02:00
2026-08-20 20:25:13 | INFO    | TRAIN | epoch=002/120 | batch=01450/01562 | loss=9.968264e-01 | stage_elapsed=00:17:48 | stage_eta=00:01:23
2026-08-20 20:25:51 | INFO    | TRAIN | epoch=002/120 | batch=01500/01562 | loss=9.974611e-01 | stage_elapsed=00:18:27 | stage_eta=00:00:46
2026-08-20 20:26:26 | INFO    | TRAIN | epoch=002/120 | batch=01550/01562 | loss=9.975652e-01 | stage_elapsed=00:19:01 | stage_eta=00:00:09
2026-08-20 20:26:35 | INFO    | TRAIN | epoch=002/120 | batch=01562/01562 | loss=9.972281e-01 | stage_elapsed=00:19:11 | stage_eta=00:00:00
2026-08-20 20:26:54 | INFO    | VAL | epoch=002/120 | batch=00050/00312 | loss=9.972641e-01 | stage_elapsed=00:00:19 | stage_eta=00:01:41
2026-08-20 20:27:12 | INFO    | VAL | epoch=002/120 | batch=00100/00312 | loss=9.975159e-01 | stage_elapsed=00:00:37 | stage_eta=00:01:18
2026-08-20 20:27:31 | INFO    | VAL | epoch=002/120 | batch=00150/00312 | loss=9.974921e-01 | stage_elapsed=00:00:56 | stage_eta=00:01:00
2026-08-20 20:27:48 | INFO    | VAL | epoch=002/120 | batch=00200/00312 | loss=9.974023e-01 | stage_elapsed=00:01:13 | stage_eta=00:00:41
2026-08-20 20:28:07 | INFO    | VAL | epoch=002/120 | batch=00250/00312 | loss=9.973450e-01 | stage_elapsed=00:01:32 | stage_eta=00:00:23
2026-08-20 20:28:23 | INFO    | VAL | epoch=002/120 | batch=00300/00312 | loss=9.973614e-01 | stage_elapsed=00:01:48 | stage_eta=00:00:04
2026-08-20 20:28:29 | INFO    | VAL | epoch=002/120 | batch=00312/00312 | loss=9.971533e-01 | stage_elapsed=00:01:54 | stage_eta=00:00:00
2026-08-20 20:28:29 | INFO    | Epoch 002 complete | train=9.972990e-01 | val=9.972736e-01 | best=9.972735e-01 | lr=5.000e-04 | epoch_time=00:21:05 | run_elapsed=00:42:15 | eta=1d 17:32:52 | finish=2026-08-22 14:01:22 CST
2026-08-20 20:29:05 | INFO    | TRAIN | epoch=003/120 | batch=00050/01562 | loss=9.972173e-01 | stage_elapsed=00:00:36 | stage_eta=00:18:03
2026-08-20 20:29:44 | INFO    | TRAIN | epoch=003/120 | batch=00100/01562 | loss=9.975449e-01 | stage_elapsed=00:01:14 | stage_eta=00:18:07
2026-08-20 20:30:18 | INFO    | TRAIN | epoch=003/120 | batch=00150/01562 | loss=9.972450e-01 | stage_elapsed=00:01:49 | stage_eta=00:17:07
2026-08-20 20:30:57 | INFO    | TRAIN | epoch=003/120 | batch=00200/01562 | loss=9.973203e-01 | stage_elapsed=00:02:28 | stage_eta=00:16:45
2026-08-20 20:31:34 | INFO    | TRAIN | epoch=003/120 | batch=00250/01562 | loss=9.972091e-01 | stage_elapsed=00:03:05 | stage_eta=00:16:09
2026-08-20 20:32:14 | INFO    | TRAIN | epoch=003/120 | batch=00300/01562 | loss=9.970399e-01 | stage_elapsed=00:03:44 | stage_eta=00:15:43
2026-08-20 20:32:49 | INFO    | TRAIN | epoch=003/120 | batch=00350/01562 | loss=9.974815e-01 | stage_elapsed=00:04:20 | stage_eta=00:15:00
2026-08-20 20:33:27 | INFO    | TRAIN | epoch=003/120 | batch=00400/01562 | loss=9.974538e-01 | stage_elapsed=00:04:58 | stage_eta=00:14:25
2026-08-20 20:34:04 | INFO    | TRAIN | epoch=003/120 | batch=00450/01562 | loss=9.968998e-01 | stage_elapsed=00:05:34 | stage_eta=00:13:47
2026-08-20 20:34:42 | INFO    | TRAIN | epoch=003/120 | batch=00500/01562 | loss=9.970755e-01 | stage_elapsed=00:06:12 | stage_eta=00:13:11
2026-08-20 20:35:17 | INFO    | TRAIN | epoch=003/120 | batch=00550/01562 | loss=9.975177e-01 | stage_elapsed=00:06:47 | stage_eta=00:12:29
2026-08-20 20:35:53 | INFO    | TRAIN | epoch=003/120 | batch=00600/01562 | loss=9.967918e-01 | stage_elapsed=00:07:23 | stage_eta=00:11:51
2026-08-20 20:36:33 | INFO    | TRAIN | epoch=003/120 | batch=00650/01562 | loss=9.974086e-01 | stage_elapsed=00:08:04 | stage_eta=00:11:19
2026-08-20 20:37:11 | INFO    | TRAIN | epoch=003/120 | batch=00700/01562 | loss=9.974802e-01 | stage_elapsed=00:08:41 | stage_eta=00:10:42
2026-08-20 20:37:48 | INFO    | TRAIN | epoch=003/120 | batch=00750/01562 | loss=9.972097e-01 | stage_elapsed=00:09:18 | stage_eta=00:10:04
2026-08-20 20:38:25 | INFO    | TRAIN | epoch=003/120 | batch=00800/01562 | loss=9.969575e-01 | stage_elapsed=00:09:56 | stage_eta=00:09:28
2026-08-20 20:39:02 | INFO    | TRAIN | epoch=003/120 | batch=00850/01562 | loss=9.973357e-01 | stage_elapsed=00:10:33 | stage_eta=00:08:50
2026-08-20 20:39:40 | INFO    | TRAIN | epoch=003/120 | batch=00900/01562 | loss=9.975045e-01 | stage_elapsed=00:11:10 | stage_eta=00:08:13
2026-08-20 20:40:17 | INFO    | TRAIN | epoch=003/120 | batch=00950/01562 | loss=9.973076e-01 | stage_elapsed=00:11:48 | stage_eta=00:07:36
2026-08-20 20:40:56 | INFO    | TRAIN | epoch=003/120 | batch=01000/01562 | loss=9.972275e-01 | stage_elapsed=00:12:26 | stage_eta=00:06:59
2026-08-20 20:41:32 | INFO    | TRAIN | epoch=003/120 | batch=01050/01562 | loss=9.973482e-01 | stage_elapsed=00:13:03 | stage_eta=00:06:22
2026-08-20 20:42:10 | INFO    | TRAIN | epoch=003/120 | batch=01100/01562 | loss=9.974545e-01 | stage_elapsed=00:13:41 | stage_eta=00:05:45
2026-08-20 20:42:48 | INFO    | TRAIN | epoch=003/120 | batch=01150/01562 | loss=9.975249e-01 | stage_elapsed=00:14:19 | stage_eta=00:05:08
2026-08-20 20:43:23 | INFO    | TRAIN | epoch=003/120 | batch=01200/01562 | loss=9.970545e-01 | stage_elapsed=00:14:53 | stage_eta=00:04:29
2026-08-20 20:44:00 | INFO    | TRAIN | epoch=003/120 | batch=01250/01562 | loss=9.969392e-01 | stage_elapsed=00:15:30 | stage_eta=00:03:52
2026-08-20 20:44:34 | INFO    | TRAIN | epoch=003/120 | batch=01300/01562 | loss=9.972657e-01 | stage_elapsed=00:16:05 | stage_eta=00:03:15
2026-08-20 20:45:10 | INFO    | TRAIN | epoch=003/120 | batch=01350/01562 | loss=9.972711e-01 | stage_elapsed=00:16:40 | stage_eta=00:02:37
2026-08-20 20:45:46 | INFO    | TRAIN | epoch=003/120 | batch=01400/01562 | loss=9.971129e-01 | stage_elapsed=00:17:16 | stage_eta=00:02:00
2026-08-20 20:46:22 | INFO    | TRAIN | epoch=003/120 | batch=01450/01562 | loss=9.976295e-01 | stage_elapsed=00:17:53 | stage_eta=00:01:23
2026-08-20 20:46:59 | INFO    | TRAIN | epoch=003/120 | batch=01500/01562 | loss=9.976972e-01 | stage_elapsed=00:18:30 | stage_eta=00:00:46
2026-08-20 20:47:34 | INFO    | TRAIN | epoch=003/120 | batch=01550/01562 | loss=9.973482e-01 | stage_elapsed=00:19:04 | stage_eta=00:00:09
2026-08-20 20:47:44 | INFO    | TRAIN | epoch=003/120 | batch=01562/01562 | loss=9.976629e-01 | stage_elapsed=00:19:14 | stage_eta=00:00:00
2026-08-20 20:48:03 | INFO    | VAL | epoch=003/120 | batch=00050/00312 | loss=9.973779e-01 | stage_elapsed=00:00:19 | stage_eta=00:01:40
2026-08-20 20:48:20 | INFO    | VAL | epoch=003/120 | batch=00100/00312 | loss=9.971707e-01 | stage_elapsed=00:00:36 | stage_eta=00:01:17
2026-08-20 20:48:39 | INFO    | VAL | epoch=003/120 | batch=00150/00312 | loss=9.974032e-01 | stage_elapsed=00:00:55 | stage_eta=00:01:00
2026-08-20 20:48:57 | INFO    | VAL | epoch=003/120 | batch=00200/00312 | loss=9.977188e-01 | stage_elapsed=00:01:13 | stage_eta=00:00:41
2026-08-20 20:49:14 | INFO    | VAL | epoch=003/120 | batch=00250/00312 | loss=9.973492e-01 | stage_elapsed=00:01:30 | stage_eta=00:00:22
2026-08-20 20:49:33 | INFO    | VAL | epoch=003/120 | batch=00300/00312 | loss=9.974658e-01 | stage_elapsed=00:01:49 | stage_eta=00:00:04
2026-08-20 20:49:37 | INFO    | VAL | epoch=003/120 | batch=00312/00312 | loss=9.968215e-01 | stage_elapsed=00:01:53 | stage_eta=00:00:00
2026-08-20 20:49:38 | INFO    | Epoch 003 complete | train=9.972809e-01 | val=9.972754e-01 | best=9.972735e-01 | lr=5.000e-04 | epoch_time=00:21:08 | run_elapsed=01:03:23 | eta=1d 17:12:14 | finish=2026-08-22 14:01:52 CST
2026-08-20 20:50:14 | INFO    | TRAIN | epoch=004/120 | batch=00050/01562 | loss=9.978888e-01 | stage_elapsed=00:00:36 | stage_eta=00:18:21
2026-08-20 20:50:49 | INFO    | TRAIN | epoch=004/120 | batch=00100/01562 | loss=9.969720e-01 | stage_elapsed=00:01:12 | stage_eta=00:17:26
2026-08-20 20:51:23 | INFO    | TRAIN | epoch=004/120 | batch=00150/01562 | loss=9.971189e-01 | stage_elapsed=00:01:46 | stage_eta=00:16:35
2026-08-20 20:52:00 | INFO    | TRAIN | epoch=004/120 | batch=00200/01562 | loss=9.972203e-01 | stage_elapsed=00:02:22 | stage_eta=00:16:07
2026-08-20 20:52:38 | INFO    | TRAIN | epoch=004/120 | batch=00250/01562 | loss=9.976609e-01 | stage_elapsed=00:03:00 | stage_eta=00:15:44
2026-08-20 20:53:12 | INFO    | TRAIN | epoch=004/120 | batch=00300/01562 | loss=9.972808e-01 | stage_elapsed=00:03:35 | stage_eta=00:15:03
2026-08-20 20:53:49 | INFO    | TRAIN | epoch=004/120 | batch=00350/01562 | loss=9.972370e-01 | stage_elapsed=00:04:11 | stage_eta=00:14:29
2026-08-20 20:54:26 | INFO    | TRAIN | epoch=004/120 | batch=00400/01562 | loss=9.975782e-01 | stage_elapsed=00:04:48 | stage_eta=00:13:57
2026-08-20 20:55:02 | INFO    | TRAIN | epoch=004/120 | batch=00450/01562 | loss=9.970952e-01 | stage_elapsed=00:05:24 | stage_eta=00:13:22
2026-08-20 20:55:38 | INFO    | TRAIN | epoch=004/120 | batch=00500/01562 | loss=9.969246e-01 | stage_elapsed=00:06:00 | stage_eta=00:12:44
2026-08-20 20:56:14 | INFO    | TRAIN | epoch=004/120 | batch=00550/01562 | loss=9.977660e-01 | stage_elapsed=00:06:36 | stage_eta=00:12:09
2026-08-20 20:56:50 | INFO    | TRAIN | epoch=004/120 | batch=00600/01562 | loss=9.974324e-01 | stage_elapsed=00:07:12 | stage_eta=00:11:33
2026-08-20 20:57:27 | INFO    | TRAIN | epoch=004/120 | batch=00650/01562 | loss=9.964840e-01 | stage_elapsed=00:07:49 | stage_eta=00:10:58
2026-08-20 20:58:07 | INFO    | TRAIN | epoch=004/120 | batch=00700/01562 | loss=9.967902e-01 | stage_elapsed=00:08:29 | stage_eta=00:10:27
2026-08-20 20:58:42 | INFO    | TRAIN | epoch=004/120 | batch=00750/01562 | loss=9.977790e-01 | stage_elapsed=00:09:04 | stage_eta=00:09:49
2026-08-20 20:59:16 | INFO    | TRAIN | epoch=004/120 | batch=00800/01562 | loss=9.974384e-01 | stage_elapsed=00:09:39 | stage_eta=00:09:11
2026-08-20 20:59:54 | INFO    | TRAIN | epoch=004/120 | batch=00850/01562 | loss=9.972478e-01 | stage_elapsed=00:10:16 | stage_eta=00:08:36
2026-08-20 21:00:32 | INFO    | TRAIN | epoch=004/120 | batch=00900/01562 | loss=9.976098e-01 | stage_elapsed=00:10:54 | stage_eta=00:08:01
2026-08-20 21:01:09 | INFO    | TRAIN | epoch=004/120 | batch=00950/01562 | loss=9.975657e-01 | stage_elapsed=00:11:31 | stage_eta=00:07:25
2026-08-20 21:01:43 | INFO    | TRAIN | epoch=004/120 | batch=01000/01562 | loss=9.978151e-01 | stage_elapsed=00:12:05 | stage_eta=00:06:48
2026-08-20 21:02:20 | INFO    | TRAIN | epoch=004/120 | batch=01050/01562 | loss=9.970813e-01 | stage_elapsed=00:12:43 | stage_eta=00:06:12
2026-08-20 21:02:58 | INFO    | TRAIN | epoch=004/120 | batch=01100/01562 | loss=9.971902e-01 | stage_elapsed=00:13:21 | stage_eta=00:05:36
2026-08-20 21:03:34 | INFO    | TRAIN | epoch=004/120 | batch=01150/01562 | loss=9.972237e-01 | stage_elapsed=00:13:57 | stage_eta=00:05:00
2026-08-20 21:04:10 | INFO    | TRAIN | epoch=004/120 | batch=01200/01562 | loss=9.973860e-01 | stage_elapsed=00:14:33 | stage_eta=00:04:23
2026-08-20 21:04:47 | INFO    | TRAIN | epoch=004/120 | batch=01250/01562 | loss=9.975628e-01 | stage_elapsed=00:15:09 | stage_eta=00:03:47
2026-08-20 21:05:23 | INFO    | TRAIN | epoch=004/120 | batch=01300/01562 | loss=9.968239e-01 | stage_elapsed=00:15:45 | stage_eta=00:03:11
2026-08-20 21:06:02 | INFO    | TRAIN | epoch=004/120 | batch=01350/01562 | loss=9.972713e-01 | stage_elapsed=00:16:24 | stage_eta=00:02:35
2026-08-20 21:06:36 | INFO    | TRAIN | epoch=004/120 | batch=01400/01562 | loss=9.972529e-01 | stage_elapsed=00:16:59 | stage_eta=00:01:58
2026-08-20 21:07:12 | INFO    | TRAIN | epoch=004/120 | batch=01450/01562 | loss=9.976977e-01 | stage_elapsed=00:17:34 | stage_eta=00:01:21
2026-08-20 21:07:49 | INFO    | TRAIN | epoch=004/120 | batch=01500/01562 | loss=9.975098e-01 | stage_elapsed=00:18:12 | stage_eta=00:00:45
2026-08-20 21:08:29 | INFO    | TRAIN | epoch=004/120 | batch=01550/01562 | loss=9.966857e-01 | stage_elapsed=00:18:51 | stage_eta=00:00:09
2026-08-20 21:08:38 | INFO    | TRAIN | epoch=004/120 | batch=01562/01562 | loss=9.979412e-01 | stage_elapsed=00:19:00 | stage_eta=00:00:00
2026-08-20 21:08:56 | INFO    | VAL | epoch=004/120 | batch=00050/00312 | loss=9.972178e-01 | stage_elapsed=00:00:18 | stage_eta=00:01:34
2026-08-20 21:09:14 | INFO    | VAL | epoch=004/120 | batch=00100/00312 | loss=9.971081e-01 | stage_elapsed=00:00:36 | stage_eta=00:01:17
2026-08-20 21:09:30 | INFO    | VAL | epoch=004/120 | batch=00150/00312 | loss=9.973265e-01 | stage_elapsed=00:00:52 | stage_eta=00:00:56
2026-08-20 21:09:49 | INFO    | VAL | epoch=004/120 | batch=00200/00312 | loss=9.973925e-01 | stage_elapsed=00:01:11 | stage_eta=00:00:40
2026-08-20 21:10:04 | INFO    | VAL | epoch=004/120 | batch=00250/00312 | loss=9.970195e-01 | stage_elapsed=00:01:26 | stage_eta=00:00:21
2026-08-20 21:10:22 | INFO    | VAL | epoch=004/120 | batch=00300/00312 | loss=9.971013e-01 | stage_elapsed=00:01:44 | stage_eta=00:00:04
2026-08-20 21:10:27 | INFO    | VAL | epoch=004/120 | batch=00312/00312 | loss=9.970944e-01 | stage_elapsed=00:01:49 | stage_eta=00:00:00
2026-08-20 21:10:28 | INFO    | Epoch 004 complete | train=9.972744e-01 | val=9.972972e-01 | best=9.972735e-01 | lr=5.000e-04 | epoch_time=00:20:50 | run_elapsed=01:24:13 | eta=1d 16:42:29 | finish=2026-08-22 13:52:57 CST
2026-08-20 21:11:03 | INFO    | TRAIN | epoch=005/120 | batch=00050/01562 | loss=9.971993e-01 | stage_elapsed=00:00:36 | stage_eta=00:17:59
2026-08-20 21:11:41 | INFO    | TRAIN | epoch=005/120 | batch=00100/01562 | loss=9.971861e-01 | stage_elapsed=00:01:14 | stage_eta=00:17:55
2026-08-20 21:12:19 | INFO    | TRAIN | epoch=005/120 | batch=00150/01562 | loss=9.976528e-01 | stage_elapsed=00:01:52 | stage_eta=00:17:32
2026-08-20 21:12:54 | INFO    | TRAIN | epoch=005/120 | batch=00200/01562 | loss=9.973806e-01 | stage_elapsed=00:02:26 | stage_eta=00:16:33
2026-08-20 21:13:32 | INFO    | TRAIN | epoch=005/120 | batch=00250/01562 | loss=9.973618e-01 | stage_elapsed=00:03:04 | stage_eta=00:16:06
2026-08-20 21:14:09 | INFO    | TRAIN | epoch=005/120 | batch=00300/01562 | loss=9.972465e-01 | stage_elapsed=00:03:41 | stage_eta=00:15:29
2026-08-20 21:14:44 | INFO    | TRAIN | epoch=005/120 | batch=00350/01562 | loss=9.970319e-01 | stage_elapsed=00:04:16 | stage_eta=00:14:47
2026-08-20 21:15:20 | INFO    | TRAIN | epoch=005/120 | batch=00400/01562 | loss=9.968473e-01 | stage_elapsed=00:04:52 | stage_eta=00:14:08
2026-08-20 21:15:54 | INFO    | TRAIN | epoch=005/120 | batch=00450/01562 | loss=9.969618e-01 | stage_elapsed=00:05:26 | stage_eta=00:13:26
2026-08-20 21:16:31 | INFO    | TRAIN | epoch=005/120 | batch=00500/01562 | loss=9.974817e-01 | stage_elapsed=00:06:04 | stage_eta=00:12:53
2026-08-20 21:17:07 | INFO    | TRAIN | epoch=005/120 | batch=00550/01562 | loss=9.968688e-01 | stage_elapsed=00:06:40 | stage_eta=00:12:15
2026-08-20 21:17:44 | INFO    | TRAIN | epoch=005/120 | batch=00600/01562 | loss=9.974896e-01 | stage_elapsed=00:07:16 | stage_eta=00:11:39
2026-08-20 21:18:22 | INFO    | TRAIN | epoch=005/120 | batch=00650/01562 | loss=9.971286e-01 | stage_elapsed=00:07:54 | stage_eta=00:11:05
2026-08-20 21:18:56 | INFO    | TRAIN | epoch=005/120 | batch=00700/01562 | loss=9.972098e-01 | stage_elapsed=00:08:28 | stage_eta=00:10:26
2026-08-20 21:19:34 | INFO    | TRAIN | epoch=005/120 | batch=00750/01562 | loss=9.974468e-01 | stage_elapsed=00:09:06 | stage_eta=00:09:51
2026-08-20 21:20:11 | INFO    | TRAIN | epoch=005/120 | batch=00800/01562 | loss=9.966218e-01 | stage_elapsed=00:09:43 | stage_eta=00:09:15
2026-08-20 21:20:46 | INFO    | TRAIN | epoch=005/120 | batch=00850/01562 | loss=9.970547e-01 | stage_elapsed=00:10:18 | stage_eta=00:08:38
2026-08-20 21:21:25 | INFO    | TRAIN | epoch=005/120 | batch=00900/01562 | loss=9.974369e-01 | stage_elapsed=00:10:57 | stage_eta=00:08:04
2026-08-20 21:22:01 | INFO    | TRAIN | epoch=005/120 | batch=00950/01562 | loss=9.972696e-01 | stage_elapsed=00:11:33 | stage_eta=00:07:27
2026-08-20 21:22:37 | INFO    | TRAIN | epoch=005/120 | batch=01000/01562 | loss=9.975717e-01 | stage_elapsed=00:12:09 | stage_eta=00:06:50
2026-08-20 21:23:14 | INFO    | TRAIN | epoch=005/120 | batch=01050/01562 | loss=9.975023e-01 | stage_elapsed=00:12:46 | stage_eta=00:06:14
2026-08-20 21:23:49 | INFO    | TRAIN | epoch=005/120 | batch=01100/01562 | loss=9.972332e-01 | stage_elapsed=00:13:21 | stage_eta=00:05:36
2026-08-20 21:24:26 | INFO    | TRAIN | epoch=005/120 | batch=01150/01562 | loss=9.975298e-01 | stage_elapsed=00:13:58 | stage_eta=00:05:00
2026-08-20 21:25:02 | INFO    | TRAIN | epoch=005/120 | batch=01200/01562 | loss=9.976299e-01 | stage_elapsed=00:14:34 | stage_eta=00:04:24
2026-08-20 21:25:37 | INFO    | TRAIN | epoch=005/120 | batch=01250/01562 | loss=9.973503e-01 | stage_elapsed=00:15:10 | stage_eta=00:03:47
2026-08-20 21:26:14 | INFO    | TRAIN | epoch=005/120 | batch=01300/01562 | loss=9.976312e-01 | stage_elapsed=00:15:47 | stage_eta=00:03:11
2026-08-20 21:26:50 | INFO    | TRAIN | epoch=005/120 | batch=01350/01562 | loss=9.973317e-01 | stage_elapsed=00:16:22 | stage_eta=00:02:34
2026-08-20 21:27:24 | INFO    | TRAIN | epoch=005/120 | batch=01400/01562 | loss=9.973099e-01 | stage_elapsed=00:16:56 | stage_eta=00:01:58
2026-08-20 21:28:02 | INFO    | TRAIN | epoch=005/120 | batch=01450/01562 | loss=9.973849e-01 | stage_elapsed=00:17:34 | stage_eta=00:01:21
2026-08-20 21:28:38 | INFO    | TRAIN | epoch=005/120 | batch=01500/01562 | loss=9.979496e-01 | stage_elapsed=00:18:10 | stage_eta=00:00:45
2026-08-20 21:29:13 | INFO    | TRAIN | epoch=005/120 | batch=01550/01562 | loss=9.978644e-01 | stage_elapsed=00:18:46 | stage_eta=00:00:09
2026-08-20 21:29:21 | INFO    | TRAIN | epoch=005/120 | batch=01562/01562 | loss=9.980818e-01 | stage_elapsed=00:18:54 | stage_eta=00:00:00
2026-08-20 21:29:41 | INFO    | VAL | epoch=005/120 | batch=00050/00312 | loss=9.980013e-01 | stage_elapsed=00:00:20 | stage_eta=00:01:44
2026-08-20 21:29:58 | INFO    | VAL | epoch=005/120 | batch=00100/00312 | loss=9.975197e-01 | stage_elapsed=00:00:37 | stage_eta=00:01:18
2026-08-20 21:30:18 | INFO    | VAL | epoch=005/120 | batch=00150/00312 | loss=9.977573e-01 | stage_elapsed=00:00:56 | stage_eta=00:01:01
2026-08-20 21:30:34 | INFO    | VAL | epoch=005/120 | batch=00200/00312 | loss=9.968486e-01 | stage_elapsed=00:01:13 | stage_eta=00:00:41
2026-08-20 21:30:52 | INFO    | VAL | epoch=005/120 | batch=00250/00312 | loss=9.979107e-01 | stage_elapsed=00:01:31 | stage_eta=00:00:23
2026-08-20 21:31:09 | INFO    | VAL | epoch=005/120 | batch=00300/00312 | loss=9.981208e-01 | stage_elapsed=00:01:48 | stage_eta=00:00:04
2026-08-20 21:31:13 | INFO    | VAL | epoch=005/120 | batch=00312/00312 | loss=9.979549e-01 | stage_elapsed=00:01:52 | stage_eta=00:00:00
2026-08-20 21:31:14 | INFO    | Epoch 005 complete | train=9.972904e-01 | val=9.978947e-01 | best=9.972735e-01 | lr=5.000e-04 | epoch_time=00:20:46 | run_elapsed=01:44:59 | eta=1d 16:14:45 | finish=2026-08-22 13:45:59 CST
2026-08-20 21:31:52 | INFO    | TRAIN | epoch=006/120 | batch=00050/01562 | loss=9.977971e-01 | stage_elapsed=00:00:38 | stage_eta=00:19:08
2026-08-20 21:32:29 | INFO    | TRAIN | epoch=006/120 | batch=00100/01562 | loss=9.979085e-01 | stage_elapsed=00:01:15 | stage_eta=00:18:15
2026-08-20 21:33:06 | INFO    | TRAIN | epoch=006/120 | batch=00150/01562 | loss=9.976785e-01 | stage_elapsed=00:01:52 | stage_eta=00:17:39
2026-08-20 21:33:44 | INFO    | TRAIN | epoch=006/120 | batch=00200/01562 | loss=9.976426e-01 | stage_elapsed=00:02:30 | stage_eta=00:17:05
2026-08-20 21:34:22 | INFO    | TRAIN | epoch=006/120 | batch=00250/01562 | loss=9.981965e-01 | stage_elapsed=00:03:08 | stage_eta=00:16:29
2026-08-20 21:34:59 | INFO    | TRAIN | epoch=006/120 | batch=00300/01562 | loss=9.983451e-01 | stage_elapsed=00:03:45 | stage_eta=00:15:48
2026-08-20 21:35:35 | INFO    | TRAIN | epoch=006/120 | batch=00350/01562 | loss=9.977586e-01 | stage_elapsed=00:04:21 | stage_eta=00:15:05
2026-08-20 21:36:13 | INFO    | TRAIN | epoch=006/120 | batch=00400/01562 | loss=9.982511e-01 | stage_elapsed=00:04:59 | stage_eta=00:14:28
2026-08-20 21:36:51 | INFO    | TRAIN | epoch=006/120 | batch=00450/01562 | loss=9.977350e-01 | stage_elapsed=00:05:37 | stage_eta=00:13:54
2026-08-20 21:37:27 | INFO    | TRAIN | epoch=006/120 | batch=00500/01562 | loss=9.978902e-01 | stage_elapsed=00:06:14 | stage_eta=00:13:14
2026-08-20 21:38:03 | INFO    | TRAIN | epoch=006/120 | batch=00550/01562 | loss=9.979990e-01 | stage_elapsed=00:06:49 | stage_eta=00:12:33
2026-08-20 21:38:39 | INFO    | TRAIN | epoch=006/120 | batch=00600/01562 | loss=9.977458e-01 | stage_elapsed=00:07:25 | stage_eta=00:11:54
2026-08-20 21:39:15 | INFO    | TRAIN | epoch=006/120 | batch=00650/01562 | loss=9.976260e-01 | stage_elapsed=00:08:01 | stage_eta=00:11:15
2026-08-20 21:39:51 | INFO    | TRAIN | epoch=006/120 | batch=00700/01562 | loss=9.977649e-01 | stage_elapsed=00:08:38 | stage_eta=00:10:38
2026-08-20 21:40:25 | INFO    | TRAIN | epoch=006/120 | batch=00750/01562 | loss=9.979812e-01 | stage_elapsed=00:09:12 | stage_eta=00:09:57
2026-08-20 21:41:00 | INFO    | TRAIN | epoch=006/120 | batch=00800/01562 | loss=9.977053e-01 | stage_elapsed=00:09:46 | stage_eta=00:09:18
2026-08-20 21:41:38 | INFO    | TRAIN | epoch=006/120 | batch=00850/01562 | loss=9.981235e-01 | stage_elapsed=00:10:24 | stage_eta=00:08:43
2026-08-20 21:42:14 | INFO    | TRAIN | epoch=006/120 | batch=00900/01562 | loss=9.977510e-01 | stage_elapsed=00:11:00 | stage_eta=00:08:06
2026-08-20 21:42:50 | INFO    | TRAIN | epoch=006/120 | batch=00950/01562 | loss=9.976003e-01 | stage_elapsed=00:11:36 | stage_eta=00:07:28
2026-08-20 21:43:26 | INFO    | TRAIN | epoch=006/120 | batch=01000/01562 | loss=9.983318e-01 | stage_elapsed=00:12:12 | stage_eta=00:06:51
2026-08-20 21:44:03 | INFO    | TRAIN | epoch=006/120 | batch=01050/01562 | loss=9.982679e-01 | stage_elapsed=00:12:49 | stage_eta=00:06:15
2026-08-20 21:44:39 | INFO    | TRAIN | epoch=006/120 | batch=01100/01562 | loss=9.983537e-01 | stage_elapsed=00:13:25 | stage_eta=00:05:38
2026-08-20 21:45:14 | INFO    | TRAIN | epoch=006/120 | batch=01150/01562 | loss=9.981420e-01 | stage_elapsed=00:14:01 | stage_eta=00:05:01
2026-08-20 21:45:50 | INFO    | TRAIN | epoch=006/120 | batch=01200/01562 | loss=9.982715e-01 | stage_elapsed=00:14:36 | stage_eta=00:04:24
2026-08-20 21:46:25 | INFO    | TRAIN | epoch=006/120 | batch=01250/01562 | loss=9.982798e-01 | stage_elapsed=00:15:12 | stage_eta=00:03:48
2026-08-20 21:47:03 | INFO    | TRAIN | epoch=006/120 | batch=01300/01562 | loss=9.980803e-01 | stage_elapsed=00:15:49 | stage_eta=00:03:11
2026-08-20 21:47:40 | INFO    | TRAIN | epoch=006/120 | batch=01350/01562 | loss=9.977073e-01 | stage_elapsed=00:16:27 | stage_eta=00:02:35
2026-08-20 21:48:21 | INFO    | TRAIN | epoch=006/120 | batch=01400/01562 | loss=9.978018e-01 | stage_elapsed=00:17:08 | stage_eta=00:01:59
2026-08-20 21:48:57 | INFO    | TRAIN | epoch=006/120 | batch=01450/01562 | loss=9.971610e-01 | stage_elapsed=00:17:43 | stage_eta=00:01:22
2026-08-20 21:49:34 | INFO    | TRAIN | epoch=006/120 | batch=01500/01562 | loss=9.985135e-01 | stage_elapsed=00:18:20 | stage_eta=00:00:45
2026-08-20 21:50:09 | INFO    | TRAIN | epoch=006/120 | batch=01550/01562 | loss=9.979535e-01 | stage_elapsed=00:18:56 | stage_eta=00:00:09
2026-08-20 21:50:18 | INFO    | TRAIN | epoch=006/120 | batch=01562/01562 | loss=9.981674e-01 | stage_elapsed=00:19:04 | stage_eta=00:00:00
2026-08-20 21:50:36 | INFO    | VAL | epoch=006/120 | batch=00050/00312 | loss=9.974137e-01 | stage_elapsed=00:00:18 | stage_eta=00:01:37
2026-08-20 21:50:53 | INFO    | VAL | epoch=006/120 | batch=00100/00312 | loss=9.984250e-01 | stage_elapsed=00:00:36 | stage_eta=00:01:15
2026-08-20 21:51:13 | INFO    | VAL | epoch=006/120 | batch=00150/00312 | loss=9.976945e-01 | stage_elapsed=00:00:56 | stage_eta=00:01:00
2026-08-20 21:51:31 | INFO    | VAL | epoch=006/120 | batch=00200/00312 | loss=9.977156e-01 | stage_elapsed=00:01:13 | stage_eta=00:00:41
2026-08-20 21:51:50 | INFO    | VAL | epoch=006/120 | batch=00250/00312 | loss=9.976071e-01 | stage_elapsed=00:01:32 | stage_eta=00:00:23
2026-08-20 21:52:07 | INFO    | VAL | epoch=006/120 | batch=00300/00312 | loss=9.983290e-01 | stage_elapsed=00:01:49 | stage_eta=00:00:04
2026-08-20 21:52:11 | INFO    | VAL | epoch=006/120 | batch=00312/00312 | loss=9.980453e-01 | stage_elapsed=00:01:54 | stage_eta=00:00:00
2026-08-20 21:52:12 | INFO    | Epoch 006 complete | train=9.978629e-01 | val=9.978713e-01 | best=9.972735e-01 | lr=5.000e-04 | epoch_time=00:20:58 | run_elapsed=02:05:58 | eta=1d 15:53:13 | finish=2026-08-22 13:45:25 CST
2026-08-20 21:52:50 | INFO    | TRAIN | epoch=007/120 | batch=00050/01562 | loss=9.968652e-01 | stage_elapsed=00:00:39 | stage_eta=00:19:26
2026-08-20 21:53:28 | INFO    | TRAIN | epoch=007/120 | batch=00100/01562 | loss=9.978452e-01 | stage_elapsed=00:01:16 | stage_eta=00:18:31
2026-08-20 21:54:04 | INFO    | TRAIN | epoch=007/120 | batch=00150/01562 | loss=9.974761e-01 | stage_elapsed=00:01:52 | stage_eta=00:17:33
2026-08-20 21:54:41 | INFO    | TRAIN | epoch=007/120 | batch=00200/01562 | loss=9.977853e-01 | stage_elapsed=00:02:29 | stage_eta=00:16:55
2026-08-20 21:55:18 | INFO    | TRAIN | epoch=007/120 | batch=00250/01562 | loss=9.982162e-01 | stage_elapsed=00:03:06 | stage_eta=00:16:16
2026-08-20 21:55:54 | INFO    | TRAIN | epoch=007/120 | batch=00300/01562 | loss=9.974284e-01 | stage_elapsed=00:03:42 | stage_eta=00:15:33
2026-08-20 21:56:31 | INFO    | TRAIN | epoch=007/120 | batch=00350/01562 | loss=9.981472e-01 | stage_elapsed=00:04:19 | stage_eta=00:14:56
2026-08-20 21:57:05 | INFO    | TRAIN | epoch=007/120 | batch=00400/01562 | loss=9.976236e-01 | stage_elapsed=00:04:53 | stage_eta=00:14:12
2026-08-20 21:57:40 | INFO    | TRAIN | epoch=007/120 | batch=00450/01562 | loss=9.980143e-01 | stage_elapsed=00:05:28 | stage_eta=00:13:30
2026-08-20 21:58:17 | INFO    | TRAIN | epoch=007/120 | batch=00500/01562 | loss=9.978534e-01 | stage_elapsed=00:06:06 | stage_eta=00:12:56
2026-08-20 21:58:55 | INFO    | TRAIN | epoch=007/120 | batch=00550/01562 | loss=9.972672e-01 | stage_elapsed=00:06:43 | stage_eta=00:12:22
2026-08-20 21:59:31 | INFO    | TRAIN | epoch=007/120 | batch=00600/01562 | loss=9.980940e-01 | stage_elapsed=00:07:19 | stage_eta=00:11:44
2026-08-20 22:00:07 | INFO    | TRAIN | epoch=007/120 | batch=00650/01562 | loss=9.979490e-01 | stage_elapsed=00:07:55 | stage_eta=00:11:07
2026-08-20 22:00:45 | INFO    | TRAIN | epoch=007/120 | batch=00700/01562 | loss=9.975588e-01 | stage_elapsed=00:08:33 | stage_eta=00:10:32
2026-08-20 22:01:22 | INFO    | TRAIN | epoch=007/120 | batch=00750/01562 | loss=9.975593e-01 | stage_elapsed=00:09:10 | stage_eta=00:09:55
2026-08-20 22:02:00 | INFO    | TRAIN | epoch=007/120 | batch=00800/01562 | loss=9.977601e-01 | stage_elapsed=00:09:48 | stage_eta=00:09:20
2026-08-20 22:02:35 | INFO    | TRAIN | epoch=007/120 | batch=00850/01562 | loss=9.980094e-01 | stage_elapsed=00:10:23 | stage_eta=00:08:42
2026-08-20 22:03:13 | INFO    | TRAIN | epoch=007/120 | batch=00900/01562 | loss=9.978673e-01 | stage_elapsed=00:11:01 | stage_eta=00:08:06
2026-08-20 22:03:49 | INFO    | TRAIN | epoch=007/120 | batch=00950/01562 | loss=9.978553e-01 | stage_elapsed=00:11:37 | stage_eta=00:07:29
2026-08-20 22:04:27 | INFO    | TRAIN | epoch=007/120 | batch=01000/01562 | loss=9.979178e-01 | stage_elapsed=00:12:15 | stage_eta=00:06:53
2026-08-20 22:05:03 | INFO    | TRAIN | epoch=007/120 | batch=01050/01562 | loss=9.981661e-01 | stage_elapsed=00:12:51 | stage_eta=00:06:16
2026-08-20 22:05:40 | INFO    | TRAIN | epoch=007/120 | batch=01100/01562 | loss=9.976686e-01 | stage_elapsed=00:13:28 | stage_eta=00:05:39
2026-08-20 22:06:16 | INFO    | TRAIN | epoch=007/120 | batch=01150/01562 | loss=9.975560e-01 | stage_elapsed=00:14:04 | stage_eta=00:05:02
2026-08-20 22:06:53 | INFO    | TRAIN | epoch=007/120 | batch=01200/01562 | loss=9.968890e-01 | stage_elapsed=00:14:42 | stage_eta=00:04:26
2026-08-20 22:07:27 | INFO    | TRAIN | epoch=007/120 | batch=01250/01562 | loss=9.974370e-01 | stage_elapsed=00:15:16 | stage_eta=00:03:49
2026-08-20 22:08:03 | INFO    | TRAIN | epoch=007/120 | batch=01300/01562 | loss=9.973461e-01 | stage_elapsed=00:15:52 | stage_eta=00:03:12
2026-08-20 22:08:38 | INFO    | TRAIN | epoch=007/120 | batch=01350/01562 | loss=9.973605e-01 | stage_elapsed=00:16:26 | stage_eta=00:02:35
2026-08-20 22:09:15 | INFO    | TRAIN | epoch=007/120 | batch=01400/01562 | loss=9.975709e-01 | stage_elapsed=00:17:03 | stage_eta=00:01:58
2026-08-20 22:09:51 | INFO    | TRAIN | epoch=007/120 | batch=01450/01562 | loss=9.973497e-01 | stage_elapsed=00:17:39 | stage_eta=00:01:22
2026-08-20 22:10:24 | INFO    | TRAIN | epoch=007/120 | batch=01500/01562 | loss=9.977708e-01 | stage_elapsed=00:18:12 | stage_eta=00:00:45
2026-08-20 22:11:00 | INFO    | TRAIN | epoch=007/120 | batch=01550/01562 | loss=9.977744e-01 | stage_elapsed=00:18:48 | stage_eta=00:00:09
2026-08-20 22:11:10 | INFO    | TRAIN | epoch=007/120 | batch=01562/01562 | loss=9.975404e-01 | stage_elapsed=00:18:58 | stage_eta=00:00:00
2026-08-20 22:11:26 | INFO    | VAL | epoch=007/120 | batch=00050/00312 | loss=9.976856e-01 | stage_elapsed=00:00:16 | stage_eta=00:01:25
2026-08-20 22:11:45 | INFO    | VAL | epoch=007/120 | batch=00100/00312 | loss=9.979661e-01 | stage_elapsed=00:00:35 | stage_eta=00:01:15
2026-08-20 22:12:02 | INFO    | VAL | epoch=007/120 | batch=00150/00312 | loss=9.974336e-01 | stage_elapsed=00:00:52 | stage_eta=00:00:56
2026-08-20 22:12:21 | INFO    | VAL | epoch=007/120 | batch=00200/00312 | loss=9.976827e-01 | stage_elapsed=00:01:10 | stage_eta=00:00:39
2026-08-20 22:12:36 | INFO    | VAL | epoch=007/120 | batch=00250/00312 | loss=9.977071e-01 | stage_elapsed=00:01:26 | stage_eta=00:00:21
2026-08-20 22:12:55 | INFO    | VAL | epoch=007/120 | batch=00300/00312 | loss=9.974972e-01 | stage_elapsed=00:01:45 | stage_eta=00:00:04
2026-08-20 22:12:59 | INFO    | VAL | epoch=007/120 | batch=00312/00312 | loss=9.977267e-01 | stage_elapsed=00:01:49 | stage_eta=00:00:00
2026-08-20 22:13:00 | INFO    | Epoch 007 complete | train=9.976895e-01 | val=9.975181e-01 | best=9.972735e-01 | lr=2.500e-04 | epoch_time=00:20:48 | run_elapsed=02:26:45 | eta=1d 15:29:04 | finish=2026-08-22 13:42:04 CST
2026-08-20 22:13:35 | INFO    | TRAIN | epoch=008/120 | batch=00050/01562 | loss=9.975313e-01 | stage_elapsed=00:00:35 | stage_eta=00:17:47
2026-08-20 22:14:12 | INFO    | TRAIN | epoch=008/120 | batch=00100/01562 | loss=9.971989e-01 | stage_elapsed=00:01:13 | stage_eta=00:17:44
2026-08-20 22:14:48 | INFO    | TRAIN | epoch=008/120 | batch=00150/01562 | loss=9.969329e-01 | stage_elapsed=00:01:49 | stage_eta=00:17:04
2026-08-20 22:15:21 | INFO    | TRAIN | epoch=008/120 | batch=00200/01562 | loss=9.976962e-01 | stage_elapsed=00:02:21 | stage_eta=00:16:02
2026-08-20 22:15:54 | INFO    | TRAIN | epoch=008/120 | batch=00250/01562 | loss=9.977048e-01 | stage_elapsed=00:02:54 | stage_eta=00:15:14
2026-08-20 22:16:30 | INFO    | TRAIN | epoch=008/120 | batch=00300/01562 | loss=9.972163e-01 | stage_elapsed=00:03:30 | stage_eta=00:14:43
2026-08-20 22:17:05 | INFO    | TRAIN | epoch=008/120 | batch=00350/01562 | loss=9.973840e-01 | stage_elapsed=00:04:06 | stage_eta=00:14:11
2026-08-20 22:17:40 | INFO    | TRAIN | epoch=008/120 | batch=00400/01562 | loss=9.974736e-01 | stage_elapsed=00:04:41 | stage_eta=00:13:36
2026-08-20 22:18:16 | INFO    | TRAIN | epoch=008/120 | batch=00450/01562 | loss=9.972878e-01 | stage_elapsed=00:05:16 | stage_eta=00:13:02
2026-08-20 22:18:53 | INFO    | TRAIN | epoch=008/120 | batch=00500/01562 | loss=9.976608e-01 | stage_elapsed=00:05:54 | stage_eta=00:12:31
2026-08-20 22:19:30 | INFO    | TRAIN | epoch=008/120 | batch=00550/01562 | loss=9.972389e-01 | stage_elapsed=00:06:31 | stage_eta=00:11:59
2026-08-20 22:20:05 | INFO    | TRAIN | epoch=008/120 | batch=00600/01562 | loss=9.974145e-01 | stage_elapsed=00:07:05 | stage_eta=00:11:22
2026-08-20 22:20:40 | INFO    | TRAIN | epoch=008/120 | batch=00650/01562 | loss=9.975169e-01 | stage_elapsed=00:07:40 | stage_eta=00:10:46
2026-08-20 22:21:17 | INFO    | TRAIN | epoch=008/120 | batch=00700/01562 | loss=9.976090e-01 | stage_elapsed=00:08:17 | stage_eta=00:10:13
2026-08-20 22:21:50 | INFO    | TRAIN | epoch=008/120 | batch=00750/01562 | loss=9.976799e-01 | stage_elapsed=00:08:50 | stage_eta=00:09:34
2026-08-20 22:22:25 | INFO    | TRAIN | epoch=008/120 | batch=00800/01562 | loss=9.969710e-01 | stage_elapsed=00:09:25 | stage_eta=00:08:58
2026-08-20 22:22:59 | INFO    | TRAIN | epoch=008/120 | batch=00850/01562 | loss=9.976506e-01 | stage_elapsed=00:10:00 | stage_eta=00:08:22
2026-08-20 22:23:34 | INFO    | TRAIN | epoch=008/120 | batch=00900/01562 | loss=9.977558e-01 | stage_elapsed=00:10:34 | stage_eta=00:07:47
2026-08-20 22:24:08 | INFO    | TRAIN | epoch=008/120 | batch=00950/01562 | loss=9.973576e-01 | stage_elapsed=00:11:09 | stage_eta=00:07:11
2026-08-20 22:24:43 | INFO    | TRAIN | epoch=008/120 | batch=01000/01562 | loss=9.977122e-01 | stage_elapsed=00:11:43 | stage_eta=00:06:35
2026-08-20 22:25:18 | INFO    | TRAIN | epoch=008/120 | batch=01050/01562 | loss=9.976904e-01 | stage_elapsed=00:12:18 | stage_eta=00:06:00
2026-08-20 22:25:52 | INFO    | TRAIN | epoch=008/120 | batch=01100/01562 | loss=9.980003e-01 | stage_elapsed=00:12:53 | stage_eta=00:05:24
2026-08-20 22:26:28 | INFO    | TRAIN | epoch=008/120 | batch=01150/01562 | loss=9.976586e-01 | stage_elapsed=00:13:28 | stage_eta=00:04:49
2026-08-20 22:27:05 | INFO    | TRAIN | epoch=008/120 | batch=01200/01562 | loss=9.973129e-01 | stage_elapsed=00:14:05 | stage_eta=00:04:15
2026-08-20 22:27:41 | INFO    | TRAIN | epoch=008/120 | batch=01250/01562 | loss=9.974857e-01 | stage_elapsed=00:14:41 | stage_eta=00:03:40
2026-08-20 22:28:16 | INFO    | TRAIN | epoch=008/120 | batch=01300/01562 | loss=9.975705e-01 | stage_elapsed=00:15:17 | stage_eta=00:03:05
2026-08-20 22:28:52 | INFO    | TRAIN | epoch=008/120 | batch=01350/01562 | loss=9.977204e-01 | stage_elapsed=00:15:52 | stage_eta=00:02:30
2026-08-20 22:29:28 | INFO    | TRAIN | epoch=008/120 | batch=01400/01562 | loss=9.976571e-01 | stage_elapsed=00:16:29 | stage_eta=00:01:54
2026-08-20 22:30:03 | INFO    | TRAIN | epoch=008/120 | batch=01450/01562 | loss=9.979049e-01 | stage_elapsed=00:17:03 | stage_eta=00:01:19
2026-08-20 22:30:37 | INFO    | TRAIN | epoch=008/120 | batch=01500/01562 | loss=9.976425e-01 | stage_elapsed=00:17:37 | stage_eta=00:00:44
2026-08-20 22:31:14 | INFO    | TRAIN | epoch=008/120 | batch=01550/01562 | loss=9.976377e-01 | stage_elapsed=00:18:15 | stage_eta=00:00:08
2026-08-20 22:31:22 | INFO    | TRAIN | epoch=008/120 | batch=01562/01562 | loss=9.981592e-01 | stage_elapsed=00:18:23 | stage_eta=00:00:00
2026-08-20 22:31:40 | INFO    | VAL | epoch=008/120 | batch=00050/00312 | loss=9.978377e-01 | stage_elapsed=00:00:18 | stage_eta=00:01:33
2026-08-20 22:31:57 | INFO    | VAL | epoch=008/120 | batch=00100/00312 | loss=9.978905e-01 | stage_elapsed=00:00:35 | stage_eta=00:01:15
2026-08-20 22:32:14 | INFO    | VAL | epoch=008/120 | batch=00150/00312 | loss=9.977100e-01 | stage_elapsed=00:00:52 | stage_eta=00:00:56
2026-08-20 22:32:32 | INFO    | VAL | epoch=008/120 | batch=00200/00312 | loss=9.979287e-01 | stage_elapsed=00:01:10 | stage_eta=00:00:39
2026-08-20 22:32:51 | INFO    | VAL | epoch=008/120 | batch=00250/00312 | loss=9.975899e-01 | stage_elapsed=00:01:29 | stage_eta=00:00:22
2026-08-20 22:33:06 | INFO    | VAL | epoch=008/120 | batch=00300/00312 | loss=9.978646e-01 | stage_elapsed=00:01:44 | stage_eta=00:00:04
2026-08-20 22:33:10 | INFO    | VAL | epoch=008/120 | batch=00312/00312 | loss=9.976596e-01 | stage_elapsed=00:01:48 | stage_eta=00:00:00
2026-08-20 22:33:11 | INFO    | Epoch 008 complete | train=9.975298e-01 | val=9.977420e-01 | best=9.972735e-01 | lr=2.500e-04 | epoch_time=00:20:11 | run_elapsed=02:46:57 | eta=1d 14:57:13 | finish=2026-08-22 13:30:24 CST
2026-08-20 22:33:46 | INFO    | TRAIN | epoch=009/120 | batch=00050/01562 | loss=9.979355e-01 | stage_elapsed=00:00:35 | stage_eta=00:17:36
2026-08-20 22:34:25 | INFO    | TRAIN | epoch=009/120 | batch=00100/01562 | loss=9.975036e-01 | stage_elapsed=00:01:14 | stage_eta=00:17:59
2026-08-20 22:34:57 | INFO    | TRAIN | epoch=009/120 | batch=00150/01562 | loss=9.980344e-01 | stage_elapsed=00:01:46 | stage_eta=00:16:38
2026-08-20 22:35:32 | INFO    | TRAIN | epoch=009/120 | batch=00200/01562 | loss=9.977514e-01 | stage_elapsed=00:02:21 | stage_eta=00:16:00
2026-08-20 22:36:07 | INFO    | TRAIN | epoch=009/120 | batch=00250/01562 | loss=9.977819e-01 | stage_elapsed=00:02:56 | stage_eta=00:15:25
2026-08-20 22:36:45 | INFO    | TRAIN | epoch=009/120 | batch=00300/01562 | loss=9.980584e-01 | stage_elapsed=00:03:34 | stage_eta=00:14:59
2026-08-20 22:37:20 | INFO    | TRAIN | epoch=009/120 | batch=00350/01562 | loss=9.980702e-01 | stage_elapsed=00:04:09 | stage_eta=00:14:22
2026-08-20 22:37:54 | INFO    | TRAIN | epoch=009/120 | batch=00400/01562 | loss=9.975271e-01 | stage_elapsed=00:04:43 | stage_eta=00:13:43
2026-08-20 22:38:29 | INFO    | TRAIN | epoch=009/120 | batch=00450/01562 | loss=9.977649e-01 | stage_elapsed=00:05:18 | stage_eta=00:13:07
2026-08-20 22:39:04 | INFO    | TRAIN | epoch=009/120 | batch=00500/01562 | loss=9.978270e-01 | stage_elapsed=00:05:53 | stage_eta=00:12:29
2026-08-20 22:39:40 | INFO    | TRAIN | epoch=009/120 | batch=00550/01562 | loss=9.974672e-01 | stage_elapsed=00:06:29 | stage_eta=00:11:56
2026-08-20 22:40:16 | INFO    | TRAIN | epoch=009/120 | batch=00600/01562 | loss=9.979640e-01 | stage_elapsed=00:07:05 | stage_eta=00:11:22
2026-08-20 22:40:50 | INFO    | TRAIN | epoch=009/120 | batch=00650/01562 | loss=9.983814e-01 | stage_elapsed=00:07:39 | stage_eta=00:10:45
2026-08-20 22:41:28 | INFO    | TRAIN | epoch=009/120 | batch=00700/01562 | loss=9.979563e-01 | stage_elapsed=00:08:17 | stage_eta=00:10:12
2026-08-20 22:42:04 | INFO    | TRAIN | epoch=009/120 | batch=00750/01562 | loss=9.980457e-01 | stage_elapsed=00:08:53 | stage_eta=00:09:37
2026-08-20 22:42:41 | INFO    | TRAIN | epoch=009/120 | batch=00800/01562 | loss=9.981478e-01 | stage_elapsed=00:09:30 | stage_eta=00:09:03
2026-08-20 22:43:16 | INFO    | TRAIN | epoch=009/120 | batch=00850/01562 | loss=9.978783e-01 | stage_elapsed=00:10:05 | stage_eta=00:08:27
2026-08-20 22:43:52 | INFO    | TRAIN | epoch=009/120 | batch=00900/01562 | loss=9.978342e-01 | stage_elapsed=00:10:41 | stage_eta=00:07:52
2026-08-20 22:44:29 | INFO    | TRAIN | epoch=009/120 | batch=00950/01562 | loss=9.974306e-01 | stage_elapsed=00:11:18 | stage_eta=00:07:17
2026-08-20 22:45:03 | INFO    | TRAIN | epoch=009/120 | batch=01000/01562 | loss=9.976383e-01 | stage_elapsed=00:11:52 | stage_eta=00:06:40
2026-08-20 22:45:38 | INFO    | TRAIN | epoch=009/120 | batch=01050/01562 | loss=9.981623e-01 | stage_elapsed=00:12:27 | stage_eta=00:06:04
2026-08-20 22:46:13 | INFO    | TRAIN | epoch=009/120 | batch=01100/01562 | loss=9.983990e-01 | stage_elapsed=00:13:02 | stage_eta=00:05:28
2026-08-20 22:46:48 | INFO    | TRAIN | epoch=009/120 | batch=01150/01562 | loss=9.973180e-01 | stage_elapsed=00:13:37 | stage_eta=00:04:53
2026-08-20 22:47:25 | INFO    | TRAIN | epoch=009/120 | batch=01200/01562 | loss=9.978773e-01 | stage_elapsed=00:14:15 | stage_eta=00:04:18
2026-08-20 22:48:01 | INFO    | TRAIN | epoch=009/120 | batch=01250/01562 | loss=9.977688e-01 | stage_elapsed=00:14:50 | stage_eta=00:03:42
2026-08-20 22:48:36 | INFO    | TRAIN | epoch=009/120 | batch=01300/01562 | loss=9.982771e-01 | stage_elapsed=00:15:25 | stage_eta=00:03:06
2026-08-20 22:49:11 | INFO    | TRAIN | epoch=009/120 | batch=01350/01562 | loss=9.981374e-01 | stage_elapsed=00:16:00 | stage_eta=00:02:31
2026-08-20 22:49:45 | INFO    | TRAIN | epoch=009/120 | batch=01400/01562 | loss=9.975909e-01 | stage_elapsed=00:16:34 | stage_eta=00:01:55
2026-08-20 22:50:20 | INFO    | TRAIN | epoch=009/120 | batch=01450/01562 | loss=9.983696e-01 | stage_elapsed=00:17:09 | stage_eta=00:01:20
2026-08-20 22:50:56 | INFO    | TRAIN | epoch=009/120 | batch=01500/01562 | loss=9.977421e-01 | stage_elapsed=00:17:45 | stage_eta=00:00:44
2026-08-20 22:51:31 | INFO    | TRAIN | epoch=009/120 | batch=01550/01562 | loss=9.981753e-01 | stage_elapsed=00:18:20 | stage_eta=00:00:09
2026-08-20 22:51:39 | INFO    | TRAIN | epoch=009/120 | batch=01562/01562 | loss=9.979880e-01 | stage_elapsed=00:18:28 | stage_eta=00:00:00
2026-08-20 22:51:55 | INFO    | VAL | epoch=009/120 | batch=00050/00312 | loss=9.974402e-01 | stage_elapsed=00:00:17 | stage_eta=00:01:28
2026-08-20 22:52:12 | INFO    | VAL | epoch=009/120 | batch=00100/00312 | loss=9.979194e-01 | stage_elapsed=00:00:33 | stage_eta=00:01:10
2026-08-20 22:52:29 | INFO    | VAL | epoch=009/120 | batch=00150/00312 | loss=9.971999e-01 | stage_elapsed=00:00:50 | stage_eta=00:00:55
2026-08-20 22:52:46 | INFO    | VAL | epoch=009/120 | batch=00200/00312 | loss=9.976829e-01 | stage_elapsed=00:01:08 | stage_eta=00:00:38
2026-08-20 22:53:05 | INFO    | VAL | epoch=009/120 | batch=00250/00312 | loss=9.978998e-01 | stage_elapsed=00:01:26 | stage_eta=00:00:21
2026-08-20 22:53:21 | INFO    | VAL | epoch=009/120 | batch=00300/00312 | loss=9.979795e-01 | stage_elapsed=00:01:42 | stage_eta=00:00:04
2026-08-20 22:53:24 | INFO    | VAL | epoch=009/120 | batch=00312/00312 | loss=9.975188e-01 | stage_elapsed=00:01:46 | stage_eta=00:00:00
2026-08-20 22:53:25 | INFO    | Epoch 009 complete | train=9.978143e-01 | val=9.978479e-01 | best=9.972735e-01 | lr=2.500e-04 | epoch_time=00:20:14 | run_elapsed=03:07:11 | eta=1d 14:28:35 | finish=2026-08-22 13:22:01 CST
2026-08-20 22:53:59 | INFO    | TRAIN | epoch=010/120 | batch=00050/01562 | loss=9.976416e-01 | stage_elapsed=00:00:34 | stage_eta=00:17:14
2026-08-20 22:54:35 | INFO    | TRAIN | epoch=010/120 | batch=00100/01562 | loss=9.975972e-01 | stage_elapsed=00:01:10 | stage_eta=00:17:07
2026-08-20 22:55:10 | INFO    | TRAIN | epoch=010/120 | batch=00150/01562 | loss=9.978917e-01 | stage_elapsed=00:01:45 | stage_eta=00:16:27
2026-08-20 22:55:46 | INFO    | TRAIN | epoch=010/120 | batch=00200/01562 | loss=9.980342e-01 | stage_elapsed=00:02:21 | stage_eta=00:15:57
2026-08-20 22:56:20 | INFO    | TRAIN | epoch=010/120 | batch=00250/01562 | loss=9.981432e-01 | stage_elapsed=00:02:55 | stage_eta=00:15:18
2026-08-20 22:56:57 | INFO    | TRAIN | epoch=010/120 | batch=00300/01562 | loss=9.979671e-01 | stage_elapsed=00:03:32 | stage_eta=00:14:51
2026-08-20 22:57:28 | INFO    | TRAIN | epoch=010/120 | batch=00350/01562 | loss=9.975153e-01 | stage_elapsed=00:04:03 | stage_eta=00:14:00
2026-08-20 22:58:05 | INFO    | TRAIN | epoch=010/120 | batch=00400/01562 | loss=9.981069e-01 | stage_elapsed=00:04:40 | stage_eta=00:13:33
2026-08-20 22:58:39 | INFO    | TRAIN | epoch=010/120 | batch=00450/01562 | loss=9.981699e-01 | stage_elapsed=00:05:14 | stage_eta=00:12:56
2026-08-20 22:59:12 | INFO    | TRAIN | epoch=010/120 | batch=00500/01562 | loss=9.981407e-01 | stage_elapsed=00:05:47 | stage_eta=00:12:17
2026-08-20 22:59:45 | INFO    | TRAIN | epoch=010/120 | batch=00550/01562 | loss=9.977185e-01 | stage_elapsed=00:06:20 | stage_eta=00:11:39
2026-08-20 23:00:22 | INFO    | TRAIN | epoch=010/120 | batch=00600/01562 | loss=9.979634e-01 | stage_elapsed=00:06:57 | stage_eta=00:11:08
2026-08-20 23:00:57 | INFO    | TRAIN | epoch=010/120 | batch=00650/01562 | loss=9.978775e-01 | stage_elapsed=00:07:32 | stage_eta=00:10:34
2026-08-20 23:01:32 | INFO    | TRAIN | epoch=010/120 | batch=00700/01562 | loss=9.976522e-01 | stage_elapsed=00:08:07 | stage_eta=00:10:00
2026-08-20 23:02:06 | INFO    | TRAIN | epoch=010/120 | batch=00750/01562 | loss=9.980519e-01 | stage_elapsed=00:08:41 | stage_eta=00:09:24
2026-08-20 23:02:42 | INFO    | TRAIN | epoch=010/120 | batch=00800/01562 | loss=9.982197e-01 | stage_elapsed=00:09:17 | stage_eta=00:08:50
2026-08-20 23:03:16 | INFO    | TRAIN | epoch=010/120 | batch=00850/01562 | loss=9.972811e-01 | stage_elapsed=00:09:51 | stage_eta=00:08:15
2026-08-20 23:03:52 | INFO    | TRAIN | epoch=010/120 | batch=00900/01562 | loss=9.981752e-01 | stage_elapsed=00:10:27 | stage_eta=00:07:41
2026-08-20 23:04:27 | INFO    | TRAIN | epoch=010/120 | batch=00950/01562 | loss=9.979103e-01 | stage_elapsed=00:11:02 | stage_eta=00:07:06
2026-08-20 23:05:02 | INFO    | TRAIN | epoch=010/120 | batch=01000/01562 | loss=9.981757e-01 | stage_elapsed=00:11:37 | stage_eta=00:06:32
2026-08-20 23:05:36 | INFO    | TRAIN | epoch=010/120 | batch=01050/01562 | loss=9.979532e-01 | stage_elapsed=00:12:11 | stage_eta=00:05:56
2026-08-20 23:06:12 | INFO    | TRAIN | epoch=010/120 | batch=01100/01562 | loss=9.976985e-01 | stage_elapsed=00:12:46 | stage_eta=00:05:22
2026-08-20 23:06:45 | INFO    | TRAIN | epoch=010/120 | batch=01150/01562 | loss=9.982761e-01 | stage_elapsed=00:13:20 | stage_eta=00:04:46
2026-08-20 23:07:20 | INFO    | TRAIN | epoch=010/120 | batch=01200/01562 | loss=9.974762e-01 | stage_elapsed=00:13:54 | stage_eta=00:04:12
2026-08-20 23:07:56 | INFO    | TRAIN | epoch=010/120 | batch=01250/01562 | loss=9.982334e-01 | stage_elapsed=00:14:31 | stage_eta=00:03:37
2026-08-20 23:08:32 | INFO    | TRAIN | epoch=010/120 | batch=01300/01562 | loss=9.980505e-01 | stage_elapsed=00:15:07 | stage_eta=00:03:03
2026-08-20 23:09:06 | INFO    | TRAIN | epoch=010/120 | batch=01350/01562 | loss=9.978033e-01 | stage_elapsed=00:15:41 | stage_eta=00:02:28
2026-08-20 23:09:43 | INFO    | TRAIN | epoch=010/120 | batch=01400/01562 | loss=9.977810e-01 | stage_elapsed=00:16:18 | stage_eta=00:01:53
2026-08-20 23:10:17 | INFO    | TRAIN | epoch=010/120 | batch=01450/01562 | loss=9.981438e-01 | stage_elapsed=00:16:52 | stage_eta=00:01:18
2026-08-20 23:10:50 | INFO    | TRAIN | epoch=010/120 | batch=01500/01562 | loss=9.978825e-01 | stage_elapsed=00:17:25 | stage_eta=00:00:43
2026-08-20 23:11:26 | INFO    | TRAIN | epoch=010/120 | batch=01550/01562 | loss=9.976114e-01 | stage_elapsed=00:18:01 | stage_eta=00:00:08
2026-08-20 23:11:33 | INFO    | TRAIN | epoch=010/120 | batch=01562/01562 | loss=9.978727e-01 | stage_elapsed=00:18:07 | stage_eta=00:00:00
2026-08-20 23:11:50 | INFO    | VAL | epoch=010/120 | batch=00050/00312 | loss=9.974432e-01 | stage_elapsed=00:00:18 | stage_eta=00:01:33
2026-08-20 23:12:08 | INFO    | VAL | epoch=010/120 | batch=00100/00312 | loss=9.976727e-01 | stage_elapsed=00:00:35 | stage_eta=00:01:15
2026-08-20 23:12:24 | INFO    | VAL | epoch=010/120 | batch=00150/00312 | loss=9.980883e-01 | stage_elapsed=00:00:51 | stage_eta=00:00:55
2026-08-20 23:12:40 | INFO    | VAL | epoch=010/120 | batch=00200/00312 | loss=9.979752e-01 | stage_elapsed=00:01:08 | stage_eta=00:00:38
2026-08-20 23:12:58 | INFO    | VAL | epoch=010/120 | batch=00250/00312 | loss=9.979434e-01 | stage_elapsed=00:01:26 | stage_eta=00:00:21
2026-08-20 23:13:15 | INFO    | VAL | epoch=010/120 | batch=00300/00312 | loss=9.976793e-01 | stage_elapsed=00:01:43 | stage_eta=00:00:04
2026-08-20 23:13:20 | INFO    | VAL | epoch=010/120 | batch=00312/00312 | loss=9.981341e-01 | stage_elapsed=00:01:48 | stage_eta=00:00:00
2026-08-20 23:13:22 | INFO    | Epoch 010 complete | train=9.978384e-01 | val=9.978636e-01 | best=9.972735e-01 | lr=2.500e-04 | epoch_time=00:19:57 | run_elapsed=03:27:08 | eta=1d 13:58:25 | finish=2026-08-22 13:11:48 CST
2026-08-20 23:13:55 | INFO    | TRAIN | epoch=011/120 | batch=00050/01562 | loss=9.977807e-01 | stage_elapsed=00:00:33 | stage_eta=00:16:40
2026-08-20 23:14:32 | INFO    | TRAIN | epoch=011/120 | batch=00100/01562 | loss=9.978404e-01 | stage_elapsed=00:01:09 | stage_eta=00:16:55
2026-08-20 23:15:06 | INFO    | TRAIN | epoch=011/120 | batch=00150/01562 | loss=9.975720e-01 | stage_elapsed=00:01:44 | stage_eta=00:16:16
2026-08-20 23:15:39 | INFO    | TRAIN | epoch=011/120 | batch=00200/01562 | loss=9.983337e-01 | stage_elapsed=00:02:17 | stage_eta=00:15:34
2026-08-20 23:16:15 | INFO    | TRAIN | epoch=011/120 | batch=00250/01562 | loss=9.971719e-01 | stage_elapsed=00:02:53 | stage_eta=00:15:08
2026-08-20 23:16:49 | INFO    | TRAIN | epoch=011/120 | batch=00300/01562 | loss=9.976040e-01 | stage_elapsed=00:03:27 | stage_eta=00:14:30
2026-08-20 23:17:23 | INFO    | TRAIN | epoch=011/120 | batch=00350/01562 | loss=9.982977e-01 | stage_elapsed=00:04:01 | stage_eta=00:13:53
2026-08-20 23:17:59 | INFO    | TRAIN | epoch=011/120 | batch=00400/01562 | loss=9.982218e-01 | stage_elapsed=00:04:37 | stage_eta=00:13:24
2026-08-20 23:18:33 | INFO    | TRAIN | epoch=011/120 | batch=00450/01562 | loss=9.979026e-01 | stage_elapsed=00:05:11 | stage_eta=00:12:50
2026-08-20 23:19:08 | INFO    | TRAIN | epoch=011/120 | batch=00500/01562 | loss=9.978814e-01 | stage_elapsed=00:05:46 | stage_eta=00:12:15
2026-08-20 23:19:43 | INFO    | TRAIN | epoch=011/120 | batch=00550/01562 | loss=9.979938e-01 | stage_elapsed=00:06:21 | stage_eta=00:11:41
2026-08-20 23:20:16 | INFO    | TRAIN | epoch=011/120 | batch=00600/01562 | loss=9.972556e-01 | stage_elapsed=00:06:54 | stage_eta=00:11:03
2026-08-20 23:20:49 | INFO    | TRAIN | epoch=011/120 | batch=00650/01562 | loss=9.979368e-01 | stage_elapsed=00:07:27 | stage_eta=00:10:27
2026-08-20 23:21:26 | INFO    | TRAIN | epoch=011/120 | batch=00700/01562 | loss=9.980001e-01 | stage_elapsed=00:08:04 | stage_eta=00:09:56
2026-08-20 23:22:01 | INFO    | TRAIN | epoch=011/120 | batch=00750/01562 | loss=9.975874e-01 | stage_elapsed=00:08:39 | stage_eta=00:09:22
2026-08-20 23:22:35 | INFO    | TRAIN | epoch=011/120 | batch=00800/01562 | loss=9.980146e-01 | stage_elapsed=00:09:13 | stage_eta=00:08:47
2026-08-20 23:23:09 | INFO    | TRAIN | epoch=011/120 | batch=00850/01562 | loss=9.972603e-01 | stage_elapsed=00:09:47 | stage_eta=00:08:12
2026-08-20 23:23:44 | INFO    | TRAIN | epoch=011/120 | batch=00900/01562 | loss=9.972707e-01 | stage_elapsed=00:10:22 | stage_eta=00:07:38
2026-08-20 23:24:20 | INFO    | TRAIN | epoch=011/120 | batch=00950/01562 | loss=9.977249e-01 | stage_elapsed=00:10:58 | stage_eta=00:07:04
2026-08-20 23:24:55 | INFO    | TRAIN | epoch=011/120 | batch=01000/01562 | loss=9.972726e-01 | stage_elapsed=00:11:32 | stage_eta=00:06:29
2026-08-20 23:25:29 | INFO    | TRAIN | epoch=011/120 | batch=01050/01562 | loss=9.973705e-01 | stage_elapsed=00:12:07 | stage_eta=00:05:54
2026-08-20 23:26:02 | INFO    | TRAIN | epoch=011/120 | batch=01100/01562 | loss=9.981444e-01 | stage_elapsed=00:12:39 | stage_eta=00:05:19
2026-08-20 23:26:38 | INFO    | TRAIN | epoch=011/120 | batch=01150/01562 | loss=9.978311e-01 | stage_elapsed=00:13:15 | stage_eta=00:04:45
