2026-08-24 23:47:57 | INFO    | 
================================================================================================
AutoPhaseNN training
================================================================================================
[Run]
  name              : mamba_skip_baseline_init_bs16_lr1e-3_20260824_234755
  model             : mamba_skip
  initialization    : checkpointed
  device / fp16     : cuda / no
  parameters        : 28,416,610
[Data]
  directory         : /data_ssd/oyys/autophasenn/
  train / validation: 25,000 / 5,000
  volume shape      : 64 x 64 x 64
  batch / workers   : 16 / 4
  cache in memory   : no
[Optimization]
  loss / scope      : l1 / diff
  optimizer / lr    : adam / 1.000e-03
  scheduler         : plateau
  support weight    : 0
  threshold         : 0.3
  epochs            : 100
[Artifacts]
  run               : /home/oyys/code/UMamba-AutoPhaseNN/autophasenn_training_pipeline/runs/mamba_skip_baseline_init_bs16_lr1e-3_20260824_234755
  output            : /home/oyys/code/UMamba-AutoPhaseNN/autophasenn_training_pipeline/runs/mamba_skip_baseline_init_bs16_lr1e-3_20260824_234755
  checkpoints       : /data_ssd/oyys/autophasenn/autophasenn_pipeline_output/mamba_skip_baseline_init_bs16_lr1e-3_20260824_234755
  tensorboard       : /home/oyys/code/UMamba-AutoPhaseNN/autophasenn_training_pipeline/runs/mamba_skip_baseline_init_bs16_lr1e-3_20260824_234755/tensorboard
================================================================================================
2026-08-24 23:47:58 | INFO    | Loaded baseline backbone weights; Mamba bridges and fusion blocks retain their initialized values: /data_ssd/oyys/autophasenn/autophasenn_pipeline_output/autophasenn_retrain_l1/checkpoint_best.pt
2026-08-24 23:47:58 | INFO    | Starting at epoch 1 with randomly initialized optimizer state; lr=[0.001]
2026-08-24 23:47:58 | INFO    | Trainable stage | epoch=1 | scope=all | parameters=28,416,610 / 28,416,610
2026-08-24 23:48:29 | INFO    | TRAIN | epoch=001/100 | batch=00050/01563 (  3.20%) | lr=1.000e-03 | elapsed=0:00:31 | eta=0:15:54
    losses | total=8.6993e+00 | fourier=8.6993e+00 | amplitude=2.3868e-02 | phase=7.1645e-03 | support=6.7384e+00
2026-08-24 23:49:00 | INFO    | TRAIN | epoch=001/100 | batch=00100/01563 (  6.40%) | lr=1.000e-03 | elapsed=0:01:01 | eta=0:15:04
    losses | total=8.3056e+00 | fourier=8.3056e+00 | amplitude=1.9657e-02 | phase=5.3033e-03 | support=6.7181e+00
2026-08-24 23:49:30 | INFO    | TRAIN | epoch=001/100 | batch=00150/01563 (  9.60%) | lr=1.000e-03 | elapsed=0:01:32 | eta=0:14:27
    losses | total=8.1349e+00 | fourier=8.1349e+00 | amplitude=1.7422e-02 | phase=4.0889e-03 | support=6.7571e+00
2026-08-24 23:50:00 | INFO    | TRAIN | epoch=001/100 | batch=00200/01563 ( 12.80%) | lr=1.000e-03 | elapsed=0:02:02 | eta=0:13:54
    losses | total=8.4896e+00 | fourier=8.4896e+00 | amplitude=1.8618e-02 | phase=3.1807e-03 | support=6.8173e+00
2026-08-24 23:50:31 | INFO    | TRAIN | epoch=001/100 | batch=00250/01563 ( 15.99%) | lr=1.000e-03 | elapsed=0:02:32 | eta=0:13:22
    losses | total=8.3035e+00 | fourier=8.3035e+00 | amplitude=1.8317e-02 | phase=3.0509e-03 | support=6.7915e+00
2026-08-24 23:51:01 | INFO    | TRAIN | epoch=001/100 | batch=00300/01563 ( 19.19%) | lr=1.000e-03 | elapsed=0:03:03 | eta=0:12:51
    losses | total=8.6243e+00 | fourier=8.6243e+00 | amplitude=1.9578e-02 | phase=2.6069e-03 | support=6.8419e+00
2026-08-24 23:51:32 | INFO    | TRAIN | epoch=001/100 | batch=00350/01563 ( 22.39%) | lr=1.000e-03 | elapsed=0:03:33 | eta=0:12:21
    losses | total=8.1311e+00 | fourier=8.1311e+00 | amplitude=1.8723e-02 | phase=2.6867e-03 | support=6.8484e+00
2026-08-24 23:52:02 | INFO    | TRAIN | epoch=001/100 | batch=00400/01563 ( 25.59%) | lr=1.000e-03 | elapsed=0:04:04 | eta=0:11:49
    losses | total=8.5864e+00 | fourier=8.5864e+00 | amplitude=2.1517e-02 | phase=3.0598e-03 | support=6.8050e+00
2026-08-24 23:52:32 | INFO    | TRAIN | epoch=001/100 | batch=00450/01563 ( 28.79%) | lr=1.000e-03 | elapsed=0:04:34 | eta=0:11:18
    losses | total=8.4883e+00 | fourier=8.4883e+00 | amplitude=1.8432e-02 | phase=2.1956e-03 | support=6.8108e+00
2026-08-24 23:53:02 | INFO    | TRAIN | epoch=001/100 | batch=00500/01563 ( 31.99%) | lr=1.000e-03 | elapsed=0:05:04 | eta=0:10:47
    losses | total=8.2378e+00 | fourier=8.2378e+00 | amplitude=1.8300e-02 | phase=2.3060e-03 | support=6.8433e+00
2026-08-24 23:53:32 | INFO    | TRAIN | epoch=001/100 | batch=00550/01563 ( 35.19%) | lr=1.000e-03 | elapsed=0:05:34 | eta=0:10:16
    losses | total=8.6120e+00 | fourier=8.6120e+00 | amplitude=1.9055e-02 | phase=2.3304e-03 | support=6.8084e+00
